
[1m[46m RUN [49m[22m [36mv4.0.18 [39m[90mC:/Users/David/OneDrive/Desktop/PROYECTO MASTER IA/Verity-News[39m

[90mstdout[2m | backend/src/application/use-cases/ingest-news.usecase.spec.ts[2m > [22m[2mIngestNewsUseCase[2m > [22m[2mSuccessful ingestion scenarios[2m > [22m[2mshould ingest new articles successfully
[22m[39m­ƒôÑ Ingesta: Recibidos 2 art├¡culos, procesando 2 (l├¡mite: 5)

[90mstdout[2m | backend/src/application/use-cases/ingest-news.usecase.spec.ts[2m > [22m[2mIngestNewsUseCase[2m > [22m[2mSuccessful ingestion scenarios[2m > [22m[2mshould handle duplicate articles correctly
[22m[39m­ƒôÑ Ingesta: Recibidos 2 art├¡culos, procesando 2 (l├¡mite: 5)

[90mstdout[2m | backend/src/application/use-cases/ingest-news.usecase.spec.ts[2m > [22m[2mIngestNewsUseCase[2m > [22m[2mSuccessful ingestion scenarios[2m > [22m[2mshould handle empty results from API
[22m[39m­ƒôÑ Ingesta: Recibidos 0 art├¡culos, procesando 0 (l├¡mite: 5)

[90mstdout[2m | backend/src/application/use-cases/ingest-news.usecase.spec.ts[2m > [22m[2mIngestNewsUseCase[2m > [22m[2mSuccessful ingestion scenarios[2m > [22m[2mshould use default language when not provided
[22m[39m­ƒôÑ Ingesta: Recibidos 2 art├¡culos, procesando 2 (l├¡mite: 5)

[90mstdout[2m | backend/src/application/use-cases/ingest-news.usecase.spec.ts[2m > [22m[2mIngestNewsUseCase[2m > [22m[2mSuccessful ingestion scenarios[2m > [22m[2mshould use default pageSize when not provided
[22m[39m­ƒôÑ Ingesta: Recibidos 2 art├¡culos, procesando 2 (l├¡mite: 5)

[90mstdout[2m | backend/src/application/use-cases/ingest-news.usecase.spec.ts[2m > [22m[2mIngestNewsUseCase[2m > [22m[2mSuccessful ingestion scenarios[2m > [22m[2mshould normalize English categories to Spanish
[22m[39m­ƒôÑ Ingesta: Recibidos 2 art├¡culos, procesando 2 (l├¡mite: 5)

[90mstdout[2m | backend/src/application/use-cases/ingest-news.usecase.spec.ts[2m > [22m[2mIngestNewsUseCase[2m > [22m[2mValidation scenarios[2m > [22m[2mshould accept all valid Spanish categories
[22m[39m­ƒôÑ Ingesta: Recibidos 2 art├¡culos, procesando 2 (l├¡mite: 5)

[90mstdout[2m | backend/src/application/use-cases/ingest-news.usecase.spec.ts[2m > [22m[2mIngestNewsUseCase[2m > [22m[2mValidation scenarios[2m > [22m[2mshould accept English categories (backwards compatibility)
[22m[39m­ƒôÑ Ingesta: Recibidos 2 art├¡culos, procesando 2 (l├¡mite: 5)

[90mstdout[2m | backend/src/application/use-cases/ingest-news.usecase.spec.ts[2m > [22m[2mIngestNewsUseCase[2m > [22m[2mError handling scenarios[2m > [22m[2mshould handle repository errors gracefully
[22m[39m­ƒôÑ Ingesta: Recibidos 2 art├¡culos, procesando 2 (l├¡mite: 5)

[90mstdout[2m | backend/src/application/use-cases/ingest-news.usecase.spec.ts[2m > [22m[2mIngestNewsUseCase[2m > [22m[2mError handling scenarios[2m > [22m[2mshould not fail if metadata recording fails
[22m[39m­ƒôÑ Ingesta: Recibidos 2 art├¡culos, procesando 2 (l├¡mite: 5)

node.exe : [90mstderr[2m | backend/src/application/us
e-cases/ingest-news.usecase.spec.ts[2m > 
[22m[2mIngestNewsUseCase[2m > [22m[2mError 
handling scenarios[2m > [22m[2mshould not fail if 
metadata recording fails
En línea: 1 Carácter: 1
+ & "C:\Program Files\nodejs/node.exe" "C:\Program 
Files\nodejs/node_mo ...
+ ~~~~~~~~~~~~~~~~~~~~~~~~~~~~~~~~~~~~~~~~~~~~~~~~~~~~~
~~~~~~~~~~~~~~~~
    + CategoryInfo          : NotSpecified: ([90mstde 
   rr[2m...recording fails:String) [], RemoteExcepti  
  on
    + FullyQualifiedErrorId : NativeCommandError
 
[22m[39mFailed to record ingestion metadata: Error: 
Metadata DB error
    at C:/Users/David/OneDrive/Desktop/PROYECTO MASTER 
IA/Verity-News/backend/src/application/use-cases/ingest
-news.usecase.spec.ts:350:9
    at [90mfile:///C:/Users/David/OneDrive/Desktop/PRO
YECTO%20MASTER%20IA/Verity-News/[39mnode_modules/[4m@
vitest/runner[24m/dist/index.js:145:11
    at [90mfile:///C:/Users/David/OneDrive/Desktop/PRO
YECTO%20MASTER%20IA/Verity-News/[39mnode_modules/[4m@
vitest/runner[24m/dist/index.js:915:26
    at [90mfile:///C:/Users/David/OneDrive/Desktop/PRO
YECTO%20MASTER%20IA/Verity-News/[39mnode_modules/[4m@
vitest/runner[24m/dist/index.js:1243:20
    at new Promise (<anonymous>)
    at runWithTimeout [90m(file:///C:/Users/David/OneD
rive/Desktop/PROYECTO%20MASTER%20IA/Verity-News/[39mno
de_modules/[4m@vitest/runner[24m/dist/index.js:1209:1
0[90m)[39m
    at [90mfile:///C:/Users/David/OneDrive/Desktop/PRO
YECTO%20MASTER%20IA/Verity-News/[39mnode_modules/[4m@
vitest/runner[24m/dist/index.js:1653:37
    at Traces.$ [90m(file:///C:/Users/David/OneDrive/D
esktop/PROYECTO%20MASTER%20IA/Verity-News/[39mnode_mod
ules/[4mvitest[24m/dist/chunks/traces.CCmnQaNT.js:142
:27[90m)[39m
    at trace [90m(file:///C:/Users/David/OneDrive/Desk
top/PROYECTO%20MASTER%20IA/Verity-News/[39mnode_module
s/[4mvitest[24m/dist/chunks/test.B8ej_ZHS.js:239:21[
90m)[39m
    at runTest [90m(file:///C:/Users/David/OneDrive/De
sktop/PROYECTO%20MASTER%20IA/Verity-News/[39mnode_modu
les/[4m@vitest/runner[24m/dist/index.js:1653:12[90m)
[39m

[90mstdout[2m | backend/src/application/use-cases/ingest-news.usecase.spec.ts[2m > [22m[2mIngestNewsUseCase[2m > [22m[2mError handling scenarios[2m > [22m[2mshould track partial errors when some articles fail to process
[22m[39m­ƒôÑ Ingesta: Recibidos 2 art├¡culos, procesando 2 (l├¡mite: 5)

[90mstdout[2m | backend/src/application/use-cases/ingest-news.usecase.spec.ts[2m > [22m[2mIngestNewsUseCase[2m > [22m[2mEdge cases[2m > [22m[2mshould handle articles with missing title
[22m[39m­ƒôÑ Ingesta: Recibidos 1 art├¡culos, procesando 1 (l├¡mite: 5)

[90mstdout[2m | backend/src/application/use-cases/ingest-news.usecase.spec.ts[2m > [22m[2mIngestNewsUseCase[2m > [22m[2mEdge cases[2m > [22m[2mshould handle null/undefined optional fields
[22m[39m­ƒôÑ Ingesta: Recibidos 1 art├¡culos, procesando 1 (l├¡mite: 5)

[90mstdout[2m | backend/src/application/use-cases/ingest-news.usecase.spec.ts[2m > [22m[2mIngestNewsUseCase[2m > [22m[2mEdge cases[2m > [22m[2mshould save category from request when provided
[22m[39m­ƒôÑ Ingesta: Recibidos 2 art├¡culos, procesando 2 (l├¡mite: 5)

[90mstdout[2m | backend/src/application/use-cases/ingest-news.usecase.spec.ts[2m > [22m[2mIngestNewsUseCase[2m > [22m[2mEdge cases[2m > [22m[2mshould save category from query when category not provided
[22m[39m­ƒôÑ Ingesta: Recibidos 2 art├¡culos, procesando 2 (l├¡mite: 5)

 [31m├ù[39m backend/src/application/use-cases/ingest-news.usecase.spec.ts[2m > [22mIngestNewsUseCase[2m > [22mSuccessful ingestion scenarios[2m > [22mshould ingest new articles successfully[32m 8[2mms[22m[39m
[31m   ÔåÆ Cannot read properties of undefined (reading 'findMany')[39m
 [31m├ù[39m backend/src/application/use-cases/ingest-news.usecase.spec.ts[2m > [22mIngestNewsUseCase[2m > [22mSuccessful ingestion scenarios[2m > [22mshould handle duplicate articles correctly[32m 1[2mms[22m[39m
[31m   ÔåÆ Cannot read properties of undefined (reading 'findMany')[39m
 [32mÔ£ô[39m backend/src/application/use-cases/ingest-news.usecase.spec.ts[2m > [22mIngestNewsUseCase[2m > [22mSuccessful ingestion scenarios[2m > [22mshould handle empty results from API[32m 1[2mms[22m[39m
 [31m├ù[39m backend/src/application/use-cases/ingest-news.usecase.spec.ts[2m > [22mIngestNewsUseCase[2m > [22mSuccessful ingestion scenarios[2m > [22mshould use default language when not provided[32m 1[2mms[22m[39m
[31m   ÔåÆ Cannot read properties of undefined (reading 'findMany')[39m
 [31m├ù[39m backend/src/application/use-cases/ingest-news.usecase.spec.ts[2m > [22mIngestNewsUseCase[2m > [22mSuccessful ingestion scenarios[2m > [22mshould use default pageSize when not provided[32m 1[2mms[22m[39m
[31m   ÔåÆ Cannot read properties of undefined (reading 'findMany')[39m
 [31m├ù[39m backend/src/application/use-cases/ingest-news.usecase.spec.ts[2m > [22mIngestNewsUseCase[2m > [22mSuccessful ingestion scenarios[2m > [22mshould normalize English categories to Spanish[32m 1[2mms[22m[39m
[31m   ÔåÆ Cannot read properties of undefined (reading 'findMany')[39m
 [32mÔ£ô[39m backend/src/application/use-cases/ingest-news.usecase.spec.ts[2m > [22mIngestNewsUseCase[2m > [22mValidation scenarios[2m > [22mshould reject invalid pageSize (too small)[32m 2[2mms[22m[39m
 [32mÔ£ô[39m backend/src/application/use-cases/ingest-news.usecase.spec.ts[2m > [22mIngestNewsUseCase[2m > [22mValidation scenarios[2m > [22mshould reject invalid pageSize (too large)[32m 1[2mms[22m[39m
 [32mÔ£ô[39m backend/src/application/use-cases/ingest-news.usecase.spec.ts[2m > [22mIngestNewsUseCase[2m > [22mValidation scenarios[2m > [22mshould reject invalid language format[32m 0[2mms[22m[39m
 [32mÔ£ô[39m backend/src/application/use-cases/ingest-news.usecase.spec.ts[2m > [22mIngestNewsUseCase[2m > [22mValidation scenarios[2m > [22mshould reject invalid category[32m 1[2mms[22m[39m
 [31m├ù[39m backend/src/application/use-cases/ingest-news.usecase.spec.ts[2m > [22mIngestNewsUseCase[2m > [22mValidation scenarios[2m > [22mshould accept all valid Spanish categories[32m 1[2mms[22m[39m
[31m   ÔåÆ Cannot read properties of undefined (reading 'findMany')[39m
 [31m├ù[39m backend/src/application/use-cases/ingest-news.usecase.spec.ts[2m > [22mIngestNewsUseCase[2m > [22mValidation scenarios[2m > [22mshould accept English categories (backwards compatibility)[32m 1[2mms[22m[39m
[31m   ÔåÆ Cannot read properties of undefined (reading 'findMany')[39m
 [32mÔ£ô[39m backend/src/application/use-cases/ingest-news.usecase.spec.ts[2m > [22mIngestNewsUseCase[2m > [22mError handling scenarios[2m > [22mshould handle API errors and record failure metadata[32m 3[2mms[22m[39m
 [31m├ù[39m backend/src/application/use-cases/ingest-news.usecase.spec.ts[2m > [22mIngestNewsUseCase[2m > [22mError handling scenarios[2m > [22mshould handle repository errors gracefully[32m 5[2mms[22m[39m
[31m   ÔåÆ expected [Function] to throw error including 'Database connection failed' but got 'Cannot read properties of undefined (ÔÇª'[39m
 [31m├ù[39m backend/src/application/use-cases/ingest-news.usecase.spec.ts[2m > [22mIngestNewsUseCase[2m > [22mError handling scenarios[2m > [22mshould not fail if metadata recording fails[32m 2[2mms[22m[39m
[31m   ÔåÆ Cannot read properties of undefined (reading 'findMany')[39m
 [31m├ù[39m backend/src/application/use-cases/ingest-news.usecase.spec.ts[2m > [22mIngestNewsUseCase[2m > [22mError handling scenarios[2m > [22mshould track partial errors when some articles fail to process[32m 1[2mms[22m[39m
[31m   ÔåÆ Cannot read properties of undefined (reading 'findMany')[39m
 [31m├ù[39m backend/src/application/use-cases/ingest-news.usecase.spec.ts[2m > [22mIngestNewsUseCase[2m > [22mEdge cases[2m > [22mshould handle articles with missing title[32m 1[2mms[22m[39m
[31m   ÔåÆ Cannot read properties of undefined (reading 'findMany')[39m
 [31m├ù[39m backend/src/application/use-cases/ingest-news.usecase.spec.ts[2m > [22mIngestNewsUseCase[2m > [22mEdge cases[2m > [22mshould handle null/undefined optional fields[32m 1[2mms[22m[39m
[31m   ÔåÆ Cannot read properties of undefined (reading 'findMany')[39m
 [31m├ù[39m backend/src/application/use-cases/ingest-news.usecase.spec.ts[2m > [22mIngestNewsUseCase[2m > [22mEdge cases[2m > [22mshould save category from request when provided[32m 1[2mms[22m[39m
[31m   ÔåÆ Cannot read properties of undefined (reading 'findMany')[39m
 [31m├ù[39m backend/src/application/use-cases/ingest-news.usecase.spec.ts[2m > [22mIngestNewsUseCase[2m > [22mEdge cases[2m > [22mshould save category from query when category not provided[32m 1[2mms[22m[39m
[31m   ÔåÆ Cannot read properties of undefined (reading 'findMany')[39m
[90mstdout[2m | backend/src/application/use-cases/analyze-article.usecase.spec.ts[2m > [22m[2mAnalyzeArticleUseCase[2m > [22m[2mexecute - single article analysis[2m > [22m[2mshould analyze an article without existing content
[22m[39m
­ƒöì [An├ílisis] Iniciando noticia: "Test Article Title"
   ­ƒîÉ Scraping contenido con Jina Reader (URL: https://example.com/test-article)...

[90mstdout[2m | backend/src/application/use-cases/analyze-article.usecase.spec.ts[2m > [22m[2mAnalyzeArticleUseCase[2m > [22m[2mexecute - single article analysis[2m > [22m[2mshould analyze an article without existing content
[22m[39m   Ô£à Scraping OK (114 caracteres).

[90mstdout[2m | backend/src/application/use-cases/analyze-article.usecase.spec.ts[2m > [22m[2mAnalyzeArticleUseCase[2m > [22m[2mexecute - single article analysis[2m > [22m[2mshould analyze an article without existing content
[22m[39m   ­ƒû╝´©Å  Art├¡culo ya tiene imagen.
   ­ƒºá Enviando a Gemini para an├ílisis de sesgo...

[90mstdout[2m | backend/src/application/use-cases/analyze-article.usecase.spec.ts[2m > [22m[2mAnalyzeArticleUseCase[2m > [22m[2mexecute - single article analysis[2m > [22m[2mshould analyze an article without existing content
[22m[39m   Ô£à Gemini OK. Score: 0.3 | Summary: This is a test summary of the ...
   Ô¡É Auto-favorito activado.

[90mstderr[2m | backend/src/application/use-cases/ana
lyze-article.usecase.spec.ts[2m > 
[22m[2mAnalyzeArticleUseCase[2m > [22m[2mexecute 
- single article analysis[2m > [22m[2mshould 
analyze an article without existing content
[22m[39m   ÔÜá´©Å Indexaci├│n ChromaDB fall├│ 
(an├ílisis completado): 
this.geminiClient.generateEmbedding is not a function

[90mstdout[2m | backend/src/application/use-cases/analyze-article.usecase.spec.ts[2m > [22m[2mAnalyzeArticleUseCase[2m > [22m[2mexecute - single article analysis[2m > [22m[2mshould analyze an article without existing content
[22m[39m   ­ƒöù Indexando en ChromaDB...

[90mstdout[2m | backend/src/application/use-cases/analyze-article.usecase.spec.ts[2m > [22m[2mAnalyzeArticleUseCase[2m > [22m[2mexecute - single article analysis[2m > [22m[2mshould analyze an article with existing content (skip scraping)
[22m[39m
­ƒöì [An├ílisis] Iniciando noticia: "Test Article Title"
   ­ƒôé Usando contenido existente en DB.
   ­ƒû╝´©Å  Art├¡culo ya tiene imagen.
   ­ƒºá Enviando a Gemini para an├ílisis de sesgo...

[90mstdout[2m | backend/src/application/use-cases/analyze-article.usecase.spec.ts[2m > [22m[2mAnalyzeArticleUseCase[2m > [22m[2mexecute - single article analysis[2m > [22m[2mshould analyze an article with existing content (skip scraping)
[22m[39m   Ô£à Gemini OK. Score: 0.3 | Summary: This is a test summary of the ...
   Ô¡É Auto-favorito activado.

[90mstdout[2m | backend/src/application/use-cases/analyze-article.usecase.spec.ts[2m > [22m[2mAnalyzeArticleUseCase[2m > [22m[2mexecute - single article analysis[2m > [22m[2mshould analyze an article with existing content (skip scraping)
[22m[39m   ­ƒöù Indexando en ChromaDB...

[90mstderr[2m | backend/src/application/use-cases/ana
lyze-article.usecase.spec.ts[2m > 
[22m[2mAnalyzeArticleUseCase[2m > [22m[2mexecute 
- single article analysis[2m > [22m[2mshould 
analyze an article with existing content (skip 
scraping)
[22m[39m   ÔÜá´©Å Indexaci├│n ChromaDB fall├│ 
(an├ílisis completado): 
this.geminiClient.generateEmbedding is not a function
[90mstdout[2m | backend/src/application/use-cases/analyze-article.usecase.spec.ts[2m > [22m[2mAnalyzeArticleUseCase[2m > [22m[2mexecute - single article analysis[2m > [22m[2mshould scrape content if existing content is too short
[22m[39m
­ƒöì [An├ílisis] Iniciando noticia: "Test Article Title"
   ­ƒîÉ Scraping contenido con Jina Reader (URL: https://example.com/test-article)...

[90mstdout[2m | backend/src/application/use-cases/analyze-article.usecase.spec.ts[2m > [22m[2mAnalyzeArticleUseCase[2m > [22m[2mexecute - single article analysis[2m > [22m[2mshould scrape content if existing content is too short
[22m[39m   Ô£à Scraping OK (114 caracteres).

[90mstdout[2m | backend/src/application/use-cases/analyze-article.usecase.spec.ts[2m > [22m[2mAnalyzeArticleUseCase[2m > [22m[2mexecute - single article analysis[2m > [22m[2mshould scrape content if existing content is too short
[22m[39m   ­ƒû╝´©Å  Art├¡culo ya tiene imagen.
   ­ƒºá Enviando a Gemini para an├ílisis de sesgo...

[90mstdout[2m | backend/src/application/use-cases/analyze-article.usecase.spec.ts[2m > [22m[2mAnalyzeArticleUseCase[2m > [22m[2mexecute - single article analysis[2m > [22m[2mshould scrape content if existing content is too short
[22m[39m   Ô£à Gemini OK. Score: 0.3 | Summary: This is a test summary of the ...
   Ô¡É Auto-favorito activado.

[90mstdout[2m | backend/src/application/use-cases/analyze-article.usecase.spec.ts[2m > [22m[2mAnalyzeArticleUseCase[2m > [22m[2mexecute - single article analysis[2m > [22m[2mshould scrape content if existing content is too short
[22m[39m   ­ƒöù Indexando en ChromaDB...

[90mstdout[2m | backend/src/application/use-cases/analyze-article.usecase.spec.ts[2m > [22m[2mAnalyzeArticleUseCase[2m > [22m[2mexecute - single article analysis[2m > [22m[2mshould return cached analysis for already analyzed article
[22m[39m
­ƒöì [An├ílisis] Iniciando noticia: "Test Article Title"
   ÔÅ¡´©Å CACHE HIT: An├ílisis ya existe en BD. Gemini NO llamado.

[90mstdout[2m | backend/src/application/use-cases/analyze-article.usecase.spec.ts[2m > [22m[2mAnalyzeArticleUseCase[2m > [22m[2mexecute - single article analysis[2m > [22m[2mshould handle Gemini API errors
[22m[39m
­ƒöì [An├ílisis] Iniciando noticia: "Test Article Title"
   ­ƒôé Usando contenido existente en DB.
   ­ƒû╝´©Å  Art├¡culo ya tiene imagen.
   ­ƒºá Enviando a Gemini para an├ílisis de sesgo...

[90mstderr[2m | backend/src/application/use-cases/ana
lyze-article.usecase.spec.ts[2m > 
[22m[2mAnalyzeArticleUseCase[2m > [22m[2mexecute 
- single article analysis[2m > [22m[2mshould scrape 
content if existing content is too short
[22m[39m   ÔÜá´©Å Indexaci├│n ChromaDB fall├│ 
(an├ílisis completado): 
this.geminiClient.generateEmbedding is not a function

[90mstderr[2m | backend/src/application/use-cases/ana
lyze-article.usecase.spec.ts[2m > 
[22m[2mAnalyzeArticleUseCase[2m > [22m[2mexecute 
- single article analysis[2m > [22m[2mshould handle 
Jina Reader errors
[22m[39m   ÔÜá´©Å Scraping fall├│. Usando FALLBACK 
(t├¡tulo + descripci├│n).
   ƒæë Raz├│n: JinaReader API Error: URL not accessible

[90mstderr[2m | backend/src/application/use-cases/ana
lyze-article.usecase.spec.ts[2m > 
[22m[2mAnalyzeArticleUseCase[2m > [22m[2mexecute 
- single article analysis[2m > [22m[2mshould handle 
Jina Reader errors
[22m[39m   ÔÜá´©Å Indexaci├│n ChromaDB fall├│ 
(an├ílisis completado): 
this.geminiClient.generateEmbedding is not a function

[90mstderr[2m | backend/src/application/use-cases/ana
lyze-article.usecase.spec.ts[2m > 
[22m[2mAnalyzeArticleUseCase[2m > [22m[2mexecute 
- single article analysis[2m > [22m[2mshould wrap 
unknown scraping errors in ExternalAPIError
[22m[39m   ÔÜá´©Å Scraping fall├│. Usando FALLBACK 
(t├¡tulo + descripci├│n).
   ­ƒæë Raz├│n: Network error

[90mstderr[2m | backend/src/application/use-cases/ana
lyze-article.usecase.spec.ts[2m > 
[22m[2mAnalyzeArticleUseCase[2m > [22m[2mexecute 
- single article analysis[2m > [22m[2mshould wrap 
unknown scraping errors in ExternalAPIError
[22m[39m   ÔÜá´©Å Indexaci├│n ChromaDB fall├│ 
(an├ílisis completado): 
this.geminiClient.generateEmbedding is not a function

[90mstderr[2m | backend/src/application/use-cases/ana
lyze-article.usecase.spec.ts[2m > 
[22m[2mAnalyzeArticleUseCase[2m > [22m[2mexecute 
- single article analysis[2m > [22m[2mshould save 
article with scraped content before analysis
[22m[39m   ÔÜá´©Å Indexaci├│n ChromaDB fall├│ 
(an├ílisis completado): 
this.geminiClient.generateEmbedding is not a function


[90mstdout[2m | backend/src/application/use-cases/analyze-article.usecase.spec.ts[2m > [22m[2mAnalyzeArticleUseCase[2m > [22m[2mexecute - single article analysis[2m > [22m[2mshould handle Jina Reader errors
[22m[39m
­ƒöì [An├ílisis] Iniciando noticia: "Test Article Title"
   ­ƒîÉ Scraping contenido con Jina Reader (URL: https://example.com/test-article)...

[90mstdout[2m | backend/src/application/use-cases/analyze-article.usecase.spec.ts[2m > [22m[2mAnalyzeArticleUseCase[2m > [22m[2mexecute - single article analysis[2m > [22m[2mshould handle Jina Reader errors
[22m[39m   ­ƒû╝´©Å  Art├¡culo ya tiene imagen.
   ­ƒºá Enviando a Gemini para an├ílisis de sesgo...

[90mstdout[2m | backend/src/application/use-cases/analyze-article.usecase.spec.ts[2m > [22m[2mAnalyzeArticleUseCase[2m > [22m[2mexecute - single article analysis[2m > [22m[2mshould handle Jina Reader errors
[22m[39m   Ô£à Gemini OK. Score: 0.3 | Summary: This is a test summary of the ...
   Ô¡É Auto-favorito activado.

[90mstdout[2m | backend/src/application/use-cases/analyze-article.usecase.spec.ts[2m > [22m[2mAnalyzeArticleUseCase[2m > [22m[2mexecute - single article analysis[2m > [22m[2mshould handle Jina Reader errors
[22m[39m   ­ƒöù Indexando en ChromaDB...

[90mstdout[2m | backend/src/application/use-cases/analyze-article.usecase.spec.ts[2m > [22m[2mAnalyzeArticleUseCase[2m > [22m[2mexecute - single article analysis[2m > [22m[2mshould wrap unknown scraping errors in ExternalAPIError
[22m[39m
­ƒöì [An├ílisis] Iniciando noticia: "Test Article Title"
   ­ƒîÉ Scraping contenido con Jina Reader (URL: https://example.com/test-article)...

[90mstdout[2m | backend/src/application/use-cases/analyze-article.usecase.spec.ts[2m > [22m[2mAnalyzeArticleUseCase[2m > [22m[2mexecute - single article analysis[2m > [22m[2mshould wrap unknown scraping errors in ExternalAPIError
[22m[39m   ­ƒû╝´©Å  Art├¡culo ya tiene imagen.
   ­ƒºá Enviando a Gemini para an├ílisis de sesgo...

[90mstdout[2m | backend/src/application/use-cases/analyze-article.usecase.spec.ts[2m > [22m[2mAnalyzeArticleUseCase[2m > [22m[2mexecute - single article analysis[2m > [22m[2mshould wrap unknown scraping errors in ExternalAPIError
[22m[39m   Ô£à Gemini OK. Score: 0.3 | Summary: This is a test summary of the ...
   Ô¡É Auto-favorito activado.

[90mstdout[2m | backend/src/application/use-cases/analyze-article.usecase.spec.ts[2m > [22m[2mAnalyzeArticleUseCase[2m > [22m[2mexecute - single article analysis[2m > [22m[2mshould wrap unknown scraping errors in ExternalAPIError
[22m[39m   ­ƒöù Indexando en ChromaDB...

[90mstdout[2m | backend/src/application/use-cases/analyze-article.usecase.spec.ts[2m > [22m[2mAnalyzeArticleUseCase[2m > [22m[2mexecute - single article analysis[2m > [22m[2mshould save article with scraped content before analysis
[22m[39m
­ƒöì [An├ílisis] Iniciando noticia: "Test Article Title"
   ­ƒîÉ Scraping contenido con Jina Reader (URL: https://example.com/test-article)...

[90mstdout[2m | backend/src/application/use-cases/analyze-article.usecase.spec.ts[2m > [22m[2mAnalyzeArticleUseCase[2m > [22m[2mexecute - single article analysis[2m > [22m[2mshould save article with scraped content before analysis
[22m[39m   Ô£à Scraping OK (114 caracteres).

[90mstdout[2m | backend/src/application/use-cases/analyze-article.usecase.spec.ts[2m > [22m[2mAnalyzeArticleUseCase[2m > [22m[2mexecute - single article analysis[2m > [22m[2mshould save article with scraped content before analysis
[22m[39m   ­ƒû╝´©Å  Art├¡culo ya tiene imagen.
   ­ƒºá Enviando a Gemini para an├ílisis de sesgo...

[90mstdout[2m | backend/src/application/use-cases/analyze-article.usecase.spec.ts[2m > [22m[2mAnalyzeArticleUseCase[2m > [22m[2mexecute - single article analysis[2m > [22m[2mshould save article with scraped content before analysis
[22m[39m   Ô£à Gemini OK. Score: 0.3 | Summary: This is a test summary of the ...
   Ô¡É Auto-favorito activado.

[90mstdout[2m | backend/src/application/use-cases/analyze-article.usecase.spec.ts[2m > [22m[2mAnalyzeArticleUseCase[2m > [22m[2mexecute - single article analysis[2m > [22m[2mshould save article with scraped content before analysis
[22m[39m   ­ƒöù Indexando en ChromaDB...

[90mstdout[2m | backend/src/application/use-cases/analyze-article.usecase.spec.ts[2m > [22m[2mAnalyzeArticleUseCase[2m > [22m[2mexecute - single article analysis[2m > [22m[2mshould persist analysis results to repository
[22m[39m
­ƒöì [An├ílisis] Iniciando noticia: "Test Article Title"
   ­ƒôé Usando contenido existente en DB.
   ­ƒû╝´©Å  Art├¡culo ya tiene imagen.
   ­ƒºá Enviando a Gemini para an├ílisis de sesgo...

[90mstdout[2m | backend/src/application/use-cases/analyze-article.usecase.spec.ts[2m > [22m[2mAnalyzeArticleUseCase[2m > [22m[2mexecute - single article analysis[2m > [22m[2mshould persist analysis results to repository
[22m[39m   Ô£à Gemini OK. Score: 0.3 | Summary: This is a test summary of the ...
   Ô¡É Auto-favorito activado.

[90mstdout[2m | backend/src/application/use-cases/analyze-article.usecase.spec.ts[2m > [22m[2mAnalyzeArticleUseCase[2m > [22m[2mexecute - single article analysis[2m > [22m[2mshould persist analysis results to repository
[22m[39m   ­ƒöù Indexando en ChromaDB...

[90mstderr[2m | backend/src/application/use-cases/ana
lyze-article.usecase.spec.ts[2m > 
[22m[2mAnalyzeArticleUseCase[2m > [22m[2mexecute 
- single article analysis[2m > [22m[2mshould 
persist analysis results to repository
[22m[39m   ÔÜá´©Å Indexaci├│n ChromaDB fall├│ 
(an├ílisis completado): 
this.geminiClient.generateEmbedding is not a function

[90mstdout[2m | backend/src/application/use-cases/analyze-article.usecase.spec.ts[2m > [22m[2mAnalyzeArticleUseCase[2m > [22m[2mexecuteBatch - batch analysis[2m > [22m[2mshould process multiple unanalyzed articles
[22m[39m­ƒôï [Batch] Encontradas 3 noticias pendientes.

[90mstdout[2m | backend/src/application/use-cases/analyze-article.usecase.spec.ts[2m > [22m[2mAnalyzeArticleUseCase[2m > [22m[2mexecuteBatch - batch analysis[2m > [22m[2mshould process multiple unanalyzed articles
[22m[39m
­ƒöì [An├ílisis] Iniciando noticia: "Test Article Title"
   ­ƒôé Usando contenido existente en DB.
   ­ƒû╝´©Å  Art├¡culo ya tiene imagen.
   ­ƒºá Enviando a Gemini para an├ílisis de sesgo...

[90mstdout[2m | backend/src/application/use-cases/analyze-article.usecase.spec.ts[2m > [22m[2mAnalyzeArticleUseCase[2m > [22m[2mexecuteBatch - batch analysis[2m > [22m[2mshould process multiple unanalyzed articles
[22m[39m   Ô£à Gemini OK. Score: 0.3 | Summary: This is a test summary of the ...
   Ô¡É Auto-favorito activado.

[90mstdout[2m | backend/src/application/use-cases/analyze-article.usecase.spec.ts[2m > [22m[2mAnalyzeArticleUseCase[2m > [22m[2mexecuteBatch - batch analysis[2m > [22m[2mshould process multiple unanalyzed articles
[22m[39m   ­ƒöù Indexando en ChromaDB...

[90mstderr[2m | backend/src/application/use-cases/ana
lyze-article.usecase.spec.ts[2m > 
[22m[2mAnalyzeArticleUseCase[2m > 
[22m[2mexecuteBatch - batch analysis[2m > 
[22m[2mshould process multiple unanalyzed articles
[22m[39m   ÔÜá´©Å Indexaci├│n ChromaDB fall├│ 
(an├ílisis completado): 
this.geminiClient.generateEmbedding is not a function

[90mstdout[2m | backend/src/application/use-cases/analyze-article.usecase.spec.ts[2m > [22m[2mAnalyzeArticleUseCase[2m > [22m[2mexecuteBatch - batch analysis[2m > [22m[2mshould process multiple unanalyzed articles
[22m[39m
­ƒöì [An├ílisis] Iniciando noticia: "Test Article Title"
   ­ƒôé Usando contenido existente en DB.
   ­ƒû╝´©Å  Art├¡culo ya tiene imagen.
   ­ƒºá Enviando a Gemini para an├ílisis de sesgo...

[90mstdout[2m | backend/src/application/use-cases/analyze-article.usecase.spec.ts[2m > [22m[2mAnalyzeArticleUseCase[2m > [22m[2mexecuteBatch - batch analysis[2m > [22m[2mshould process multiple unanalyzed articles
[22m[39m   Ô£à Gemini OK. Score: 0.3 | Summary: This is a test summary of the ...
   Ô¡É Auto-favorito activado.

[90mstdout[2m | backend/src/application/use-cases/analyze-article.usecase.spec.ts[2m > [22m[2mAnalyzeArticleUseCase[2m > [22m[2mexecuteBatch - batch analysis[2m > [22m[2mshould process multiple unanalyzed articles
[22m[39m   ­ƒöù Indexando en ChromaDB...

[90mstderr[2m | backend/src/application/use-cases/ana
lyze-article.usecase.spec.ts[2m > 
[22m[2mAnalyzeArticleUseCase[2m > 
[22m[2mexecuteBatch - batch analysis[2m > 
[22m[2mshould process multiple unanalyzed articles
[22m[39m   ÔÜá´©Å Indexaci├│n ChromaDB fall├│ 
(an├ílisis completado): 
this.geminiClient.generateEmbedding is not a function

[90mstdout[2m | backend/src/application/use-cases/analyze-article.usecase.spec.ts[2m > [22m[2mAnalyzeArticleUseCase[2m > [22m[2mexecuteBatch - batch analysis[2m > [22m[2mshould process multiple unanalyzed articles
[22m[39m
­ƒöì [An├ílisis] Iniciando noticia: "Test Article Title"
   ­ƒôé Usando contenido existente en DB.
   ­ƒû╝´©Å  Art├¡culo ya tiene imagen.
   ­ƒºá Enviando a Gemini para an├ílisis de sesgo...

[90mstdout[2m | backend/src/application/use-cases/analyze-article.usecase.spec.ts[2m > [22m[2mAnalyzeArticleUseCase[2m > [22m[2mexecuteBatch - batch analysis[2m > [22m[2mshould process multiple unanalyzed articles
[22m[39m   Ô£à Gemini OK. Score: 0.3 | Summary: This is a test summary of the ...
   Ô¡É Auto-favorito activado.

[90mstdout[2m | backend/src/application/use-cases/analyze-article.usecase.spec.ts[2m > [22m[2mAnalyzeArticleUseCase[2m > [22m[2mexecuteBatch - batch analysis[2m > [22m[2mshould process multiple unanalyzed articles
[22m[39m   ­ƒöù Indexando en ChromaDB...

[90mstderr[2m | backend/src/application/use-cases/ana
lyze-article.usecase.spec.ts[2m > 
[22m[2mAnalyzeArticleUseCase[2m > 
[22m[2mexecuteBatch - batch analysis[2m > 
[22m[2mshould process multiple unanalyzed articles
[22m[39m   ÔÜá´©Å Indexaci├│n ChromaDB fall├│ 
(an├ílisis completado): 
this.geminiClient.generateEmbedding is not a function

[90mstderr[2m | backend/src/application/use-cases/ana
lyze-article.usecase.spec.ts[2m > 
[22m[2mAnalyzeArticleUseCase[2m > 
[22m[2mexecuteBatch - batch analysis[2m > 
[22m[2mshould respect batch limit
[22m[39m   ÔÜá´©Å Indexaci├│n ChromaDB fall├│ 
(an├ílisis completado): 
this.geminiClient.generateEmbedding is not a function

[90mstderr[2m | backend/src/application/use-cases/ana
lyze-article.usecase.spec.ts[2m > 
[22m[2mAnalyzeArticleUseCase[2m > 
[22m[2mexecuteBatch - batch analysis[2m > 
[22m[2mshould respect batch limit
[22m[39m   ÔÜá´©Å Indexaci├│n ChromaDB fall├│ 
(an├ílisis completado): 
this.geminiClient.generateEmbedding is not a function

[90mstderr[2m | backend/src/application/use-cases/ana
lyze-article.usecase.spec.ts[2m > 
[22m[2mAnalyzeArticleUseCase[2m > 
[22m[2mexecuteBatch - batch analysis[2m > 
[22m[2mshould handle partial failures in batch
[22m[39m   ÔÜá´©Å Indexaci├│n ChromaDB fall├│ 
(an├ílisis completado): 
this.geminiClient.generateEmbedding is not a function

[90mstdout[2m | backend/src/application/use-cases/analyze-article.usecase.spec.ts[2m > [22m[2mAnalyzeArticleUseCase[2m > [22m[2mexecuteBatch - batch analysis[2m > [22m[2mshould respect batch limit
[22m[39m­ƒôï [Batch] Encontradas 2 noticias pendientes.

[90mstdout[2m | backend/src/application/use-cases/analyze-article.usecase.spec.ts[2m > [22m[2mAnalyzeArticleUseCase[2m > [22m[2mexecuteBatch - batch analysis[2m > [22m[2mshould respect batch limit
[22m[39m
­ƒöì [An├ílisis] Iniciando noticia: "Test Article Title"
   ­ƒôé Usando contenido existente en DB.
   ­ƒû╝´©Å  Art├¡culo ya tiene imagen.
   ­ƒºá Enviando a Gemini para an├ílisis de sesgo...

[90mstdout[2m | backend/src/application/use-cases/analyze-article.usecase.spec.ts[2m > [22m[2mAnalyzeArticleUseCase[2m > [22m[2mexecuteBatch - batch analysis[2m > [22m[2mshould respect batch limit
[22m[39m   Ô£à Gemini OK. Score: 0.3 | Summary: This is a test summary of the ...
   Ô¡É Auto-favorito activado.

[90mstdout[2m | backend/src/application/use-cases/analyze-article.usecase.spec.ts[2m > [22m[2mAnalyzeArticleUseCase[2m > [22m[2mexecuteBatch - batch analysis[2m > [22m[2mshould respect batch limit
[22m[39m   ­ƒöù Indexando en ChromaDB...

[90mstdout[2m | backend/src/application/use-cases/analyze-article.usecase.spec.ts[2m > [22m[2mAnalyzeArticleUseCase[2m > [22m[2mexecuteBatch - batch analysis[2m > [22m[2mshould respect batch limit
[22m[39m
­ƒöì [An├ílisis] Iniciando noticia: "Test Article Title"
   ­ƒôé Usando contenido existente en DB.
   ­ƒû╝´©Å  Art├¡culo ya tiene imagen.
   ­ƒºá Enviando a Gemini para an├ílisis de sesgo...

[90mstdout[2m | backend/src/application/use-cases/analyze-article.usecase.spec.ts[2m > [22m[2mAnalyzeArticleUseCase[2m > [22m[2mexecuteBatch - batch analysis[2m > [22m[2mshould respect batch limit
[22m[39m   Ô£à Gemini OK. Score: 0.3 | Summary: This is a test summary of the ...
   Ô¡É Auto-favorito activado.

[90mstdout[2m | backend/src/application/use-cases/analyze-article.usecase.spec.ts[2m > [22m[2mAnalyzeArticleUseCase[2m > [22m[2mexecuteBatch - batch analysis[2m > [22m[2mshould respect batch limit
[22m[39m   ­ƒöù Indexando en ChromaDB...

[90mstdout[2m | backend/src/application/use-cases/analyze-article.usecase.spec.ts[2m > [22m[2mAnalyzeArticleUseCase[2m > [22m[2mexecuteBatch - batch analysis[2m > [22m[2mshould handle partial failures in batch
[22m[39m­ƒôï [Batch] Encontradas 3 noticias pendientes.

[90mstdout[2m | backend/src/application/use-cases/analyze-article.usecase.spec.ts[2m > [22m[2mAnalyzeArticleUseCase[2m > [22m[2mexecuteBatch - batch analysis[2m > [22m[2mshould handle partial failures in batch
[22m[39m
­ƒöì [An├ílisis] Iniciando noticia: "Test Article Title"
   ­ƒôé Usando contenido existente en DB.
   ­ƒû╝´©Å  Art├¡culo ya tiene imagen.
   ­ƒºá Enviando a Gemini para an├ílisis de sesgo...

[90mstdout[2m | backend/src/application/use-cases/analyze-article.usecase.spec.ts[2m > [22m[2mAnalyzeArticleUseCase[2m > [22m[2mexecuteBatch - batch analysis[2m > [22m[2mshould handle partial failures in batch
[22m[39m   Ô£à Gemini OK. Score: 0.3 | Summary: This is a test summary of the ...
   Ô¡É Auto-favorito activado.

[90mstdout[2m | backend/src/application/use-cases/analyze-article.usecase.spec.ts[2m > [22m[2mAnalyzeArticleUseCase[2m > [22m[2mexecuteBatch - batch analysis[2m > [22m[2mshould handle partial failures in batch
[22m[39m   ­ƒöù Indexando en ChromaDB...

[90mstdout[2m | backend/src/application/use-cases/analyze-article.usecase.spec.ts[2m > [22m[2mAnalyzeArticleUseCase[2m > [22m[2mexecuteBatch - batch analysis[2m > [22m[2mshould handle partial failures in batch
[22m[39m
­ƒöì [An├ílisis] Iniciando noticia: "Test Article Title"
   ­ƒîÉ Scraping contenido con Jina Reader (URL: https://example.com/test-article)...

[90mstdout[2m | backend/src/application/use-cases/analyze-article.usecase.spec.ts[2m > [22m[2mAnalyzeArticleUseCase[2m > [22m[2mexecuteBatch - batch analysis[2m > [22m[2mshould handle partial failures in batch
[22m[39m   ­ƒû╝´©Å  Art├¡culo ya tiene imagen.
   ­ƒºá Enviando a Gemini para an├ílisis de sesgo...

[90mstdout[2m | backend/src/application/use-cases/analyze-article.usecase.spec.ts[2m > [22m[2mAnalyzeArticleUseCase[2m > [22m[2mexecuteBatch - batch analysis[2m > [22m[2mshould handle partial failures in batch
[22m[39m   Ô£à Gemini OK. Score: 0.3 | Summary: This is a test summary of the ...
   Ô¡É Auto-favorito activado.

[90mstdout[2m | backend/src/application/use-cases/analyze-article.usecase.spec.ts[2m > [22m[2mAnalyzeArticleUseCase[2m > [22m[2mexecuteBatch - batch analysis[2m > [22m[2mshould handle partial failures in batch
[22m[39m   ­ƒöù Indexando en ChromaDB...

[90mstdout[2m | backend/src/application/use-cases/analyze-article.usecase.spec.ts[2m > [22m[2mAnalyzeArticleUseCase[2m > [22m[2mexecuteBatch - batch analysis[2m > [22m[2mshould handle partial failures in batch
[22m[39m
­ƒöì [An├ílisis] Iniciando noticia: "Test Article Title"
   ­ƒôé Usando contenido existente en DB.
   ­ƒû╝´©Å  Art├¡culo ya tiene imagen.
   ­ƒºá Enviando a Gemini para an├ílisis de sesgo...

[90mstdout[2m | backend/src/application/use-cases/analyze-article.usecase.spec.ts[2m > [22m[2mAnalyzeArticleUseCase[2m > [22m[2mexecuteBatch - batch analysis[2m > [22m[2mshould handle partial failures in batch
[22m[39m   Ô£à Gemini OK. Score: 0.3 | Summary: This is a test summary of the ...
   Ô¡É Auto-favorito activado.

[90mstdout[2m | backend/src/application/use-cases/analyze-article.usecase.spec.ts[2m > [22m[2mAnalyzeArticleUseCase[2m > [22m[2mexecuteBatch - batch analysis[2m > [22m[2mshould handle partial failures in batch
[22m[39m   ­ƒöù Indexando en ChromaDB...

[90mstdout[2m | backend/src/application/use-cases/analyze-article.usecase.spec.ts[2m > [22m[2mAnalyzeArticleUseCase[2m > [22m[2mexecuteBatch - batch analysis[2m > [22m[2mshould return empty results when no unanalyzed articles exist
[22m[39m­ƒôï [Batch] Encontradas 0 noticias pendientes.

[90mstdout[2m | backend/src/application/use-cases/analyze-article.usecase.spec.ts[2m > [22m[2mAnalyzeArticleUseCase[2m > [22m[2mexecuteBatch - batch analysis[2m > [22m[2mshould include error messages in failed results
[22m[39m­ƒôï [Batch] Encontradas 1 noticias pendientes.

[90mstdout[2m | backend/src/application/use-cases/analyze-article.usecase.spec.ts[2m > [22m[2mAnalyzeArticleUseCase[2m > [22m[2mexecuteBatch - batch analysis[2m > [22m[2mshould include error messages in failed results
[22m[39m
­ƒöì [An├ílisis] Iniciando noticia: "Test Article Title"
   ­ƒîÉ Scraping contenido con Jina Reader (URL: https://example.com/test-article)...

[90mstdout[2m | backend/src/application/use-cases/analyze-article.usecase.spec.ts[2m > [22m[2mAnalyzeArticleUseCase[2m > [22m[2mexecuteBatch - batch analysis[2m > [22m[2mshould include error messages in failed results
[22m[39m   ­ƒû╝´©Å  Art├¡culo ya tiene imagen.
   ­ƒºá Enviando a Gemini para an├ílisis de sesgo...

[90mstdout[2m | backend/src/application/use-cases/analyze-article.usecase.spec.ts[2m > [22m[2mAnalyzeArticleUseCase[2m > [22m[2mexecuteBatch - batch analysis[2m > [22m[2mshould include error messages in failed results
[22m[39m   Ô£à Gemini OK. Score: 0.3 | Summary: This is a test summary of the ...
   Ô¡É Auto-favorito activado.

[90mstdout[2m | backend/src/application/use-cases/analyze-article.usecase.spec.ts[2m > [22m[2mAnalyzeArticleUseCase[2m > [22m[2mexecuteBatch - batch analysis[2m > [22m[2mshould include error messages in failed results
[22m[39m   ­ƒöù Indexando en ChromaDB...

[90mstdout[2m | backend/src/application/use-cases/analyze-article.usecase.spec.ts[2m > [22m[2mAnalyzeArticleUseCase[2m > [22m[2mEdge cases[2m > [22m[2mshould handle article with malformed analysis JSON
[22m[39m
­ƒöì [An├ílisis] Iniciando noticia: "Test Article Title"
   ­ƒôé Usando contenido existente en DB.
   ­ƒû╝´©Å  Art├¡culo ya tiene imagen.
   ­ƒºá Enviando a Gemini para an├ílisis de sesgo...

[90mstdout[2m | backend/src/application/use-cases/analyze-article.usecase.spec.ts[2m > [22m[2mAnalyzeArticleUseCase[2m > [22m[2mEdge cases[2m > [22m[2mshould handle article with malformed analysis JSON
[22m[39m   Ô£à Gemini OK. Score: 0.3 | Summary: This is a test summary of the ...
   Ô¡É Auto-favorito activado.

[90mstdout[2m | backend/src/application/use-cases/analyze-article.usecase.spec.ts[2m > [22m[2mAnalyzeArticleUseCase[2m > [22m[2mEdge cases[2m > [22m[2mshould handle article with malformed analysis JSON
[22m[39m   ­ƒöù Indexando en ChromaDB...

[90mstdout[2m | backend/src/application/use-cases/analyze-article.usecase.spec.ts[2m > [22m[2mAnalyzeArticleUseCase[2m > [22m[2mEdge cases[2m > [22m[2mshould use article title and metadata in analysis request
[22m[39m
­ƒöì [An├ílisis] Iniciando noticia: "Specific Test Title"
   ­ƒôé Usando contenido existente en DB.
   ­ƒû╝´©Å  Art├¡culo ya tiene imagen.
   ­ƒºá Enviando a Gemini para an├ílisis de sesgo...

[90mstdout[2m | backend/src/application/use-cases/analyze-article.usecase.spec.ts[2m > [22m[2mAnalyzeArticleUseCase[2m > [22m[2mEdge cases[2m > [22m[2mshould use article title and metadata in analysis request
[22m[39m   Ô£à Gemini OK. Score: 0.3 | Summary: This is a test summary of the ...
   Ô¡É Auto-favorito activado.

[90mstdout[2m | backend/src/application/use-cases/analyze-article.usecase.spec.ts[2m > [22m[2mAnalyzeArticleUseCase[2m > [22m[2mEdge cases[2m > [22m[2mshould use article title and metadata in analysis request
[22m[39m   ­ƒöù Indexando en ChromaDB...

 [32mÔ£ô[39m backend/src/application/use-cases/analyze-article.usecase.spec.ts[2m > [22mAnalyzeArticleUseCase[2m > [22mexecute - single article analysis[2m > [22mshould analyze an article without existing content[32m 5[2mms[22m[39m
 [32mÔ£ô[39m backend/src/application/use-cases/analyze-article.usecase.spec.ts[2m > [22mAnalyzeArticleUseCase[2m > [22mexecute - single article analysis[2m > [22mshould analyze an article with existing content (skip scraping)[32m 2[2mms[22m[39m
 [32mÔ£ô[39m backend/src/application/use-cases/analyze-article.usecase.spec.ts[2m > [22mAnalyzeArticleUseCase[2m > [22mexecute - single article analysis[2m > [22mshould scrape content if existing content is too short[32m 2[2mms[22m[39m
 [32mÔ£ô[39m backend/src/application/use-cases/analyze-article.usecase.spec.ts[2m > [22mAnalyzeArticleUseCase[2m > [22mexecute - single article analysis[2m > [22mshould return cached analysis for already analyzed article[32m 1[2mms[22m[39m
 [32mÔ£ô[39m backend/src/application/use-cases/analyze-article.usecase.spec.ts[2m > [22mAnalyzeArticleUseCase[2m > [22mexecute - single article analysis[2m > [22mshould throw ValidationError for empty articleId[32m 2[2mms[22m[39m
 [32mÔ£ô[39m backend/src/application/use-cases/analyze-article.usecase.spec.ts[2m > [22mAnalyzeArticleUseCase[2m > [22mexecute - single article analysis[2m > [22mshould throw ValidationError for whitespace-only articleId[32m 0[2mms[22m[39m
 [32mÔ£ô[39m backend/src/application/use-cases/analyze-article.usecase.spec.ts[2m > [22mAnalyzeArticleUseCase[2m > [22mexecute - single article analysis[2m > [22mshould throw EntityNotFoundError for non-existent article[32m 0[2mms[22m[39m
 [32mÔ£ô[39m backend/src/application/use-cases/analyze-article.usecase.spec.ts[2m > [22mAnalyzeArticleUseCase[2m > [22mexecute - single article analysis[2m > [22mshould handle Gemini API errors[32m 1[2mms[22m[39m
 [31m├ù[39m backend/src/application/use-cases/analyze-article.usecase.spec.ts[2m > [22mAnalyzeArticleUseCase[2m > [22mexecute - single article analysis[2m > [22mshould handle Jina Reader errors[32m 11[2mms[22m[39m
[31m   ÔåÆ promise resolved "{ articleId: 'test-article-123', ÔÇª(4) }" instead of rejecting[39m
 [31m├ù[39m backend/src/application/use-cases/analyze-article.usecase.spec.ts[2m > [22mAnalyzeArticleUseCase[2m > [22mexecute - single article analysis[2m > [22mshould wrap unknown scraping errors in ExternalAPIError[32m 3[2mms[22m[39m
[31m   ÔåÆ promise resolved "{ articleId: 'test-article-123', ÔÇª(4) }" instead of rejecting[39m
 [32mÔ£ô[39m backend/src/application/use-cases/analyze-article.usecase.spec.ts[2m > [22mAnalyzeArticleUseCase[2m > [22mexecute - single article analysis[2m > [22mshould save article with scraped content before analysis[32m 1[2mms[22m[39m
 [32mÔ£ô[39m backend/src/application/use-cases/analyze-article.usecase.spec.ts[2m > [22mAnalyzeArticleUseCase[2m > [22mexecute - single article analysis[2m > [22mshould persist analysis results to repository[32m 1[2mms[22m[39m
 [32mÔ£ô[39m backend/src/application/use-cases/analyze-article.usecase.spec.ts[2m > [22mAnalyzeArticleUseCase[2m > [22mexecuteBatch - batch analysis[2m > [22mshould process multiple unanalyzed articles[32m 3[2mms[22m[39m
 [32mÔ£ô[39m backend/src/application/use-cases/analyze-article.usecase.spec.ts[2m > [22mAnalyzeArticleUseCase[2m > [22mexecuteBatch - batch analysis[2m > [22mshould respect batch limit[32m 1[2mms[22m[39m
 [31m├ù[39m backend/src/application/use-cases/analyze-article.usecase.spec.ts[2m > [22mAnalyzeArticleUseCase[2m > [22mexecuteBatch - batch analysis[2m > [22mshould handle partial failures in batch[32m 10[2mms[22m[39m
[31m   ÔåÆ expected 3 to be 2 // Object.is equality[39m
 [32mÔ£ô[39m backend/src/application/use-cases/analyze-article.usecase.spec.ts[2m > [22mAnalyzeArticleUseCase[2m > [22mexecuteBatch - batch analysis[2m > [22mshould throw ValidationError for invalid batch limit (0)[32m 1[2mms[22m[39m
 [32mÔ£ô[39m backend/src/application/use-cases/analyze-article.usecase.spec.ts[2m > [22mAnalyzeArticleUseCase[2m > [22mexecuteBatch - batch analysis[2m > [22mshould throw ValidationError for invalid batch limit (negative)[32m 0[2mms[22m[39m
 [32mÔ£ô[39m backend/src/application/use-cases/analyze-article.usecase.spec.ts[2m > [22mAnalyzeArticleUseCase[2m > [22mexecuteBatch - batch analysis[2m > [22mshould throw ValidationError for invalid batch limit (too large)[32m 0[2mms[22m[39m
 [32mÔ£ô[39m backend/src/application/use-cases/analyze-article.usecase.spec.ts[2m > [22mAnalyzeArticleUseCase[2m > [22mexecuteBatch - batch analysis[2m > [22mshould return empty results when no unanalyzed articles exist[32m 1[2mms[22m[39m
 [31m├ù[39m backend/src/application/use-cases/analyze-article.usecase.spec.ts[2m > [22mAnalyzeArticleUseCase[2m > [22mexecuteBatch - batch analysis[2m > [22mshould include error messages in failed results[32m 1[2mms[22m[39m
[31m   ÔåÆ expected +0 to be 1 // Object.is equality[39m
 [31m├ù[39m backend/src/application/use-cases/analyze-article.usecase.spec.ts[2m > [22mAnalyzeArticleUseCase[2m > [22mgetStats - analysis statistics[2m > [22mshould return correct statistics[32m 1[2mms[22m[39m
[31m   ÔåÆ this.articleRepository.getBiasDistribution is not a function[39m
 [31m├ù[39m backend/src/application/use-cases/analyze-article.usecase.spec.ts[2m > [22mAnalyzeArticleUseCase[2m > [22mgetStats - analysis statistics[2m > [22mshould return zero percent when no articles exist[32m 1[2mms[22m[39m
[31m   ÔåÆ this.articleRepository.getBiasDistribution is not a function[39m
 [31m├ù[39m backend/src/application/use-cases/analyze-article.usecase.spec.ts[2m > [22mAnalyzeArticleUseCase[2m > [22mgetStats - analysis statistics[2m > [22mshould return 100 percent when all articles are analyzed[32m 0[2mms[22m[39m
[31m   ÔåÆ this.articleRepository.getBiasDistribution is not a function[39m
 [32mÔ£ô[39m backend/src/application/use-cases/analyze-article.usecase.spec.ts[2m > [22mAnalyzeArticleUseCase[2m > [22mEdge cases[2m > [22mshould handle article with malformed analysis JSON[32m 1[2mms[22m[39m
 [32mÔ£ô[39m backend/src/application/use-cases/analyze-article.usecase.spec.ts[2m > [22mAnalyzeArticleUseCase[2m > [22mEdge cases[2m > [22mshould use article title and metadata in analysis request[32m 1[2mms[22m[39m
[90mstderr[2m | backend/src/application/use-cases/ana
lyze-article.usecase.spec.ts[2m > 
[22m[2mAnalyzeArticleUseCase[2m > 
[22m[2mexecuteBatch - batch analysis[2m > 
[22m[2mshould handle partial failures in batch
[22m[39m   ÔÜá´©Å Scraping fall├│. Usando FALLBACK 
(t├¡tulo + descripci├│n).
   ­ƒæë Raz├│n: JinaReader API Error: Failed

[90mstderr[2m | backend/src/application/use-cases/ana
lyze-article.usecase.spec.ts[2m > 
[22m[2mAnalyzeArticleUseCase[2m > 
[22m[2mexecuteBatch - batch analysis[2m > 
[22m[2mshould handle partial failures in batch
[22m[39m   ÔÜá´©Å Indexaci├│n ChromaDB fall├│ 
(an├ílisis completado): 
this.geminiClient.generateEmbedding is not a function

[90mstderr[2m | backend/src/application/use-cases/ana
lyze-article.usecase.spec.ts[2m > 
[22m[2mAnalyzeArticleUseCase[2m > 
[22m[2mexecuteBatch - batch analysis[2m > 
[22m[2mshould handle partial failures in batch
[22m[39m   ÔÜá´©Å Indexaci├│n ChromaDB fall├│ 
(an├ílisis completado): 
this.geminiClient.generateEmbedding is not a function

[90mstderr[2m | backend/src/application/use-cases/ana
lyze-article.usecase.spec.ts[2m > 
[22m[2mAnalyzeArticleUseCase[2m > 
[22m[2mexecuteBatch - batch analysis[2m > 
[22m[2mshould include error messages in failed 
results
[22m[39m   ÔÜá´©Å Scraping fall├│. Usando FALLBACK 
(t├¡tulo + descripci├│n).
   ­ƒæë Raz├│n: JinaReader API Error: Page not found

[90mstderr[2m | backend/src/application/use-cases/ana
lyze-article.usecase.spec.ts[2m > 
[22m[2mAnalyzeArticleUseCase[2m > 
[22m[2mexecuteBatch - batch analysis[2m > 
[22m[2mshould include error messages in failed 
results
[22m[39m   ÔÜá´©Å Indexaci├│n ChromaDB fall├│ 
(an├ílisis completado): 
this.geminiClient.generateEmbedding is not a function

[90mstderr[2m | backend/src/application/use-cases/ana
lyze-article.usecase.spec.ts[2m > 
[22m[2mAnalyzeArticleUseCase[2m > [22m[2mEdge 
cases[2m > [22m[2mshould handle article with 
malformed analysis JSON
[22m[39m   ÔÜá´©Å Indexaci├│n ChromaDB fall├│ 
(an├ílisis completado): 
this.geminiClient.generateEmbedding is not a function

[90mstderr[2m | backend/src/application/use-cases/ana
lyze-article.usecase.spec.ts[2m > 
[22m[2mAnalyzeArticleUseCase[2m > [22m[2mEdge 
cases[2m > [22m[2mshould use article title and 
metadata in analysis request
[22m[39m   ÔÜá´©Å Indexaci├│n ChromaDB fall├│ 
(an├ílisis completado): 
this.geminiClient.generateEmbedding is not a function

[90mstdout[2m | backend/src/infrastructure/external/gemini.client.spec.ts[2m > [22m[2mGeminiClient - Token Taximeter & Cost Calculation (ZONA CR├ìTICA)[2m > [22m[2m­ƒÆ░ C├ílculo Exacto de Costes[2m > [22m[2mCASO BASE: 1M tokens entrada + 1M tokens salida = coste exacto en EUR
[22m[39m      [GeminiClient] Analizando art├¡culo (intento 1/3)...

[90mstdout[2m | backend/src/infrastructure/external/gemini.client.spec.ts[2m > [22m[2mGeminiClient - Token Taximeter & Cost Calculation (ZONA CR├ìTICA)[2m > [22m[2m­ƒÆ░ C├ílculo Exacto de Costes[2m > [22m[2mCASO BASE: 1M tokens entrada + 1M tokens salida = coste exacto en EUR
[22m[39m
      ­ƒº¥ ÔòÉÔòÉÔòÉÔòÉÔòÉÔòÉÔòÉÔòÉÔòÉÔòÉÔòÉÔòÉÔòÉÔòÉÔòÉÔòÉÔòÉÔòÉÔòÉÔòÉÔòÉÔòÉÔòÉÔòÉÔòÉÔòÉÔòÉÔòÉÔòÉÔòÉÔòÉÔòÉÔòÉÔòÉÔòÉÔòÉÔòÉÔòÉÔòÉÔòÉÔòÉÔòÉÔòÉÔòÉÔòÉÔòÉÔòÉÔòÉÔòÉÔòÉÔòÉÔòÉÔòÉÔòÉÔòÉÔòÉÔòÉÔòÉÔòÉ
      ­ƒº¥ TOKEN TAXIMETER - AN├üLISIS
      ­ƒº¥ ÔòÉÔòÉÔòÉÔòÉÔòÉÔòÉÔòÉÔòÉÔòÉÔòÉÔòÉÔòÉÔòÉÔòÉÔòÉÔòÉÔòÉÔòÉÔòÉÔòÉÔòÉÔòÉÔòÉÔòÉÔòÉÔòÉÔòÉÔòÉÔòÉÔòÉÔòÉÔòÉÔòÉÔòÉÔòÉÔòÉÔòÉÔòÉÔòÉÔòÉÔòÉÔòÉÔòÉÔòÉÔòÉÔòÉÔòÉÔòÉÔòÉÔòÉÔòÉÔòÉÔòÉÔòÉÔòÉÔòÉÔòÉÔòÉÔòÉ
      ­ƒô░ T├¡tulo: "Test Article"
      ­ƒºá Tokens entrada:  1.000.000
      ­ƒºá Tokens salida:   1.000.000
      ­ƒºá Tokens TOTAL:    2.000.000
      ­ƒÆ░ Coste operaci├│n: Ôé¼0.356250
      ­ƒº¥ ÔöÇÔöÇÔöÇÔöÇÔöÇÔöÇÔöÇÔöÇÔöÇÔöÇÔöÇÔöÇÔöÇÔöÇÔöÇÔöÇÔöÇÔöÇÔöÇÔöÇÔöÇÔöÇÔöÇÔöÇÔöÇÔöÇÔöÇÔöÇÔöÇÔöÇÔöÇÔöÇÔöÇÔöÇÔöÇÔöÇÔöÇÔöÇÔöÇÔöÇÔöÇÔöÇÔöÇÔöÇÔöÇÔöÇÔöÇÔöÇÔöÇÔöÇÔöÇÔöÇÔöÇÔöÇÔöÇÔöÇÔöÇÔöÇÔöÇ
      ­ƒôè SESI├ôN ACUMULADA (desde 13:30:45):
      ­ƒôè An├ílisis: 1 ops | 2.000.000 tokens | Ôé¼0.356250
      ­ƒôè Chat RAG: 0 ops | 0 tokens | Ôé¼0.000000
      ­ƒôè Grounding: 0 ops | 0 tokens | Ôé¼0.000000
      ­ƒÆ░ TOTAL SESI├ôN: 1 ops | 2.000.000 tokens | Ôé¼0.356250
      ­ƒº¥ ÔòÉÔòÉÔòÉÔòÉÔòÉÔòÉÔòÉÔòÉÔòÉÔòÉÔòÉÔòÉÔòÉÔòÉÔòÉÔòÉÔòÉÔòÉÔòÉÔòÉÔòÉÔòÉÔòÉÔòÉÔòÉÔòÉÔòÉÔòÉÔòÉÔòÉÔòÉÔòÉÔòÉÔòÉÔòÉÔòÉÔòÉÔòÉÔòÉÔòÉÔòÉÔòÉÔòÉÔòÉÔòÉÔòÉÔòÉÔòÉÔòÉÔòÉÔòÉÔòÉÔòÉÔòÉÔòÉÔòÉÔòÉÔòÉÔòÉ


[90mstdout[2m | backend/src/infrastructure/external/gemini.client.spec.ts[2m > [22m[2mGeminiClient - Token Taximeter & Cost Calculation (ZONA CR├ìTICA)[2m > [22m[2m­ƒÆ░ C├ílculo Exacto de Costes[2m > [22m[2mCASO BORDE: 0 tokens = coste Ôé¼0.000000
[22m[39m      [GeminiClient] Analizando art├¡culo (intento 1/3)...

[90mstdout[2m | backend/src/infrastructure/external/gemini.client.spec.ts[2m > [22m[2mGeminiClient - Token Taximeter & Cost Calculation (ZONA CR├ìTICA)[2m > [22m[2m­ƒÆ░ C├ílculo Exacto de Costes[2m > [22m[2mCASO BORDE: 0 tokens = coste Ôé¼0.000000
[22m[39m
      ­ƒº¥ ÔòÉÔòÉÔòÉÔòÉÔòÉÔòÉÔòÉÔòÉÔòÉÔòÉÔòÉÔòÉÔòÉÔòÉÔòÉÔòÉÔòÉÔòÉÔòÉÔòÉÔòÉÔòÉÔòÉÔòÉÔòÉÔòÉÔòÉÔòÉÔòÉÔòÉÔòÉÔòÉÔòÉÔòÉÔòÉÔòÉÔòÉÔòÉÔòÉÔòÉÔòÉÔòÉÔòÉÔòÉÔòÉÔòÉÔòÉÔòÉÔòÉÔòÉÔòÉÔòÉÔòÉÔòÉÔòÉÔòÉÔòÉÔòÉÔòÉ
      ­ƒº¥ TOKEN TAXIMETER - AN├üLISIS
      ­ƒº¥ ÔòÉÔòÉÔòÉÔòÉÔòÉÔòÉÔòÉÔòÉÔòÉÔòÉÔòÉÔòÉÔòÉÔòÉÔòÉÔòÉÔòÉÔòÉÔòÉÔòÉÔòÉÔòÉÔòÉÔòÉÔòÉÔòÉÔòÉÔòÉÔòÉÔòÉÔòÉÔòÉÔòÉÔòÉÔòÉÔòÉÔòÉÔòÉÔòÉÔòÉÔòÉÔòÉÔòÉÔòÉÔòÉÔòÉÔòÉÔòÉÔòÉÔòÉÔòÉÔòÉÔòÉÔòÉÔòÉÔòÉÔòÉÔòÉÔòÉ
      ­ƒô░ T├¡tulo: "Empty Token Test"
      ­ƒºá Tokens entrada:  0
      ­ƒºá Tokens salida:   0
      ­ƒºá Tokens TOTAL:    0
      ­ƒÆ░ Coste operaci├│n: Ôé¼0.000000
      ­ƒº¥ ÔöÇÔöÇÔöÇÔöÇÔöÇÔöÇÔöÇÔöÇÔöÇÔöÇÔöÇÔöÇÔöÇÔöÇÔöÇÔöÇÔöÇÔöÇÔöÇÔöÇÔöÇÔöÇÔöÇÔöÇÔöÇÔöÇÔöÇÔöÇÔöÇÔöÇÔöÇÔöÇÔöÇÔöÇÔöÇÔöÇÔöÇÔöÇÔöÇÔöÇÔöÇÔöÇÔöÇÔöÇÔöÇÔöÇÔöÇÔöÇÔöÇÔöÇÔöÇÔöÇÔöÇÔöÇÔöÇÔöÇÔöÇÔöÇÔöÇ
      ­ƒôè SESI├ôN ACUMULADA (desde 13:30:46):
      ­ƒôè An├ílisis: 1 ops | 0 tokens | Ôé¼0.000000
      ­ƒôè Chat RAG: 0 ops | 0 tokens | Ôé¼0.000000
      ­ƒôè Grounding: 0 ops | 0 tokens | Ôé¼0.000000
      ­ƒÆ░ TOTAL SESI├ôN: 1 ops | 0 tokens | Ôé¼0.000000
      ­ƒº¥ ÔòÉÔòÉÔòÉÔòÉÔòÉÔòÉÔòÉÔòÉÔòÉÔòÉÔòÉÔòÉÔòÉÔòÉÔòÉÔòÉÔòÉÔòÉÔòÉÔòÉÔòÉÔòÉÔòÉÔòÉÔòÉÔòÉÔòÉÔòÉÔòÉÔòÉÔòÉÔòÉÔòÉÔòÉÔòÉÔòÉÔòÉÔòÉÔòÉÔòÉÔòÉÔòÉÔòÉÔòÉÔòÉÔòÉÔòÉÔòÉÔòÉÔòÉÔòÉÔòÉÔòÉÔòÉÔòÉÔòÉÔòÉÔòÉÔòÉ


[90mstdout[2m | backend/src/infrastructure/external/gemini.client.spec.ts[2m > [22m[2mGeminiClient - Token Taximeter & Cost Calculation (ZONA CR├ìTICA)[2m > [22m[2m­ƒÆ░ C├ílculo Exacto de Costes[2m > [22m[2mCASO DECIMALES: verificar precisi├│n sin errores de punto flotante graves
[22m[39m      [GeminiClient] Analizando art├¡culo (intento 1/3)...

[90mstdout[2m | backend/src/infrastructure/external/gemini.client.spec.ts[2m > [22m[2mGeminiClient - Token Taximeter & Cost Calculation (ZONA CR├ìTICA)[2m > [22m[2m­ƒÆ░ C├ílculo Exacto de Costes[2m > [22m[2mCASO DECIMALES: verificar precisi├│n sin errores de punto flotante graves
[22m[39m
      ­ƒº¥ ÔòÉÔòÉÔòÉÔòÉÔòÉÔòÉÔòÉÔòÉÔòÉÔòÉÔòÉÔòÉÔòÉÔòÉÔòÉÔòÉÔòÉÔòÉÔòÉÔòÉÔòÉÔòÉÔòÉÔòÉÔòÉÔòÉÔòÉÔòÉÔòÉÔòÉÔòÉÔòÉÔòÉÔòÉÔòÉÔòÉÔòÉÔòÉÔòÉÔòÉÔòÉÔòÉÔòÉÔòÉÔòÉÔòÉÔòÉÔòÉÔòÉÔòÉÔòÉÔòÉÔòÉÔòÉÔòÉÔòÉÔòÉÔòÉÔòÉ
      ­ƒº¥ TOKEN TAXIMETER - AN├üLISIS
      ­ƒº¥ ÔòÉÔòÉÔòÉÔòÉÔòÉÔòÉÔòÉÔòÉÔòÉÔòÉÔòÉÔòÉÔòÉÔòÉÔòÉÔòÉÔòÉÔòÉÔòÉÔòÉÔòÉÔòÉÔòÉÔòÉÔòÉÔòÉÔòÉÔòÉÔòÉÔòÉÔòÉÔòÉÔòÉÔòÉÔòÉÔòÉÔòÉÔòÉÔòÉÔòÉÔòÉÔòÉÔòÉÔòÉÔòÉÔòÉÔòÉÔòÉÔòÉÔòÉÔòÉÔòÉÔòÉÔòÉÔòÉÔòÉÔòÉÔòÉÔòÉ
      ­ƒô░ T├¡tulo: "Decimal Precision Test"
      ­ƒºá Tokens entrada:  12.345
      ­ƒºá Tokens salida:   6789
      ­ƒºá Tokens TOTAL:    19.134
      ­ƒÆ░ Coste operaci├│n: Ôé¼0.002814
      ­ƒº¥ ÔöÇÔöÇÔöÇÔöÇÔöÇÔöÇÔöÇÔöÇÔöÇÔöÇÔöÇÔöÇÔöÇÔöÇÔöÇÔöÇÔöÇÔöÇÔöÇÔöÇÔöÇÔöÇÔöÇÔöÇÔöÇÔöÇÔöÇÔöÇÔöÇÔöÇÔöÇÔöÇÔöÇÔöÇÔöÇÔöÇÔöÇÔöÇÔöÇÔöÇÔöÇÔöÇÔöÇÔöÇÔöÇÔöÇÔöÇÔöÇÔöÇÔöÇÔöÇÔöÇÔöÇÔöÇÔöÇÔöÇÔöÇÔöÇÔöÇ
      ­ƒôè SESI├ôN ACUMULADA (desde 13:30:46):
      ­ƒôè An├ílisis: 1 ops | 19.134 tokens | Ôé¼0.002814
      ­ƒôè Chat RAG: 0 ops | 0 tokens | Ôé¼0.000000
      ­ƒôè Grounding: 0 ops | 0 tokens | Ôé¼0.000000
      ­ƒÆ░ TOTAL SESI├ôN: 1 ops | 19.134 tokens | Ôé¼0.002814
      ­ƒº¥ ÔòÉÔòÉÔòÉÔòÉÔòÉÔòÉÔòÉÔòÉÔòÉÔòÉÔòÉÔòÉÔòÉÔòÉÔòÉÔòÉÔòÉÔòÉÔòÉÔòÉÔòÉÔòÉÔòÉÔòÉÔòÉÔòÉÔòÉÔòÉÔòÉÔòÉÔòÉÔòÉÔòÉÔòÉÔòÉÔòÉÔòÉÔòÉÔòÉÔòÉÔòÉÔòÉÔòÉÔòÉÔòÉÔòÉÔòÉÔòÉÔòÉÔòÉÔòÉÔòÉÔòÉÔòÉÔòÉÔòÉÔòÉÔòÉÔòÉ


[90mstdout[2m | backend/src/infrastructure/external/gemini.client.spec.ts[2m > [22m[2mGeminiClient - Token Taximeter & Cost Calculation (ZONA CR├ìTICA)[2m > [22m[2m­ƒÆ░ C├ílculo Exacto de Costes[2m > [22m[2mCASO ASIM├ëTRICO: muchos tokens de entrada, pocos de salida
[22m[39m      [GeminiClient] Analizando art├¡culo (intento 1/3)...

[90mstdout[2m | backend/src/infrastructure/external/gemini.client.spec.ts[2m > [22m[2mGeminiClient - Token Taximeter & Cost Calculation (ZONA CR├ìTICA)[2m > [22m[2m­ƒÆ░ C├ílculo Exacto de Costes[2m > [22m[2mCASO ASIM├ëTRICO: muchos tokens de entrada, pocos de salida
[22m[39m
      ­ƒº¥ ÔòÉÔòÉÔòÉÔòÉÔòÉÔòÉÔòÉÔòÉÔòÉÔòÉÔòÉÔòÉÔòÉÔòÉÔòÉÔòÉÔòÉÔòÉÔòÉÔòÉÔòÉÔòÉÔòÉÔòÉÔòÉÔòÉÔòÉÔòÉÔòÉÔòÉÔòÉÔòÉÔòÉÔòÉÔòÉÔòÉÔòÉÔòÉÔòÉÔòÉÔòÉÔòÉÔòÉÔòÉÔòÉÔòÉÔòÉÔòÉÔòÉÔòÉÔòÉÔòÉÔòÉÔòÉÔòÉÔòÉÔòÉÔòÉÔòÉ
      ­ƒº¥ TOKEN TAXIMETER - AN├üLISIS
      ­ƒº¥ ÔòÉÔòÉÔòÉÔòÉÔòÉÔòÉÔòÉÔòÉÔòÉÔòÉÔòÉÔòÉÔòÉÔòÉÔòÉÔòÉÔòÉÔòÉÔòÉÔòÉÔòÉÔòÉÔòÉÔòÉÔòÉÔòÉÔòÉÔòÉÔòÉÔòÉÔòÉÔòÉÔòÉÔòÉÔòÉÔòÉÔòÉÔòÉÔòÉÔòÉÔòÉÔòÉÔòÉÔòÉÔòÉÔòÉÔòÉÔòÉÔòÉÔòÉÔòÉÔòÉÔòÉÔòÉÔòÉÔòÉÔòÉÔòÉÔòÉ
      ­ƒô░ T├¡tulo: "Asymmetric Token Test"
      ­ƒºá Tokens entrada:  50.000
      ­ƒºá Tokens salida:   500
      ­ƒºá Tokens TOTAL:    50.500
      ­ƒÆ░ Coste operaci├│n: Ôé¼0.003705
      ­ƒº¥ ÔöÇÔöÇÔöÇÔöÇÔöÇÔöÇÔöÇÔöÇÔöÇÔöÇÔöÇÔöÇÔöÇÔöÇÔöÇÔöÇÔöÇÔöÇÔöÇÔöÇÔöÇÔöÇÔöÇÔöÇÔöÇÔöÇÔöÇÔöÇÔöÇÔöÇÔöÇÔöÇÔöÇÔöÇÔöÇÔöÇÔöÇÔöÇÔöÇÔöÇÔöÇÔöÇÔöÇÔöÇÔöÇÔöÇÔöÇÔöÇÔöÇÔöÇÔöÇÔöÇÔöÇÔöÇÔöÇÔöÇÔöÇÔöÇÔöÇ
      ­ƒôè SESI├ôN ACUMULADA (desde 13:30:46):
      ­ƒôè An├ílisis: 1 ops | 50.500 tokens | Ôé¼0.003705
      ­ƒôè Chat RAG: 0 ops | 0 tokens | Ôé¼0.000000
      ­ƒôè Grounding: 0 ops | 0 tokens | Ôé¼0.000000
      ­ƒÆ░ TOTAL SESI├ôN: 1 ops | 50.500 tokens | Ôé¼0.003705
      ­ƒº¥ ÔòÉÔòÉÔòÉÔòÉÔòÉÔòÉÔòÉÔòÉÔòÉÔòÉÔòÉÔòÉÔòÉÔòÉÔòÉÔòÉÔòÉÔòÉÔòÉÔòÉÔòÉÔòÉÔòÉÔòÉÔòÉÔòÉÔòÉÔòÉÔòÉÔòÉÔòÉÔòÉÔòÉÔòÉÔòÉÔòÉÔòÉÔòÉÔòÉÔòÉÔòÉÔòÉÔòÉÔòÉÔòÉÔòÉÔòÉÔòÉÔòÉÔòÉÔòÉÔòÉÔòÉÔòÉÔòÉÔòÉÔòÉÔòÉÔòÉ


[90mstdout[2m | backend/src/infrastructure/external/gemini.client.spec.ts[2m > [22m[2mGeminiClient - Token Taximeter & Cost Calculation (ZONA CR├ìTICA)[2m > [22m[2m­ƒôè Acumulador de Sesi├│n[2m > [22m[2mSUMA CORRECTA: 3 llamadas seguidas actualizan el acumulador correctamente
[22m[39m      [GeminiClient] Analizando art├¡culo (intento 1/3)...

[90mstdout[2m | backend/src/infrastructure/external/gemini.client.spec.ts[2m > [22m[2mGeminiClient - Token Taximeter & Cost Calculation (ZONA CR├ìTICA)[2m > [22m[2m­ƒôè Acumulador de Sesi├│n[2m > [22m[2mSUMA CORRECTA: 3 llamadas seguidas actualizan el acumulador correctamente
[22m[39m
      ­ƒº¥ ÔòÉÔòÉÔòÉÔòÉÔòÉÔòÉÔòÉÔòÉÔòÉÔòÉÔòÉÔòÉÔòÉÔòÉÔòÉÔòÉÔòÉÔòÉÔòÉÔòÉÔòÉÔòÉÔòÉÔòÉÔòÉÔòÉÔòÉÔòÉÔòÉÔòÉÔòÉÔòÉÔòÉÔòÉÔòÉÔòÉÔòÉÔòÉÔòÉÔòÉÔòÉÔòÉÔòÉÔòÉÔòÉÔòÉÔòÉÔòÉÔòÉÔòÉÔòÉÔòÉÔòÉÔòÉÔòÉÔòÉÔòÉÔòÉÔòÉ
      ­ƒº¥ TOKEN TAXIMETER - AN├üLISIS
      ­ƒº¥ ÔòÉÔòÉÔòÉÔòÉÔòÉÔòÉÔòÉÔòÉÔòÉÔòÉÔòÉÔòÉÔòÉÔòÉÔòÉÔòÉÔòÉÔòÉÔòÉÔòÉÔòÉÔòÉÔòÉÔòÉÔòÉÔòÉÔòÉÔòÉÔòÉÔòÉÔòÉÔòÉÔòÉÔòÉÔòÉÔòÉÔòÉÔòÉÔòÉÔòÉÔòÉÔòÉÔòÉÔòÉÔòÉÔòÉÔòÉÔòÉÔòÉÔòÉÔòÉÔòÉÔòÉÔòÉÔòÉÔòÉÔòÉÔòÉÔòÉ
      ­ƒô░ T├¡tulo: "Call 1"
      ­ƒºá Tokens entrada:  1000
      ­ƒºá Tokens salida:   500
      ­ƒºá Tokens TOTAL:    1500
      ­ƒÆ░ Coste operaci├│n: Ôé¼0.000214
      ­ƒº¥ ÔöÇÔöÇÔöÇÔöÇÔöÇÔöÇÔöÇÔöÇÔöÇÔöÇÔöÇÔöÇÔöÇÔöÇÔöÇÔöÇÔöÇÔöÇÔöÇÔöÇÔöÇÔöÇÔöÇÔöÇÔöÇÔöÇÔöÇÔöÇÔöÇÔöÇÔöÇÔöÇÔöÇÔöÇÔöÇÔöÇÔöÇÔöÇÔöÇÔöÇÔöÇÔöÇÔöÇÔöÇÔöÇÔöÇÔöÇÔöÇÔöÇÔöÇÔöÇÔöÇÔöÇÔöÇÔöÇÔöÇÔöÇÔöÇÔöÇ
      ­ƒôè SESI├ôN ACUMULADA (desde 13:30:46):
      ­ƒôè An├ílisis: 1 ops | 1500 tokens | Ôé¼0.000214
      ­ƒôè Chat RAG: 0 ops | 0 tokens | Ôé¼0.000000
      ­ƒôè Grounding: 0 ops | 0 tokens | Ôé¼0.000000
      ­ƒÆ░ TOTAL SESI├ôN: 1 ops | 1500 tokens | Ôé¼0.000214
      ­ƒº¥ ÔòÉÔòÉÔòÉÔòÉÔòÉÔòÉÔòÉÔòÉÔòÉÔòÉÔòÉÔòÉÔòÉÔòÉÔòÉÔòÉÔòÉÔòÉÔòÉÔòÉÔòÉÔòÉÔòÉÔòÉÔòÉÔòÉÔòÉÔòÉÔòÉÔòÉÔòÉÔòÉÔòÉÔòÉÔòÉÔòÉÔòÉÔòÉÔòÉÔòÉÔòÉÔòÉÔòÉÔòÉÔòÉÔòÉÔòÉÔòÉÔòÉÔòÉÔòÉÔòÉÔòÉÔòÉÔòÉÔòÉÔòÉÔòÉÔòÉ


[90mstdout[2m | backend/src/infrastructure/external/gemini.client.spec.ts[2m > [22m[2mGeminiClient - Token Taximeter & Cost Calculation (ZONA CR├ìTICA)[2m > [22m[2m­ƒôè Acumulador de Sesi├│n[2m > [22m[2mSUMA CORRECTA: 3 llamadas seguidas actualizan el acumulador correctamente
[22m[39m      [GeminiClient] Analizando art├¡culo (intento 1/3)...

[90mstdout[2m | backend/src/infrastructure/external/gemini.client.spec.ts[2m > [22m[2mGeminiClient - Token Taximeter & Cost Calculation (ZONA CR├ìTICA)[2m > [22m[2m­ƒôè Acumulador de Sesi├│n[2m > [22m[2mSUMA CORRECTA: 3 llamadas seguidas actualizan el acumulador correctamente
[22m[39m
      ­ƒº¥ ÔòÉÔòÉÔòÉÔòÉÔòÉÔòÉÔòÉÔòÉÔòÉÔòÉÔòÉÔòÉÔòÉÔòÉÔòÉÔòÉÔòÉÔòÉÔòÉÔòÉÔòÉÔòÉÔòÉÔòÉÔòÉÔòÉÔòÉÔòÉÔòÉÔòÉÔòÉÔòÉÔòÉÔòÉÔòÉÔòÉÔòÉÔòÉÔòÉÔòÉÔòÉÔòÉÔòÉÔòÉÔòÉÔòÉÔòÉÔòÉÔòÉÔòÉÔòÉÔòÉÔòÉÔòÉÔòÉÔòÉÔòÉÔòÉÔòÉ
      ­ƒº¥ TOKEN TAXIMETER - AN├üLISIS
      ­ƒº¥ ÔòÉÔòÉÔòÉÔòÉÔòÉÔòÉÔòÉÔòÉÔòÉÔòÉÔòÉÔòÉÔòÉÔòÉÔòÉÔòÉÔòÉÔòÉÔòÉÔòÉÔòÉÔòÉÔòÉÔòÉÔòÉÔòÉÔòÉÔòÉÔòÉÔòÉÔòÉÔòÉÔòÉÔòÉÔòÉÔòÉÔòÉÔòÉÔòÉÔòÉÔòÉÔòÉÔòÉÔòÉÔòÉÔòÉÔòÉÔòÉÔòÉÔòÉÔòÉÔòÉÔòÉÔòÉÔòÉÔòÉÔòÉÔòÉÔòÉ
      ­ƒô░ T├¡tulo: "Call 2"
      ­ƒºá Tokens entrada:  2000
      ­ƒºá Tokens salida:   1000
      ­ƒºá Tokens TOTAL:    3000
      ­ƒÆ░ Coste operaci├│n: Ôé¼0.000427
      ­ƒº¥ ÔöÇÔöÇÔöÇÔöÇÔöÇÔöÇÔöÇÔöÇÔöÇÔöÇÔöÇÔöÇÔöÇÔöÇÔöÇÔöÇÔöÇÔöÇÔöÇÔöÇÔöÇÔöÇÔöÇÔöÇÔöÇÔöÇÔöÇÔöÇÔöÇÔöÇÔöÇÔöÇÔöÇÔöÇÔöÇÔöÇÔöÇÔöÇÔöÇÔöÇÔöÇÔöÇÔöÇÔöÇÔöÇÔöÇÔöÇÔöÇÔöÇÔöÇÔöÇÔöÇÔöÇÔöÇÔöÇÔöÇÔöÇÔöÇÔöÇ
      ­ƒôè SESI├ôN ACUMULADA (desde 13:30:46):
      ­ƒôè An├ílisis: 2 ops | 4500 tokens | Ôé¼0.000641
      ­ƒôè Chat RAG: 0 ops | 0 tokens | Ôé¼0.000000
      ­ƒôè Grounding: 0 ops | 0 tokens | Ôé¼0.000000
      ­ƒÆ░ TOTAL SESI├ôN: 2 ops | 4500 tokens | Ôé¼0.000641
      ­ƒº¥ ÔòÉÔòÉÔòÉÔòÉÔòÉÔòÉÔòÉÔòÉÔòÉÔòÉÔòÉÔòÉÔòÉÔòÉÔòÉÔòÉÔòÉÔòÉÔòÉÔòÉÔòÉÔòÉÔòÉÔòÉÔòÉÔòÉÔòÉÔòÉÔòÉÔòÉÔòÉÔòÉÔòÉÔòÉÔòÉÔòÉÔòÉÔòÉÔòÉÔòÉÔòÉÔòÉÔòÉÔòÉÔòÉÔòÉÔòÉÔòÉÔòÉÔòÉÔòÉÔòÉÔòÉÔòÉÔòÉÔòÉÔòÉÔòÉÔòÉ


[90mstdout[2m | backend/src/infrastructure/external/gemini.client.spec.ts[2m > [22m[2mGeminiClient - Token Taximeter & Cost Calculation (ZONA CR├ìTICA)[2m > [22m[2m­ƒôè Acumulador de Sesi├│n[2m > [22m[2mSUMA CORRECTA: 3 llamadas seguidas actualizan el acumulador correctamente
[22m[39m      [GeminiClient] Analizando art├¡culo (intento 1/3)...

[90mstdout[2m | backend/src/infrastructure/external/gemini.client.spec.ts[2m > [22m[2mGeminiClient - Token Taximeter & Cost Calculation (ZONA CR├ìTICA)[2m > [22m[2m­ƒôè Acumulador de Sesi├│n[2m > [22m[2mSUMA CORRECTA: 3 llamadas seguidas actualizan el acumulador correctamente
[22m[39m
      ­ƒº¥ ÔòÉÔòÉÔòÉÔòÉÔòÉÔòÉÔòÉÔòÉÔòÉÔòÉÔòÉÔòÉÔòÉÔòÉÔòÉÔòÉÔòÉÔòÉÔòÉÔòÉÔòÉÔòÉÔòÉÔòÉÔòÉÔòÉÔòÉÔòÉÔòÉÔòÉÔòÉÔòÉÔòÉÔòÉÔòÉÔòÉÔòÉÔòÉÔòÉÔòÉÔòÉÔòÉÔòÉÔòÉÔòÉÔòÉÔòÉÔòÉÔòÉÔòÉÔòÉÔòÉÔòÉÔòÉÔòÉÔòÉÔòÉÔòÉÔòÉ
      ­ƒº¥ TOKEN TAXIMETER - AN├üLISIS
      ­ƒº¥ ÔòÉÔòÉÔòÉÔòÉÔòÉÔòÉÔòÉÔòÉÔòÉÔòÉÔòÉÔòÉÔòÉÔòÉÔòÉÔòÉÔòÉÔòÉÔòÉÔòÉÔòÉÔòÉÔòÉÔòÉÔòÉÔòÉÔòÉÔòÉÔòÉÔòÉÔòÉÔòÉÔòÉÔòÉÔòÉÔòÉÔòÉÔòÉÔòÉÔòÉÔòÉÔòÉÔòÉÔòÉÔòÉÔòÉÔòÉÔòÉÔòÉÔòÉÔòÉÔòÉÔòÉÔòÉÔòÉÔòÉÔòÉÔòÉÔòÉ
      ­ƒô░ T├¡tulo: "Call 3"
      ­ƒºá Tokens entrada:  1500
      ­ƒºá Tokens salida:   750
      ­ƒºá Tokens TOTAL:    2250
      ­ƒÆ░ Coste operaci├│n: Ôé¼0.000321
      ­ƒº¥ ÔöÇÔöÇÔöÇÔöÇÔöÇÔöÇÔöÇÔöÇÔöÇÔöÇÔöÇÔöÇÔöÇÔöÇÔöÇÔöÇÔöÇÔöÇÔöÇÔöÇÔöÇÔöÇÔöÇÔöÇÔöÇÔöÇÔöÇÔöÇÔöÇÔöÇÔöÇÔöÇÔöÇÔöÇÔöÇÔöÇÔöÇÔöÇÔöÇÔöÇÔöÇÔöÇÔöÇÔöÇÔöÇÔöÇÔöÇÔöÇÔöÇÔöÇÔöÇÔöÇÔöÇÔöÇÔöÇÔöÇÔöÇÔöÇÔöÇ
      ­ƒôè SESI├ôN ACUMULADA (desde 13:30:46):
      ­ƒôè An├ílisis: 3 ops | 6750 tokens | Ôé¼0.000962
      ­ƒôè Chat RAG: 0 ops | 0 tokens | Ôé¼0.000000
      ­ƒôè Grounding: 0 ops | 0 tokens | Ôé¼0.000000
      ­ƒÆ░ TOTAL SESI├ôN: 3 ops | 6750 tokens | Ôé¼0.000962
      ­ƒº¥ ÔòÉÔòÉÔòÉÔòÉÔòÉÔòÉÔòÉÔòÉÔòÉÔòÉÔòÉÔòÉÔòÉÔòÉÔòÉÔòÉÔòÉÔòÉÔòÉÔòÉÔòÉÔòÉÔòÉÔòÉÔòÉÔòÉÔòÉÔòÉÔòÉÔòÉÔòÉÔòÉÔòÉÔòÉÔòÉÔòÉÔòÉÔòÉÔòÉÔòÉÔòÉÔòÉÔòÉÔòÉÔòÉÔòÉÔòÉÔòÉÔòÉÔòÉÔòÉÔòÉÔòÉÔòÉÔòÉÔòÉÔòÉÔòÉÔòÉ


[90mstdout[2m | backend/src/infrastructure/external/gemini.client.spec.ts[2m > [22m[2mGeminiClient - Token Taximeter & Cost Calculation (ZONA CR├ìTICA)[2m > [22m[2m­ƒôè Acumulador de Sesi├│n[2m > [22m[2mMETADATA FALTANTE: si usageMetadata es undefined, NO suma tokens fantasma
[22m[39m      [GeminiClient] Analizando art├¡culo (intento 1/3)...

[90mstdout[2m | backend/src/infrastructure/external/gemini.client.spec.ts[2m > [22m[2mGeminiClient - Token Taximeter & Cost Calculation (ZONA CR├ìTICA)[2m > [22m[2m­ƒôè Acumulador de Sesi├│n[2m > [22m[2mMETADATA FALTANTE: si usageMetadata es undefined, NO suma tokens fantasma
[22m[39m      [GeminiClient] Respuesta recibida OK (sin metadata de tokens)

[90mstdout[2m | backend/src/infrastructure/external/gemini.client.spec.ts[2m > [22m[2mGeminiClient - Token Taximeter & Cost Calculation (ZONA CR├ìTICA)[2m > [22m[2mÔÜá´©Å Manejo de Errores[2m > [22m[2mERROR EN API: NO suma tokens al acumulador si la llamada falla
[22m[39m      [GeminiClient] Analizando art├¡culo (intento 1/3)...

[90mstderr[2m | backend/src/infrastructure/external/g
emini.client.spec.ts[2m > [22m[2mGeminiClient - 
Token Taximeter & Cost Calculation (ZONA CR├ìTICA)[2m 
> [22m[2mÔÜá´©Å Manejo de Errores[2m > 
[22m[2mERROR EN API: NO suma tokens al acumulador si 
la llamada falla
[22m[39m      [GeminiClient] Intento 1 fall├│: API 
failure - simulated error

[90mstdout[2m | backend/src/infrastructure/external/gemini.client.spec.ts[2m > [22m[2mGeminiClient - Token Taximeter & Cost Calculation (ZONA CR├ìTICA)[2m > [22m[2mÔÜá´©Å Manejo de Errores[2m > [22m[2mERROR EN API: NO suma tokens al acumulador si la llamada falla
[22m[39m      [GeminiClient] Esperando 1000ms antes de reintentar...

 [32mÔ£ô[39m backend/src/infrastructure/external/gemini.client.spec.ts[2m > [22mGeminiClient - Token Taximeter & Cost Calculation (ZONA CR├ìTICA)[2m > [22m­ƒÆ░ C├ílculo Exacto de Costes[2m > [22mCASO BASE: 1M tokens entrada + 1M tokens salida = coste exacto en EUR[32m 51[2mms[22m[39m
 [32mÔ£ô[39m backend/src/infrastructure/external/gemini.client.spec.ts[2m > [22mGeminiClient - Token Taximeter & Cost Calculation (ZONA CR├ìTICA)[2m > [22m­ƒÆ░ C├ílculo Exacto de Costes[2m > [22mCASO BORDE: 0 tokens = coste Ôé¼0.000000[32m 1[2mms[22m[39m
 [32mÔ£ô[39m backend/src/infrastructure/external/gemini.client.spec.ts[2m > [22mGeminiClient - Token Taximeter & Cost Calculation (ZONA CR├ìTICA)[2m > [22m­ƒÆ░ C├ílculo Exacto de Costes[2m > [22mCASO DECIMALES: verificar precisi├│n sin errores de punto flotante graves[32m 3[2mms[22m[39m
 [32mÔ£ô[39m backend/src/infrastructure/external/gemini.client.spec.ts[2m > [22mGeminiClient - Token Taximeter & Cost Calculation (ZONA CR├ìTICA)[2m > [22m­ƒÆ░ C├ílculo Exacto de Costes[2m > [22mCASO ASIM├ëTRICO: muchos tokens de entrada, pocos de salida[32m 3[2mms[22m[39m
 [32mÔ£ô[39m backend/src/infrastructure/external/gemini.client.spec.ts[2m > [22mGeminiClient - Token Taximeter & Cost Calculation (ZONA CR├ìTICA)[2m > [22m­ƒôè Acumulador de Sesi├│n[2m > [22mSUMA CORRECTA: 3 llamadas seguidas actualizan el acumulador correctamente[32m 5[2mms[22m[39m
 [32mÔ£ô[39m backend/src/infrastructure/external/gemini.client.spec.ts[2m > [22mGeminiClient - Token Taximeter & Cost Calculation (ZONA CR├ìTICA)[2m > [22m­ƒôè Acumulador de Sesi├│n[2m > [22mREPORTE INICIAL: sin llamadas previas, acumulador en cero[32m 3[2mms[22m[39m
 [32mÔ£ô[39m backend/src/infrastructure/external/gemini.client.spec.ts[2m > [22mGeminiClient - Token Taximeter & Cost Calculation (ZONA CR├ìTICA)[2m > [22m­ƒôè Acumulador de Sesi├│n[2m > [22mMETADATA FALTANTE: si usageMetadata es undefined, NO suma tokens fantasma[32m 1[2mms[22m[39m
[90mstdout[2m | backend/tests/application/chat-article.usecase.spec.ts[2m > [22m[2mChatArticleUseCase - RAG System (ZONA CR├ìTICA)[2m > [22m[2m­ƒöì Flujo RAG Completo[2m > [22m[2mRAG EXITOSO: debe inyectar documentos de ChromaDB en el prompt de Gemini
[22m[39m
­ƒÆ¼ [RAG Chat] Pregunta sobre: "Test Article About AI Technology"
   ­ƒôØ Pregunta: "What is the key information about this topic?..."
   ­ƒºá Generando embedding de la pregunta...

[90mstdout[2m | backend/tests/application/chat-article.usecase.spec.ts[2m > [22m[2mChatArticleUseCase - RAG System (ZONA CR├ìTICA)[2m > [22m[2m­ƒöì Flujo RAG Completo[2m > [22m[2mRAG EXITOSO: debe inyectar documentos de ChromaDB en el prompt de Gemini
[22m[39m   ­ƒöÄ Buscando en ChromaDB (max 3 docs)...

[90mstdout[2m | backend/tests/application/chat-article.usecase.spec.ts[2m > [22m[2mChatArticleUseCase - RAG System (ZONA CR├ìTICA)[2m > [22m[2m­ƒöì Flujo RAG Completo[2m > [22m[2mRAG EXITOSO: debe inyectar documentos de ChromaDB en el prompt de Gemini
[22m[39m   ­ƒöì Contexto recuperado: 175 caracteres

[90mstdout[2m | backend/tests/application/chat-article.usecase.spec.ts[2m > [22m[2mChatArticleUseCase - RAG System (ZONA CR├ìTICA)[2m > [22m[2m­ƒöì Flujo RAG Completo[2m > [22m[2mRAG EXITOSO: debe inyectar documentos de ChromaDB en el prompt de Gemini
[22m[39m   Ô£à Respuesta RAG generada (49 caracteres)

[90mstdout[2m | backend/tests/application/chat-article.usecase.spec.ts[2m > [22m[2mChatArticleUseCase - RAG System (ZONA CR├ìTICA)[2m > [22m[2m­ƒöì Flujo RAG Completo[2m > [22m[2mRAG EXITOSO: embedding ÔåÆ retrieval ÔåÆ augmentation ÔåÆ generation
[22m[39m
­ƒÆ¼ [RAG Chat] Pregunta sobre: "Test Article About AI Technology"
   ­ƒôØ Pregunta: "What are the main applications of AI mentioned in the article?..."
   ­ƒºá Generando embedding de la pregunta...

[90mstdout[2m | backend/tests/application/chat-article.usecase.spec.ts[2m > [22m[2mChatArticleUseCase - RAG System (ZONA CR├ìTICA)[2m > [22m[2m­ƒöì Flujo RAG Completo[2m > [22m[2mRAG EXITOSO: embedding ÔåÆ retrieval ÔåÆ augmentation ÔåÆ generation
[22m[39m   ­ƒöÄ Buscando en ChromaDB (max 3 docs)...

[90mstdout[2m | backend/tests/application/chat-article.usecase.spec.ts[2m > [22m[2mChatArticleUseCase - RAG System (ZONA CR├ìTICA)[2m > [22m[2m­ƒöì Flujo RAG Completo[2m > [22m[2mRAG EXITOSO: embedding ÔåÆ retrieval ÔåÆ augmentation ÔåÆ generation
[22m[39m   ­ƒöì Contexto recuperado: 517 caracteres

[90mstdout[2m | backend/tests/application/chat-article.usecase.spec.ts[2m > [22m[2mChatArticleUseCase - RAG System (ZONA CR├ìTICA)[2m > [22m[2m­ƒöì Flujo RAG Completo[2m > [22m[2mRAG EXITOSO: embedding ÔåÆ retrieval ÔåÆ augmentation ÔåÆ generation
[22m[39m   Ô£à Respuesta RAG generada (95 caracteres)

[90mstdout[2m | backend/tests/application/chat-article.usecase.spec.ts[2m > [22m[2mChatArticleUseCase - RAG System (ZONA CR├ìTICA)[2m > [22m[2m­ƒöì Flujo RAG Completo[2m > [22m[2mPRIORIZACI├ôN: art├¡culo objetivo debe aparecer primero en contexto
[22m[39m
­ƒÆ¼ [RAG Chat] Pregunta sobre: "Test Article About AI Technology"
   ­ƒôØ Pregunta: "Tell me about this article..."
   ­ƒºá Generando embedding de la pregunta...

[90mstdout[2m | backend/tests/application/chat-article.usecase.spec.ts[2m > [22m[2mChatArticleUseCase - RAG System (ZONA CR├ìTICA)[2m > [22m[2m­ƒöì Flujo RAG Completo[2m > [22m[2mPRIORIZACI├ôN: art├¡culo objetivo debe aparecer primero en contexto
[22m[39m   ­ƒöÄ Buscando en ChromaDB (max 3 docs)...

[90mstdout[2m | backend/tests/application/chat-article.usecase.spec.ts[2m > [22m[2mChatArticleUseCase - RAG System (ZONA CR├ìTICA)[2m > [22m[2m­ƒöì Flujo RAG Completo[2m > [22m[2mPRIORIZACI├ôN: art├¡culo objetivo debe aparecer primero en contexto
[22m[39m   ­ƒöì Contexto recuperado: 106 caracteres

[90mstdout[2m | backend/tests/application/chat-article.usecase.spec.ts[2m > [22m[2mChatArticleUseCase - RAG System (ZONA CR├ìTICA)[2m > [22m[2m­ƒöì Flujo RAG Completo[2m > [22m[2mPRIORIZACI├ôN: art├¡culo objetivo debe aparecer primero en contexto
[22m[39m   Ô£à Respuesta RAG generada (8 caracteres)

[90mstdout[2m | backend/tests/application/chat-article.usecase.spec.ts[2m > [22m[2mChatArticleUseCase - RAG System (ZONA CR├ìTICA)[2m > [22m[2m­ƒÆ░ Cost Optimization[2m > [22m[2mL├ìMITE DE DOCUMENTOS: solo recupera m├íximo 3 documentos de ChromaDB
[22m[39m
­ƒÆ¼ [RAG Chat] Pregunta sobre: "Test Article About AI Technology"
   ­ƒôØ Pregunta: "Test question..."
   ­ƒºá Generando embedding de la pregunta...

[90mstdout[2m | backend/tests/application/chat-article.usecase.spec.ts[2m > [22m[2mChatArticleUseCase - RAG System (ZONA CR├ìTICA)[2m > [22m[2m­ƒÆ░ Cost Optimization[2m > [22m[2mL├ìMITE DE DOCUMENTOS: solo recupera m├íximo 3 documentos de ChromaDB
[22m[39m   ­ƒöÄ Buscando en ChromaDB (max 3 docs)...

[90mstdout[2m | backend/tests/application/chat-article.usecase.spec.ts[2m > [22m[2mChatArticleUseCase - RAG System (ZONA CR├ìTICA)[2m > [22m[2m­ƒÆ░ Cost Optimization[2m > [22m[2mL├ìMITE DE DOCUMENTOS: solo recupera m├íximo 3 documentos de ChromaDB
[22m[39m   ­ƒöì Contexto recuperado: 517 caracteres

[90mstdout[2m | backend/tests/application/chat-article.usecase.spec.ts[2m > [22m[2mChatArticleUseCase - RAG System (ZONA CR├ìTICA)[2m > [22m[2m­ƒÆ░ Cost Optimization[2m > [22m[2mL├ìMITE DE DOCUMENTOS: solo recupera m├íximo 3 documentos de ChromaDB
[22m[39m   Ô£à Respuesta RAG generada (8 caracteres)

[90mstdout[2m | backend/tests/application/chat-article.usecase.spec.ts[2m > [22m[2mChatArticleUseCase - RAG System (ZONA CR├ìTICA)[2m > [22m[2m­ƒÆ░ Cost Optimization[2m > [22m[2mTRUNCADO: documentos muy largos deben truncarse a 2000 caracteres
[22m[39m
­ƒÆ¼ [RAG Chat] Pregunta sobre: "Test Article About AI Technology"
   ­ƒôØ Pregunta: "Test question..."
   ­ƒºá Generando embedding de la pregunta...

[90mstdout[2m | backend/tests/application/chat-article.usecase.spec.ts[2m > [22m[2mChatArticleUseCase - RAG System (ZONA CR├ìTICA)[2m > [22m[2m­ƒÆ░ Cost Optimization[2m > [22m[2mTRUNCADO: documentos muy largos deben truncarse a 2000 caracteres
[22m[39m   ­ƒöÄ Buscando en ChromaDB (max 3 docs)...

[90mstdout[2m | backend/tests/application/chat-article.usecase.spec.ts[2m > [22m[2mChatArticleUseCase - RAG System (ZONA CR├ìTICA)[2m > [22m[2m­ƒÆ░ Cost Optimization[2m > [22m[2mTRUNCADO: documentos muy largos deben truncarse a 2000 caracteres
[22m[39m   ­ƒöì Contexto recuperado: 2029 caracteres

[90mstdout[2m | backend/tests/application/chat-article.usecase.spec.ts[2m > [22m[2mChatArticleUseCase - RAG System (ZONA CR├ìTICA)[2m > [22m[2m­ƒÆ░ Cost Optimization[2m > [22m[2mTRUNCADO: documentos muy largos deben truncarse a 2000 caracteres
[22m[39m   Ô£à Respuesta RAG generada (8 caracteres)

[90mstdout[2m | backend/tests/application/chat-article.usecase.spec.ts[2m > [22m[2mChatArticleUseCase - RAG System (ZONA CR├ìTICA)[2m > [22m[2m­ƒÆ░ Cost Optimization[2m > [22m[2mFALLBACK: usa contenido del art├¡culo si ChromaDB falla
[22m[39m
­ƒÆ¼ [RAG Chat] Pregunta sobre: "Test Article About AI Technology"
   ­ƒôØ Pregunta: "Test question..."
   ­ƒºá Generando embedding de la pregunta...

[90mstderr[2m | backend/tests/application/chat-articl
e.usecase.spec.ts[2m > [22m[2mChatArticleUseCase - 
RAG System (ZONA CR├ìTICA)[2m > [22m[2mƒÆ░ Cost 
Optimization[2m > [22m[2mFALLBACK: usa contenido 
del art├¡culo si ChromaDB falla
[22m[39m   ÔÜá´©Å ChromaDB no disponible, usando 
contenido del art├¡culo como fallback

[90mstdout[2m | backend/tests/application/chat-article.usecase.spec.ts[2m > [22m[2mChatArticleUseCase - RAG System (ZONA CR├ìTICA)[2m > [22m[2m­ƒÆ░ Cost Optimization[2m > [22m[2mFALLBACK: usa contenido del art├¡culo si ChromaDB falla
[22m[39m   Ô£à Respuesta RAG generada (17 caracteres)

[90mstdout[2m | backend/tests/application/chat-article.usecase.spec.ts[2m > [22m[2mChatArticleUseCase - RAG System (ZONA CR├ìTICA)[2m > [22m[2m­ƒÆ░ Cost Optimization[2m > [22m[2mSIN RESULTADOS: ChromaDB sin resultados debe usar fallback gracefully
[22m[39m
­ƒÆ¼ [RAG Chat] Pregunta sobre: "Test Article About AI Technology"
   ­ƒôØ Pregunta: "Test question..."
   ­ƒºá Generando embedding de la pregunta...

[90mstdout[2m | backend/tests/application/chat-article.usecase.spec.ts[2m > [22m[2mChatArticleUseCase - RAG System (ZONA CR├ìTICA)[2m > [22m[2m­ƒÆ░ Cost Optimization[2m > [22m[2mSIN RESULTADOS: ChromaDB sin resultados debe usar fallback gracefully
[22m[39m   ­ƒöÄ Buscando en ChromaDB (max 3 docs)...

[90mstdout[2m | backend/tests/application/chat-article.usecase.spec.ts[2m > [22m[2mChatArticleUseCase - RAG System (ZONA CR├ìTICA)[2m > [22m[2m­ƒÆ░ Cost Optimization[2m > [22m[2mSIN RESULTADOS: ChromaDB sin resultados debe usar fallback gracefully
[22m[39m   Ôä╣´©Å No se encontraron documentos similares en ChromaDB

[90mstdout[2m | backend/tests/application/chat-article.usecase.spec.ts[2m > [22m[2mChatArticleUseCase - RAG System (ZONA CR├ìTICA)[2m > [22m[2m­ƒÆ░ Cost Optimization[2m > [22m[2mSIN RESULTADOS: ChromaDB sin resultados debe usar fallback gracefully
[22m[39m   ­ƒöì Contexto recuperado: 0 caracteres

[90mstdout[2m | backend/tests/application/chat-article.usecase.spec.ts[2m > [22m[2mChatArticleUseCase - RAG System (ZONA CR├ìTICA)[2m > [22m[2m­ƒÆ░ Cost Optimization[2m > [22m[2mSIN RESULTADOS: ChromaDB sin resultados debe usar fallback gracefully
[22m[39m   Ô£à Respuesta RAG generada (24 caracteres)

[90mstdout[2m | backend/tests/application/chat-article.usecase.spec.ts[2m > [22m[2mChatArticleUseCase - RAG System (ZONA CR├ìTICA)[2m > [22m[2m­ƒøí´©Å Degradaci├│n Graciosa (Graceful Degradation)[2m > [22m[2mCHROMADB TIMEOUT: debe responder usando solo el contenido del art├¡culo si ChromaDB falla con timeout
[22m[39m
­ƒÆ¼ [RAG Chat] Pregunta sobre: "Test Article About AI Technology"
   ­ƒôØ Pregunta: "What are the main topics discussed?..."
   ­ƒºá Generando embedding de la pregunta...

[90mstderr[2m | backend/tests/application/chat-articl
e.usecase.spec.ts[2m > [22m[2mChatArticleUseCase - 
RAG System (ZONA CR├ìTICA)[2m > [22m[2mƒøí´©Å 
Degradaci├│n Graciosa (Graceful Degradation)[2m > 
[22m[2mCHROMADB TIMEOUT: debe responder usando solo 
el contenido del art├¡culo si ChromaDB falla con 
timeout
[22m[39m   ÔÜá´©Å ChromaDB no disponible, usando 
contenido del art├¡culo como fallback

[90mstdout[2m | backend/tests/application/chat-article.usecase.spec.ts[2m > [22m[2mChatArticleUseCase - RAG System (ZONA CR├ìTICA)[2m > [22m[2m­ƒøí´©Å Degradaci├│n Graciosa (Graceful Degradation)[2m > [22m[2mCHROMADB TIMEOUT: debe responder usando solo el contenido del art├¡culo si ChromaDB falla con timeout
[22m[39m   Ô£à Respuesta RAG generada (56 caracteres)

[90mstdout[2m | backend/tests/application/chat-article.usecase.spec.ts[2m > [22m[2mChatArticleUseCase - RAG System (ZONA CR├ìTICA)[2m > [22m[2m­ƒøí´©Å Degradaci├│n Graciosa (Graceful Degradation)[2m > [22m[2mCHROMADB PARCIAL: si generateEmbedding funciona pero querySimilar falla, debe usar fallback
[22m[39m
­ƒÆ¼ [RAG Chat] Pregunta sobre: "Test Article About AI Technology"
   ­ƒôØ Pregunta: "What are the impacts?..."
   ­ƒºá Generando embedding de la pregunta...

[90mstdout[2m | backend/tests/application/chat-article.usecase.spec.ts[2m > [22m[2mChatArticleUseCase - RAG System (ZONA CR├ìTICA)[2m > [22m[2m­ƒøí´©Å Degradaci├│n Graciosa (Graceful Degradation)[2m > [22m[2mCHROMADB PARCIAL: si generateEmbedding funciona pero querySimilar falla, debe usar fallback
[22m[39m   ­ƒöÄ Buscando en ChromaDB (max 3 docs)...

[90mstderr[2m | backend/tests/application/chat-articl
e.usecase.spec.ts[2m > [22m[2mChatArticleUseCase - 
RAG System (ZONA CR├ìTICA)[2m > [22m[2mƒøí´©Å 
Degradaci├│n Graciosa (Graceful Degradation)[2m > 
[22m[2mCHROMADB PARCIAL: si generateEmbedding 
funciona pero querySimilar falla, debe usar fallback
[22m[39m   ÔÜá´©Å ChromaDB no disponible, usando 
contenido del art├¡culo como fallback

[90mstdout[2m | backend/tests/application/chat-article.usecase.spec.ts[2m > [22m[2mChatArticleUseCase - RAG System (ZONA CR├ìTICA)[2m > [22m[2m­ƒøí´©Å Degradaci├│n Graciosa (Graceful Degradation)[2m > [22m[2mCHROMADB PARCIAL: si generateEmbedding funciona pero querySimilar falla, debe usar fallback
[22m[39m   Ô£à Respuesta RAG generada (49 caracteres)

[90mstdout[2m | backend/tests/application/chat-article.usecase.spec.ts[2m > [22m[2mChatArticleUseCase - RAG System (ZONA CR├ìTICA)[2m > [22m[2m­ƒøí´©Å Degradaci├│n Graciosa (Graceful Degradation)[2m > [22m[2mTRUNCADO EN FALLBACK: si el contenido del art├¡culo es muy largo (>3000 chars), debe truncarse
[22m[39m
­ƒÆ¼ [RAG Chat] Pregunta sobre: "Test Article About AI Technology"
   ­ƒôØ Pregunta: "Question..."
   ­ƒºá Generando embedding de la pregunta...

[90mstderr[2m | backend/tests/application/chat-articl
e.usecase.spec.ts[2m > [22m[2mChatArticleUseCase - 
RAG System (ZONA CR├ìTICA)[2m > [22m[2mƒøí´©Å 
Degradaci├│n Graciosa (Graceful Degradation)[2m > 
[22m[2mTRUNCADO EN FALLBACK: si el contenido del 
art├¡culo es muy largo (>3000 chars), debe truncarse
[22m[39m   ÔÜá´©Å ChromaDB no disponible, usando 
contenido del art├¡culo como fallback

[90mstdout[2m | backend/tests/application/chat-article.usecase.spec.ts[2m > [22m[2mChatArticleUseCase - RAG System (ZONA CR├ìTICA)[2m > [22m[2m­ƒøí´©Å Degradaci├│n Graciosa (Graceful Degradation)[2m > [22m[2mTRUNCADO EN FALLBACK: si el contenido del art├¡culo es muy largo (>3000 chars), debe truncarse
[22m[39m   Ô£à Respuesta RAG generada (8 caracteres)

[90mstdout[2m | backend/tests/application/chat-article.usecase.spec.ts[2m > [22m[2mChatArticleUseCase - RAG System (ZONA CR├ìTICA)[2m > [22m[2m­ƒÆ¼ Conversaci├│n Multi-turno[2m > [22m[2mHISTORIAL: debe procesar m├║ltiples mensajes en secuencia
[22m[39m
­ƒÆ¼ [RAG Chat] Pregunta sobre: "Test Article About AI Technology"
   ­ƒôØ Pregunta: "What are its applications?..."
   ­ƒºá Generando embedding de la pregunta...

[90mstdout[2m | backend/tests/application/chat-article.usecase.spec.ts[2m > [22m[2mChatArticleUseCase - RAG System (ZONA CR├ìTICA)[2m > [22m[2m­ƒÆ¼ Conversaci├│n Multi-turno[2m > [22m[2mHISTORIAL: debe procesar m├║ltiples mensajes en secuencia
[22m[39m   ­ƒöÄ Buscando en ChromaDB (max 3 docs)...

[90mstdout[2m | backend/tests/application/chat-article.usecase.spec.ts[2m > [22m[2mChatArticleUseCase - RAG System (ZONA CR├ìTICA)[2m > [22m[2m­ƒÆ¼ Conversaci├│n Multi-turno[2m > [22m[2mHISTORIAL: debe procesar m├║ltiples mensajes en secuencia
[22m[39m   ­ƒöì Contexto recuperado: 344 caracteres

[90mstdout[2m | backend/tests/application/chat-article.usecase.spec.ts[2m > [22m[2mChatArticleUseCase - RAG System (ZONA CR├ìTICA)[2m > [22m[2m­ƒÆ¼ Conversaci├│n Multi-turno[2m > [22m[2mHISTORIAL: debe procesar m├║ltiples mensajes en secuencia
[22m[39m   Ô£à Respuesta RAG generada (32 caracteres)

[90mstdout[2m | backend/tests/application/chat-article.usecase.spec.ts[2m > [22m[2mChatArticleUseCase - RAG System (ZONA CR├ìTICA)[2m > [22m[2m­ƒÆ¼ Conversaci├│n Multi-turno[2m > [22m[2mCONTEXTO: debe usar solo el ├║ltimo mensaje del usuario para embedding
[22m[39m
­ƒÆ¼ [RAG Chat] Pregunta sobre: "Test Article About AI Technology"
   ­ƒôØ Pregunta: "Second question..."
   ­ƒºá Generando embedding de la pregunta...

[90mstdout[2m | backend/tests/application/chat-article.usecase.spec.ts[2m > [22m[2mChatArticleUseCase - RAG System (ZONA CR├ìTICA)[2m > [22m[2m­ƒÆ¼ Conversaci├│n Multi-turno[2m > [22m[2mCONTEXTO: debe usar solo el ├║ltimo mensaje del usuario para embedding
[22m[39m   ­ƒöÄ Buscando en ChromaDB (max 3 docs)...

[90mstdout[2m | backend/tests/application/chat-article.usecase.spec.ts[2m > [22m[2mChatArticleUseCase - RAG System (ZONA CR├ìTICA)[2m > [22m[2m­ƒÆ¼ Conversaci├│n Multi-turno[2m > [22m[2mCONTEXTO: debe usar solo el ├║ltimo mensaje del usuario para embedding
[22m[39m   ­ƒöì Contexto recuperado: 171 caracteres

[90mstdout[2m | backend/tests/application/chat-article.usecase.spec.ts[2m > [22m[2mChatArticleUseCase - RAG System (ZONA CR├ìTICA)[2m > [22m[2m­ƒÆ¼ Conversaci├│n Multi-turno[2m > [22m[2mCONTEXTO: debe usar solo el ├║ltimo mensaje del usuario para embedding
[22m[39m   Ô£à Respuesta RAG generada (13 caracteres)

[90mstdout[2m | backend/tests/application/chat-article.usecase.spec.ts[2m > [22m[2mChatArticleUseCase - RAG System (ZONA CR├ìTICA)[2m > [22m[2m­ƒôØ Augmentation de Contexto[2m > [22m[2mMETADATA: debe incluir t├¡tulo y fuente del art├¡culo en el contexto
[22m[39m
­ƒÆ¼ [RAG Chat] Pregunta sobre: "Specific Article Title"
   ­ƒôØ Pregunta: "Test question..."
   ­ƒºá Generando embedding de la pregunta...

[90mstdout[2m | backend/tests/application/chat-article.usecase.spec.ts[2m > [22m[2mChatArticleUseCase - RAG System (ZONA CR├ìTICA)[2m > [22m[2m­ƒôØ Augmentation de Contexto[2m > [22m[2mMETADATA: debe incluir t├¡tulo y fuente del art├¡culo en el contexto
[22m[39m   ­ƒöÄ Buscando en ChromaDB (max 3 docs)...

[90mstdout[2m | backend/tests/application/chat-article.usecase.spec.ts[2m > [22m[2mChatArticleUseCase - RAG System (ZONA CR├ìTICA)[2m > [22m[2m­ƒôØ Augmentation de Contexto[2m > [22m[2mMETADATA: debe incluir t├¡tulo y fuente del art├¡culo en el contexto
[22m[39m   ­ƒöì Contexto recuperado: 171 caracteres

[90mstdout[2m | backend/tests/application/chat-article.usecase.spec.ts[2m > [22m[2mChatArticleUseCase - RAG System (ZONA CR├ìTICA)[2m > [22m[2m­ƒôØ Augmentation de Contexto[2m > [22m[2mMETADATA: debe incluir t├¡tulo y fuente del art├¡culo en el contexto
[22m[39m   Ô£à Respuesta RAG generada (8 caracteres)

[90mstdout[2m | backend/tests/application/chat-article.usecase.spec.ts[2m > [22m[2mChatArticleUseCase - RAG System (ZONA CR├ìTICA)[2m > [22m[2m­ƒôØ Augmentation de Contexto[2m > [22m[2mFORMATO COMPACTO: contexto debe usar formato [N] T├¡tulo | Fuente
[22m[39m
­ƒÆ¼ [RAG Chat] Pregunta sobre: "Test Article About AI Technology"
   ­ƒôØ Pregunta: "Test question..."
   ­ƒºá Generando embedding de la pregunta...

[90mstdout[2m | backend/tests/application/chat-article.usecase.spec.ts[2m > [22m[2mChatArticleUseCase - RAG System (ZONA CR├ìTICA)[2m > [22m[2m­ƒôØ Augmentation de Contexto[2m > [22m[2mFORMATO COMPACTO: contexto debe usar formato [N] T├¡tulo | Fuente
[22m[39m   ­ƒöÄ Buscando en ChromaDB (max 3 docs)...

[90mstdout[2m | backend/tests/application/chat-article.usecase.spec.ts[2m > [22m[2mChatArticleUseCase - RAG System (ZONA CR├ìTICA)[2m > [22m[2m­ƒôØ Augmentation de Contexto[2m > [22m[2mFORMATO COMPACTO: contexto debe usar formato [N] T├¡tulo | Fuente
[22m[39m   ­ƒöì Contexto recuperado: 32 caracteres

[90mstdout[2m | backend/tests/application/chat-article.usecase.spec.ts[2m > [22m[2mChatArticleUseCase - RAG System (ZONA CR├ìTICA)[2m > [22m[2m­ƒôØ Augmentation de Contexto[2m > [22m[2mFORMATO COMPACTO: contexto debe usar formato [N] T├¡tulo | Fuente
[22m[39m   Ô£à Respuesta RAG generada (8 caracteres)

 [32mÔ£ô[39m backend/tests/application/chat-article.usecase.spec.ts[2m > [22mChatArticleUseCase - RAG System (ZONA CR├ìTICA)[2m > [22m­ƒöÆ Validaci├│n de Inputs[2m > [22mVALIDACI├ôN: lanza ValidationError si articleId est├í vac├¡o[32m 3[2mms[22m[39m
 [32mÔ£ô[39m backend/tests/application/chat-article.usecase.spec.ts[2m > [22mChatArticleUseCase - RAG System (ZONA CR├ìTICA)[2m > [22m­ƒöÆ Validaci├│n de Inputs[2m > [22mVALIDACI├ôN: lanza ValidationError si messages est├í vac├¡o[32m 1[2mms[22m[39m
 [32mÔ£ô[39m backend/tests/application/chat-article.usecase.spec.ts[2m > [22mChatArticleUseCase - RAG System (ZONA CR├ìTICA)[2m > [22m­ƒöÆ Validaci├│n de Inputs[2m > [22mVALIDACI├ôN: lanza ValidationError si ├║ltimo mensaje no es del usuario[32m 0[2mms[22m[39m
 [32mÔ£ô[39m backend/tests/application/chat-article.usecase.spec.ts[2m > [22mChatArticleUseCase - RAG System (ZONA CR├ìTICA)[2m > [22m­ƒöÆ Validaci├│n de Inputs[2m > [22mENTIDAD NO ENCONTRADA: lanza EntityNotFoundError si el art├¡culo no existe[32m 2[2mms[22m[39m
 [32mÔ£ô[39m backend/tests/application/chat-article.usecase.spec.ts[2m > [22mChatArticleUseCase - RAG System (ZONA CR├ìTICA)[2m > [22m­ƒöì Flujo RAG Completo[2m > [22mRAG EXITOSO: debe inyectar documentos de ChromaDB en el prompt de Gemini[32m 4[2mms[22m[39m
 [32mÔ£ô[39m backend/tests/application/chat-article.usecase.spec.ts[2m > [22mChatArticleUseCase - RAG System (ZONA CR├ìTICA)[2m > [22m­ƒöì Flujo RAG Completo[2m > [22mRAG EXITOSO: embedding ÔåÆ retrieval ÔåÆ augmentation ÔåÆ generation[32m 2[2mms[22m[39m
 [32mÔ£ô[39m backend/tests/application/chat-article.usecase.spec.ts[2m > [22mChatArticleUseCase - RAG System (ZONA CR├ìTICA)[2m > [22m­ƒöì Flujo RAG Completo[2m > [22mPRIORIZACI├ôN: art├¡culo objetivo debe aparecer primero en contexto[32m 1[2mms[22m[39m
 [32mÔ£ô[39m backend/tests/application/chat-article.usecase.spec.ts[2m > [22mChatArticleUseCase - RAG System (ZONA CR├ìTICA)[2m > [22m­ƒÆ░ Cost Optimization[2m > [22mL├ìMITE DE DOCUMENTOS: solo recupera m├íximo 3 documentos de ChromaDB[32m 2[2mms[22m[39m
 [32mÔ£ô[39m backend/tests/application/chat-article.usecase.spec.ts[2m > [22mChatArticleUseCase - RAG System (ZONA CR├ìTICA)[2m > [22m­ƒÆ░ Cost Optimization[2m > [22mTRUNCADO: documentos muy largos deben truncarse a 2000 caracteres[32m 1[2mms[22m[39m
 [32mÔ£ô[39m backend/tests/application/chat-article.usecase.spec.ts[2m > [22mChatArticleUseCase - RAG System (ZONA CR├ìTICA)[2m > [22m­ƒÆ░ Cost Optimization[2m > [22mFALLBACK: usa contenido del art├¡culo si ChromaDB falla[32m 1[2mms[22m[39m
 [32mÔ£ô[39m backend/tests/application/chat-article.usecase.spec.ts[2m > [22mChatArticleUseCase - RAG System (ZONA CR├ìTICA)[2m > [22m­ƒÆ░ Cost Optimization[2m > [22mSIN RESULTADOS: ChromaDB sin resultados debe usar fallback gracefully[32m 1[2mms[22m[39m
 [32mÔ£ô[39m backend/tests/application/chat-article.usecase.spec.ts[2m > [22mChatArticleUseCase - RAG System (ZONA CR├ìTICA)[2m > [22m­ƒøí´©Å Degradaci├│n Graciosa (Graceful Degradation)[2m > [22mCHROMADB TIMEOUT: debe responder usando solo el contenido del art├¡culo si ChromaDB falla con timeout[32m 1[2mms[22m[39m
 [32mÔ£ô[39m backend/tests/application/chat-article.usecase.spec.ts[2m > [22mChatArticleUseCase - RAG System (ZONA CR├ìTICA)[2m > [22m­ƒøí´©Å Degradaci├│n Graciosa (Graceful Degradation)[2m > [22mCHROMADB PARCIAL: si generateEmbedding funciona pero querySimilar falla, debe usar fallback[32m 1[2mms[22m[39m
 [32mÔ£ô[39m backend/tests/application/chat-article.usecase.spec.ts[2m > [22mChatArticleUseCase - RAG System (ZONA CR├ìTICA)[2m > [22m­ƒøí´©Å Degradaci├│n Graciosa (Graceful Degradation)[2m > [22mTRUNCADO EN FALLBACK: si el contenido del art├¡culo es muy largo (>3000 chars), debe truncarse[32m 1[2mms[22m[39m
 [32mÔ£ô[39m backend/tests/application/chat-article.usecase.spec.ts[2m > [22mChatArticleUseCase - RAG System (ZONA CR├ìTICA)[2m > [22m­ƒÆ¼ Conversaci├│n Multi-turno[2m > [22mHISTORIAL: debe procesar m├║ltiples mensajes en secuencia[32m 1[2mms[22m[39m
 [32mÔ£ô[39m backend/tests/application/chat-article.usecase.spec.ts[2m > [22mChatArticleUseCase - RAG System (ZONA CR├ìTICA)[2m > [22m­ƒÆ¼ Conversaci├│n Multi-turno[2m > [22mCONTEXTO: debe usar solo el ├║ltimo mensaje del usuario para embedding[32m 1[2mms[22m[39m
 [32mÔ£ô[39m backend/tests/application/chat-article.usecase.spec.ts[2m > [22mChatArticleUseCase - RAG System (ZONA CR├ìTICA)[2m > [22m­ƒôØ Augmentation de Contexto[2m > [22mMETADATA: debe incluir t├¡tulo y fuente del art├¡culo en el contexto[32m 1[2mms[22m[39m
 [32mÔ£ô[39m backend/tests/application/chat-article.usecase.spec.ts[2m > [22mChatArticleUseCase - RAG System (ZONA CR├ìTICA)[2m > [22m­ƒôØ Augmentation de Contexto[2m > [22mFORMATO COMPACTO: contexto debe usar formato [N] T├¡tulo | Fuente[32m 1[2mms[22m[39m
[90mstdout[2m | backend/tests/application/search-news.usecase.spec.ts[2m > [22m[2mSearchNewsUseCase - Semantic Search (ZONA EST├üNDAR)[2m > [22m[2m­ƒöì B├║squeda Sem├íntica Exitosa[2m > [22m[2mB├ÜSQUEDA EXITOSA: debe devolver art├¡culos ordenados por relevancia de ChromaDB
[22m[39m
­ƒöì [Search] Query: "artificial intelligence applications" (limit: 10)
   ­ƒºá Generando embedding para la query...

[90mstdout[2m | backend/tests/application/search-news.usecase.spec.ts[2m > [22m[2mSearchNewsUseCase - Semantic Search (ZONA EST├üNDAR)[2m > [22m[2m­ƒöì B├║squeda Sem├íntica Exitosa[2m > [22m[2mB├ÜSQUEDA EXITOSA: debe devolver art├¡culos ordenados por relevancia de ChromaDB
[22m[39m   ­ƒöù Buscando en ChromaDB...

[90mstdout[2m | backend/tests/application/search-news.usecase.spec.ts[2m > [22m[2mSearchNewsUseCase - Semantic Search (ZONA EST├üNDAR)[2m > [22m[2m­ƒöì B├║squeda Sem├íntica Exitosa[2m > [22m[2mB├ÜSQUEDA EXITOSA: debe devolver art├¡culos ordenados por relevancia de ChromaDB
[22m[39m   Ô£à Encontrados 3 IDs similares
   ­ƒôÜ Recuperando art├¡culos de PostgreSQL...

[90mstdout[2m | backend/tests/application/search-news.usecase.spec.ts[2m > [22m[2mSearchNewsUseCase - Semantic Search (ZONA EST├üNDAR)[2m > [22m[2m­ƒöì B├║squeda Sem├íntica Exitosa[2m > [22m[2mB├ÜSQUEDA EXITOSA: debe devolver art├¡culos ordenados por relevancia de ChromaDB
[22m[39m   Ô£à Devolviendo 3 art├¡culos ordenados por relevancia

[90mstdout[2m | backend/tests/application/search-news.usecase.spec.ts[2m > [22m[2mSearchNewsUseCase - Semantic Search (ZONA EST├üNDAR)[2m > [22m[2m­ƒöì B├║squeda Sem├íntica Exitosa[2m > [22m[2mL├ìMITE PERSONALIZADO: debe respetar el l├¡mite especificado
[22m[39m
­ƒöì [Search] Query: "technology" (limit: 3)
   ­ƒºá Generando embedding para la query...

[90mstdout[2m | backend/tests/application/search-news.usecase.spec.ts[2m > [22m[2mSearchNewsUseCase - Semantic Search (ZONA EST├üNDAR)[2m > [22m[2m­ƒöì B├║squeda Sem├íntica Exitosa[2m > [22m[2mL├ìMITE PERSONALIZADO: debe respetar el l├¡mite especificado
[22m[39m   ­ƒöù Buscando en ChromaDB...

[90mstdout[2m | backend/tests/application/search-news.usecase.spec.ts[2m > [22m[2mSearchNewsUseCase - Semantic Search (ZONA EST├üNDAR)[2m > [22m[2m­ƒöì B├║squeda Sem├íntica Exitosa[2m > [22m[2mL├ìMITE PERSONALIZADO: debe respetar el l├¡mite especificado
[22m[39m   Ô£à Encontrados 3 IDs similares
   ­ƒôÜ Recuperando art├¡culos de PostgreSQL...

[90mstdout[2m | backend/tests/application/search-news.usecase.spec.ts[2m > [22m[2mSearchNewsUseCase - Semantic Search (ZONA EST├üNDAR)[2m > [22m[2m­ƒöì B├║squeda Sem├íntica Exitosa[2m > [22m[2mL├ìMITE PERSONALIZADO: debe respetar el l├¡mite especificado
[22m[39m   Ô£à Devolviendo 3 art├¡culos ordenados por relevancia

[90mstdout[2m | backend/tests/application/search-news.usecase.spec.ts[2m > [22m[2mSearchNewsUseCase - Semantic Search (ZONA EST├üNDAR)[2m > [22m[2m­ƒöì B├║squeda Sem├íntica Exitosa[2m > [22m[2mL├ìMITE POR DEFECTO: debe usar l├¡mite de 10 si no se especifica
[22m[39m
­ƒöì [Search] Query: "news" (limit: 10)
   ­ƒºá Generando embedding para la query...

[90mstdout[2m | backend/tests/application/search-news.usecase.spec.ts[2m > [22m[2mSearchNewsUseCase - Semantic Search (ZONA EST├üNDAR)[2m > [22m[2m­ƒöì B├║squeda Sem├íntica Exitosa[2m > [22m[2mL├ìMITE POR DEFECTO: debe usar l├¡mite de 10 si no se especifica
[22m[39m   ­ƒöù Buscando en ChromaDB...

[90mstdout[2m | backend/tests/application/search-news.usecase.spec.ts[2m > [22m[2mSearchNewsUseCase - Semantic Search (ZONA EST├üNDAR)[2m > [22m[2m­ƒöì B├║squeda Sem├íntica Exitosa[2m > [22m[2mL├ìMITE POR DEFECTO: debe usar l├¡mite de 10 si no se especifica
[22m[39m   Ô£à Encontrados 1 IDs similares
   ­ƒôÜ Recuperando art├¡culos de PostgreSQL...

[90mstdout[2m | backend/tests/application/search-news.usecase.spec.ts[2m > [22m[2mSearchNewsUseCase - Semantic Search (ZONA EST├üNDAR)[2m > [22m[2m­ƒöì B├║squeda Sem├íntica Exitosa[2m > [22m[2mL├ìMITE POR DEFECTO: debe usar l├¡mite de 10 si no se especifica
[22m[39m   Ô£à Devolviendo 1 art├¡culos ordenados por relevancia

[90mstdout[2m | backend/tests/application/search-news.usecase.spec.ts[2m > [22m[2mSearchNewsUseCase - Semantic Search (ZONA EST├üNDAR)[2m > [22m[2m­ƒöì B├║squeda Sem├íntica Exitosa[2m > [22m[2mORDEN DE RELEVANCIA: debe preservar el orden exacto de ChromaDB
[22m[39m
­ƒöì [Search] Query: "search term" (limit: 10)
   ­ƒºá Generando embedding para la query...

[90mstdout[2m | backend/tests/application/search-news.usecase.spec.ts[2m > [22m[2mSearchNewsUseCase - Semantic Search (ZONA EST├üNDAR)[2m > [22m[2m­ƒöì B├║squeda Sem├íntica Exitosa[2m > [22m[2mORDEN DE RELEVANCIA: debe preservar el orden exacto de ChromaDB
[22m[39m   ­ƒöù Buscando en ChromaDB...

[90mstdout[2m | backend/tests/application/search-news.usecase.spec.ts[2m > [22m[2mSearchNewsUseCase - Semantic Search (ZONA EST├üNDAR)[2m > [22m[2m­ƒöì B├║squeda Sem├íntica Exitosa[2m > [22m[2mORDEN DE RELEVANCIA: debe preservar el orden exacto de ChromaDB
[22m[39m   Ô£à Encontrados 4 IDs similares
   ­ƒôÜ Recuperando art├¡culos de PostgreSQL...

[90mstdout[2m | backend/tests/application/search-news.usecase.spec.ts[2m > [22m[2mSearchNewsUseCase - Semantic Search (ZONA EST├üNDAR)[2m > [22m[2m­ƒöì B├║squeda Sem├íntica Exitosa[2m > [22m[2mORDEN DE RELEVANCIA: debe preservar el orden exacto de ChromaDB
[22m[39m   Ô£à Devolviendo 4 art├¡culos ordenados por relevancia

[90mstdout[2m | backend/tests/application/search-news.usecase.spec.ts[2m > [22m[2mSearchNewsUseCase - Semantic Search (ZONA EST├üNDAR)[2m > [22m[2m­ƒÜ½ Sin Resultados y Edge Cases[2m > [22m[2mSIN RESULTADOS: debe devolver array vac├¡o (no null, no error) si ChromaDB no encuentra nada
[22m[39m
­ƒöì [Search] Query: "query sin resultados" (limit: 10)
   ­ƒºá Generando embedding para la query...

[90mstdout[2m | backend/tests/application/search-news.usecase.spec.ts[2m > [22m[2mSearchNewsUseCase - Semantic Search (ZONA EST├üNDAR)[2m > [22m[2m­ƒÜ½ Sin Resultados y Edge Cases[2m > [22m[2mSIN RESULTADOS: debe devolver array vac├¡o (no null, no error) si ChromaDB no encuentra nada
[22m[39m   ­ƒöù Buscando en ChromaDB...

[90mstdout[2m | backend/tests/application/search-news.usecase.spec.ts[2m > [22m[2mSearchNewsUseCase - Semantic Search (ZONA EST├üNDAR)[2m > [22m[2m­ƒÜ½ Sin Resultados y Edge Cases[2m > [22m[2mSIN RESULTADOS: debe devolver array vac├¡o (no null, no error) si ChromaDB no encuentra nada
[22m[39m   ÔÜá´©Å No se encontraron resultados similares

[90mstdout[2m | backend/tests/application/search-news.usecase.spec.ts[2m > [22m[2mSearchNewsUseCase - Semantic Search (ZONA EST├üNDAR)[2m > [22m[2m­ƒÜ½ Sin Resultados y Edge Cases[2m > [22m[2mRESULTADOS PARCIALES: si PostgreSQL no encuentra algunos IDs, debe filtrarlos
[22m[39m
­ƒöì [Search] Query: "test" (limit: 10)
   ­ƒºá Generando embedding para la query...

[90mstdout[2m | backend/tests/application/search-news.usecase.spec.ts[2m > [22m[2mSearchNewsUseCase - Semantic Search (ZONA EST├üNDAR)[2m > [22m[2m­ƒÜ½ Sin Resultados y Edge Cases[2m > [22m[2mRESULTADOS PARCIALES: si PostgreSQL no encuentra algunos IDs, debe filtrarlos
[22m[39m   ­ƒöù Buscando en ChromaDB...

[90mstdout[2m | backend/tests/application/search-news.usecase.spec.ts[2m > [22m[2mSearchNewsUseCase - Semantic Search (ZONA EST├üNDAR)[2m > [22m[2m­ƒÜ½ Sin Resultados y Edge Cases[2m > [22m[2mRESULTADOS PARCIALES: si PostgreSQL no encuentra algunos IDs, debe filtrarlos
[22m[39m   Ô£à Encontrados 4 IDs similares
   ­ƒôÜ Recuperando art├¡culos de PostgreSQL...

[90mstdout[2m | backend/tests/application/search-news.usecase.spec.ts[2m > [22m[2mSearchNewsUseCase - Semantic Search (ZONA EST├üNDAR)[2m > [22m[2m­ƒÜ½ Sin Resultados y Edge Cases[2m > [22m[2mRESULTADOS PARCIALES: si PostgreSQL no encuentra algunos IDs, debe filtrarlos
[22m[39m   Ô£à Devolviendo 2 art├¡culos ordenados por relevancia

[90mstdout[2m | backend/tests/application/search-news.usecase.spec.ts[2m > [22m[2mSearchNewsUseCase - Semantic Search (ZONA EST├üNDAR)[2m > [22m[2m­ƒÜ½ Sin Resultados y Edge Cases[2m > [22m[2mQUERY M├ìNIMO V├üLIDO: debe funcionar con query de exactamente 2 caracteres
[22m[39m
­ƒöì [Search] Query: "AI" (limit: 10)
   ­ƒºá Generando embedding para la query...

[90mstdout[2m | backend/tests/application/search-news.usecase.spec.ts[2m > [22m[2mSearchNewsUseCase - Semantic Search (ZONA EST├üNDAR)[2m > [22m[2m­ƒÜ½ Sin Resultados y Edge Cases[2m > [22m[2mQUERY M├ìNIMO V├üLIDO: debe funcionar con query de exactamente 2 caracteres
[22m[39m   ­ƒöù Buscando en ChromaDB...

[90mstdout[2m | backend/tests/application/search-news.usecase.spec.ts[2m > [22m[2mSearchNewsUseCase - Semantic Search (ZONA EST├üNDAR)[2m > [22m[2m­ƒÜ½ Sin Resultados y Edge Cases[2m > [22m[2mQUERY M├ìNIMO V├üLIDO: debe funcionar con query de exactamente 2 caracteres
[22m[39m   Ô£à Encontrados 1 IDs similares
   ­ƒôÜ Recuperando art├¡culos de PostgreSQL...

[90mstdout[2m | backend/tests/application/search-news.usecase.spec.ts[2m > [22m[2mSearchNewsUseCase - Semantic Search (ZONA EST├üNDAR)[2m > [22m[2m­ƒÜ½ Sin Resultados y Edge Cases[2m > [22m[2mQUERY M├ìNIMO V├üLIDO: debe funcionar con query de exactamente 2 caracteres
[22m[39m   Ô£à Devolviendo 1 art├¡culos ordenados por relevancia

[90mstdout[2m | backend/tests/application/search-news.usecase.spec.ts[2m > [22m[2mSearchNewsUseCase - Semantic Search (ZONA EST├üNDAR)[2m > [22m[2m­ƒÜ½ Sin Resultados y Edge Cases[2m > [22m[2mL├ìMITE M├üXIMO: debe funcionar con l├¡mite de 50 (m├íximo permitido)
[22m[39m
­ƒöì [Search] Query: "technology" (limit: 50)
   ­ƒºá Generando embedding para la query...

[90mstdout[2m | backend/tests/application/search-news.usecase.spec.ts[2m > [22m[2mSearchNewsUseCase - Semantic Search (ZONA EST├üNDAR)[2m > [22m[2m­ƒÜ½ Sin Resultados y Edge Cases[2m > [22m[2mL├ìMITE M├üXIMO: debe funcionar con l├¡mite de 50 (m├íximo permitido)
[22m[39m   ­ƒöù Buscando en ChromaDB...

[90mstdout[2m | backend/tests/application/search-news.usecase.spec.ts[2m > [22m[2mSearchNewsUseCase - Semantic Search (ZONA EST├üNDAR)[2m > [22m[2m­ƒÜ½ Sin Resultados y Edge Cases[2m > [22m[2mL├ìMITE M├üXIMO: debe funcionar con l├¡mite de 50 (m├íximo permitido)
[22m[39m   Ô£à Encontrados 1 IDs similares
   ­ƒôÜ Recuperando art├¡culos de PostgreSQL...

[90mstdout[2m | backend/tests/application/search-news.usecase.spec.ts[2m > [22m[2mSearchNewsUseCase - Semantic Search (ZONA EST├üNDAR)[2m > [22m[2m­ƒÜ½ Sin Resultados y Edge Cases[2m > [22m[2mL├ìMITE M├üXIMO: debe funcionar con l├¡mite de 50 (m├íximo permitido)
[22m[39m   Ô£à Devolviendo 1 art├¡culos ordenados por relevancia

[90mstdout[2m | backend/tests/application/search-news.usecase.spec.ts[2m > [22m[2mSearchNewsUseCase - Semantic Search (ZONA EST├üNDAR)[2m > [22m[2m­ƒöä Flujo Completo End-to-End[2m > [22m[2mE2E: debe ejecutar el flujo completo embedding ÔåÆ vector search ÔåÆ hydration
[22m[39m
­ƒöì [Search] Query: "climate change solutions" (limit: 5)
   ­ƒºá Generando embedding para la query...

[90mstdout[2m | backend/tests/application/search-news.usecase.spec.ts[2m > [22m[2mSearchNewsUseCase - Semantic Search (ZONA EST├üNDAR)[2m > [22m[2m­ƒöä Flujo Completo End-to-End[2m > [22m[2mE2E: debe ejecutar el flujo completo embedding ÔåÆ vector search ÔåÆ hydration
[22m[39m   ­ƒöù Buscando en ChromaDB...

[90mstdout[2m | backend/tests/application/search-news.usecase.spec.ts[2m > [22m[2mSearchNewsUseCase - Semantic Search (ZONA EST├üNDAR)[2m > [22m[2m­ƒöä Flujo Completo End-to-End[2m > [22m[2mE2E: debe ejecutar el flujo completo embedding ÔåÆ vector search ÔåÆ hydration
[22m[39m   Ô£à Encontrados 2 IDs similares
   ­ƒôÜ Recuperando art├¡culos de PostgreSQL...

[90mstdout[2m | backend/tests/application/search-news.usecase.spec.ts[2m > [22m[2mSearchNewsUseCase - Semantic Search (ZONA EST├üNDAR)[2m > [22m[2m­ƒöä Flujo Completo End-to-End[2m > [22m[2mE2E: debe ejecutar el flujo completo embedding ÔåÆ vector search ÔåÆ hydration
[22m[39m   Ô£à Devolviendo 2 art├¡culos ordenados por relevancia

 [32mÔ£ô[39m backend/tests/application/search-news.usecase.spec.ts[2m > [22mSearchNewsUseCase - Semantic Search (ZONA EST├üNDAR)[2m > [22m­ƒöÆ Validaci├│n de Inputs[2m > [22mVALIDACI├ôN: lanza ValidationError si query est├í vac├¡o[32m 4[2mms[22m[39m
 [32mÔ£ô[39m backend/tests/application/search-news.usecase.spec.ts[2m > [22mSearchNewsUseCase - Semantic Search (ZONA EST├üNDAR)[2m > [22m­ƒöÆ Validaci├│n de Inputs[2m > [22mVALIDACI├ôN: lanza ValidationError si query es muy corto (<2 chars)[32m 1[2mms[22m[39m
 [32mÔ£ô[39m backend/tests/application/search-news.usecase.spec.ts[2m > [22mSearchNewsUseCase - Semantic Search (ZONA EST├üNDAR)[2m > [22m­ƒöÆ Validaci├│n de Inputs[2m > [22mVALIDACI├ôN: lanza ValidationError si limit < 1[32m 0[2mms[22m[39m
 [32mÔ£ô[39m backend/tests/application/search-news.usecase.spec.ts[2m > [22mSearchNewsUseCase - Semantic Search (ZONA EST├üNDAR)[2m > [22m­ƒöÆ Validaci├│n de Inputs[2m > [22mVALIDACI├ôN: lanza ValidationError si limit > 50[32m 1[2mms[22m[39m
 [32mÔ£ô[39m backend/tests/application/search-news.usecase.spec.ts[2m > [22mSearchNewsUseCase - Semantic Search (ZONA EST├üNDAR)[2m > [22m­ƒöì B├║squeda Sem├íntica Exitosa[2m > [22mB├ÜSQUEDA EXITOSA: debe devolver art├¡culos ordenados por relevancia de ChromaDB[32m 6[2mms[22m[39m
 [32mÔ£ô[39m backend/tests/application/search-news.usecase.spec.ts[2m > [22mSearchNewsUseCase - Semantic Search (ZONA EST├üNDAR)[2m > [22m­ƒöì B├║squeda Sem├íntica Exitosa[2m > [22mL├ìMITE PERSONALIZADO: debe respetar el l├¡mite especificado[32m 1[2mms[22m[39m
 [32mÔ£ô[39m backend/tests/application/search-news.usecase.spec.ts[2m > [22mSearchNewsUseCase - Semantic Search (ZONA EST├üNDAR)[2m > [22m­ƒöì B├║squeda Sem├íntica Exitosa[2m > [22mL├ìMITE POR DEFECTO: debe usar l├¡mite de 10 si no se especifica[32m 1[2mms[22m[39m
 [32mÔ£ô[39m backend/tests/application/search-news.usecase.spec.ts[2m > [22mSearchNewsUseCase - Semantic Search (ZONA EST├üNDAR)[2m > [22m­ƒöì B├║squeda Sem├íntica Exitosa[2m > [22mORDEN DE RELEVANCIA: debe preservar el orden exacto de ChromaDB[32m 1[2mms[22m[39m
 [32mÔ£ô[39m backend/tests/application/search-news.usecase.spec.ts[2m > [22mSearchNewsUseCase - Semantic Search (ZONA EST├üNDAR)[2m > [22m­ƒÜ½ Sin Resultados y Edge Cases[2m > [22mSIN RESULTADOS: debe devolver array vac├¡o (no null, no error) si ChromaDB no encuentra nada[32m 1[2mms[22m[39m
 [32mÔ£ô[39m backend/tests/application/search-news.usecase.spec.ts[2m > [22mSearchNewsUseCase - Semantic Search (ZONA EST├üNDAR)[2m > [22m­ƒÜ½ Sin Resultados y Edge Cases[2m > [22mRESULTADOS PARCIALES: si PostgreSQL no encuentra algunos IDs, debe filtrarlos[32m 1[2mms[22m[39m
 [32mÔ£ô[39m backend/tests/application/search-news.usecase.spec.ts[2m > [22mSearchNewsUseCase - Semantic Search (ZONA EST├üNDAR)[2m > [22m­ƒÜ½ Sin Resultados y Edge Cases[2m > [22mQUERY M├ìNIMO V├üLIDO: debe funcionar con query de exactamente 2 caracteres[32m 1[2mms[22m[39m
 [32mÔ£ô[39m backend/tests/application/search-news.usecase.spec.ts[2m > [22mSearchNewsUseCase - Semantic Search (ZONA EST├üNDAR)[2m > [22m­ƒÜ½ Sin Resultados y Edge Cases[2m > [22mL├ìMITE M├üXIMO: debe funcionar con l├¡mite de 50 (m├íximo permitido)[32m 1[2mms[22m[39m
 [32mÔ£ô[39m backend/tests/application/search-news.usecase.spec.ts[2m > [22mSearchNewsUseCase - Semantic Search (ZONA EST├üNDAR)[2m > [22m­ƒöä Flujo Completo End-to-End[2m > [22mE2E: debe ejecutar el flujo completo embedding ÔåÆ vector search ÔåÆ hydration[32m 1[2mms[22m[39m
[90mstdout[2m | backend/tests/application/analyze-article.usecase.spec.ts[2m > [22m[2mAnalyzeArticleUseCase - L├│gica de Orquestaci├│n (ZONA CR├ìTICA)[2m > [22m[2m­ƒÆ░ Cost Optimization - Cache Hit[2m > [22m[2mCACHE HIT: devuelve an├ílisis existente SIN llamar a Gemini si isAnalyzed=true
[22m[39m
­ƒöì [An├ílisis] Iniciando noticia: "Test Article Title"
   ÔÅ¡´©Å CACHE HIT: An├ílisis ya existe en BD. Gemini NO llamado.

[90mstdout[2m | backend/tests/application/analyze-article.usecase.spec.ts[2m > [22m[2mAnalyzeArticleUseCase - L├│gica de Orquestaci├│n (ZONA CR├ìTICA)[2m > [22m[2m­ƒÆ░ Cost Optimization - Cache Hit[2m > [22m[2mCACHE MISS: llama a Gemini si isAnalyzed=false aunque tenga contenido
[22m[39m
­ƒöì [An├ílisis] Iniciando noticia: "Test Article Title"
   ­ƒôé Usando contenido existente en DB.
   ­ƒû╝´©Å  Art├¡culo ya tiene imagen.
   ­ƒºá Enviando a Gemini para an├ílisis de sesgo...

[90mstdout[2m | backend/tests/application/analyze-article.usecase.spec.ts[2m > [22m[2mAnalyzeArticleUseCase - L├│gica de Orquestaci├│n (ZONA CR├ìTICA)[2m > [22m[2m­ƒÆ░ Cost Optimization - Cache Hit[2m > [22m[2mCACHE MISS: llama a Gemini si isAnalyzed=false aunque tenga contenido
[22m[39m   Ô£à Gemini OK. Score: 0 | Summary: Test summary of the article...
   Ô¡É Auto-favorito activado.

[90mstdout[2m | backend/tests/application/analyze-article.usecase.spec.ts[2m > [22m[2mAnalyzeArticleUseCase - L├│gica de Orquestaci├│n (ZONA CR├ìTICA)[2m > [22m[2m­ƒÆ░ Cost Optimization - Cache Hit[2m > [22m[2mCACHE MISS: llama a Gemini si isAnalyzed=false aunque tenga contenido
[22m[39m   ­ƒöù Indexando en ChromaDB...

[90mstdout[2m | backend/src/infrastructure/external/gemini.client.spec.ts[2m > [22m[2mGeminiClient - Token Taximeter & Cost Calculation (ZONA CR├ìTICA)[2m > [22m[2mÔÜá´©Å Manejo de Errores[2m > [22m[2mERROR EN API: NO suma tokens al acumulador si la llamada falla
[22m[39m      [GeminiClient] Analizando art├¡culo (intento 2/3)...

[90mstdout[2m | backend/src/infrastructure/external/gemini.client.spec.ts[2m > [22m[2mGeminiClient - Token Taximeter & Cost Calculation (ZONA CR├ìTICA)[2m > [22m[2mÔÜá´©Å Manejo de Errores[2m > [22m[2mERROR EN API: NO suma tokens al acumulador si la llamada falla
[22m[39m      [GeminiClient] Esperando 2000ms antes de reintentar...

[90mstderr[2m | backend/src/infrastructure/external/g
emini.client.spec.ts[2m > [22m[2mGeminiClient - 
Token Taximeter & Cost Calculation (ZONA CR├ìTICA)[2m 
> [22m[2mÔÜá´©Å Manejo de Errores[2m > 
[22m[2mERROR EN API: NO suma tokens al acumulador si 
la llamada falla
[22m[39m      [GeminiClient] Intento 2 fall├│: 
Cannot read properties of undefined (reading 
'response')

[90mstderr[2m | backend/tests/application/analyze-art
icle.usecase.spec.ts[2m > 
[22m[2mAnalyzeArticleUseCase - L├│gica de 
Orquestaci├│n (ZONA CR├ìTICA)[2m > [22m[2mƒÆ░ Cost 
Optimization - Cache Hit[2m > [22m[2mCACHE MISS: 
llama a Gemini si isAnalyzed=false aunque tenga 
contenido
[22m[39m   ÔÜá´©Å Indexaci├│n ChromaDB fall├│ 
(an├ílisis completado): this.chromaClient.upsertItem 
is not a function

[90mstdout[2m | backend/tests/application/analyze-article.usecase.spec.ts[2m > [22m[2mAnalyzeArticleUseCase - L├│gica de Orquestaci├│n (ZONA CR├ìTICA)[2m > [22m[2m­ƒîÉ Flujo de Scraping con Jina Reader[2m > [22m[2mSCRAPING: llama a JinaReader si content es muy corto (<100 chars)
[22m[39m
­ƒöì [An├ílisis] Iniciando noticia: "Test Article Title"
   ­ƒîÉ Scraping contenido con Jina Reader (URL: https://example.com/test-article)...

[90mstdout[2m | backend/tests/application/analyze-article.usecase.spec.ts[2m > [22m[2mAnalyzeArticleUseCase - L├│gica de Orquestaci├│n (ZONA CR├ìTICA)[2m > [22m[2m­ƒîÉ Flujo de Scraping con Jina Reader[2m > [22m[2mSCRAPING: llama a JinaReader si content es muy corto (<100 chars)
[22m[39m   Ô£à Scraping OK (101 caracteres).

[90mstdout[2m | backend/tests/application/analyze-article.usecase.spec.ts[2m > [22m[2mAnalyzeArticleUseCase - L├│gica de Orquestaci├│n (ZONA CR├ìTICA)[2m > [22m[2m­ƒîÉ Flujo de Scraping con Jina Reader[2m > [22m[2mSCRAPING: llama a JinaReader si content es muy corto (<100 chars)
[22m[39m   ­ƒû╝´©Å  Art├¡culo ya tiene imagen.
   ­ƒºá Enviando a Gemini para an├ílisis de sesgo...

[90mstdout[2m | backend/tests/application/analyze-article.usecase.spec.ts[2m > [22m[2mAnalyzeArticleUseCase - L├│gica de Orquestaci├│n (ZONA CR├ìTICA)[2m > [22m[2m­ƒîÉ Flujo de Scraping con Jina Reader[2m > [22m[2mSCRAPING: llama a JinaReader si content es muy corto (<100 chars)
[22m[39m   Ô£à Gemini OK. Score: 0 | Summary: Test summary of the article...
   Ô¡É Auto-favorito activado.

[90mstdout[2m | backend/tests/application/analyze-article.usecase.spec.ts[2m > [22m[2mAnalyzeArticleUseCase - L├│gica de Orquestaci├│n (ZONA CR├ìTICA)[2m > [22m[2m­ƒîÉ Flujo de Scraping con Jina Reader[2m > [22m[2mSCRAPING: llama a JinaReader si content es muy corto (<100 chars)
[22m[39m   ­ƒöù Indexando en ChromaDB...

[90mstderr[2m | backend/tests/application/analyze-art
icle.usecase.spec.ts[2m > 
[22m[2mAnalyzeArticleUseCase - L├│gica de 
Orquestaci├│n (ZONA CR├ìTICA)[2m > [22m[2mƒîÉ Flujo 
de Scraping con Jina Reader[2m > [22m[2mSCRAPING: 
llama a JinaReader si content es muy corto (<100 chars)
[22m[39m   ÔÜá´©Å Indexaci├│n ChromaDB fall├│ 
(an├ílisis completado): this.chromaClient.upsertItem 
is not a function

[90mstdout[2m | backend/tests/application/analyze-article.usecase.spec.ts[2m > [22m[2mAnalyzeArticleUseCase - L├│gica de Orquestaci├│n (ZONA CR├ìTICA)[2m > [22m[2m­ƒîÉ Flujo de Scraping con Jina Reader[2m > [22m[2mSCRAPING FALLIDO: usa contenido original si Jina falla
[22m[39m
­ƒöì [An├ílisis] Iniciando noticia: "Test Article Title"
   ­ƒîÉ Scraping contenido con Jina Reader (URL: https://example.com/test-article)...

[90mstdout[2m | backend/tests/application/analyze-article.usecase.spec.ts[2m > [22m[2mAnalyzeArticleUseCase - L├│gica de Orquestaci├│n (ZONA CR├ìTICA)[2m > [22m[2m­ƒîÉ Flujo de Scraping con Jina Reader[2m > [22m[2mSCRAPING FALLIDO: usa contenido original si Jina falla
[22m[39m   ­ƒû╝´©Å  Art├¡culo ya tiene imagen.
   ­ƒºá Enviando a Gemini para an├ílisis de sesgo...

[90mstderr[2m | backend/tests/application/analyze-art
icle.usecase.spec.ts[2m > 
[22m[2mAnalyzeArticleUseCase - L├│gica de 
Orquestaci├│n (ZONA CR├ìTICA)[2m > [22m[2mƒîÉ Flujo 
de Scraping con Jina Reader[2m > [22m[2mSCRAPING 
FALLIDO: usa contenido original si Jina falla
[22m[39m   ÔÜá´©Å Scraping fall├│. Usando FALLBACK 
(t├¡tulo + descripci├│n).
   ­ƒæë Raz├│n: Jina API error

[90mstdout[2m | backend/tests/application/analyze-article.usecase.spec.ts[2m > [22m[2mAnalyzeArticleUseCase - L├│gica de Orquestaci├│n (ZONA CR├ìTICA)[2m > [22m[2m­ƒîÉ Flujo de Scraping con Jina Reader[2m > [22m[2mSCRAPING FALLIDO: usa contenido original si Jina falla
[22m[39m   Ô£à Gemini OK. Score: 0 | Summary: Test summary of the article...
   Ô¡É Auto-favorito activado.

[90mstdout[2m | backend/tests/application/analyze-article.usecase.spec.ts[2m > [22m[2mAnalyzeArticleUseCase - L├│gica de Orquestaci├│n (ZONA CR├ìTICA)[2m > [22m[2m­ƒîÉ Flujo de Scraping con Jina Reader[2m > [22m[2mSCRAPING FALLIDO: usa contenido original si Jina falla
[22m[39m   ­ƒöù Indexando en ChromaDB...

[90mstderr[2m | backend/tests/application/analyze-art
icle.usecase.spec.ts[2m > 
[22m[2mAnalyzeArticleUseCase - L├│gica de 
Orquestaci├│n (ZONA CR├ìTICA)[2m > [22m[2mƒîÉ Flujo 
de Scraping con Jina Reader[2m > [22m[2mSCRAPING 
FALLIDO: usa contenido original si Jina falla
[22m[39m   ÔÜá´©Å Indexaci├│n ChromaDB fall├│ 
(an├ílisis completado): this.chromaClient.upsertItem 
is not a function

[90mstdout[2m | backend/tests/application/analyze-article.usecase.spec.ts[2m > [22m[2mAnalyzeArticleUseCase - L├│gica de Orquestaci├│n (ZONA CR├ìTICA)[2m > [22m[2m­ƒÆ¥ Persistencia y Actualizaci├│n[2m > [22m[2mGUARDADO: actualiza el art├¡culo en BD con el an├ílisis de Gemini
[22m[39m
­ƒöì [An├ílisis] Iniciando noticia: "Test Article Title"
   ­ƒôé Usando contenido existente en DB.
   ­ƒû╝´©Å  Art├¡culo ya tiene imagen.
   ­ƒºá Enviando a Gemini para an├ílisis de sesgo...

[90mstdout[2m | backend/tests/application/analyze-article.usecase.spec.ts[2m > [22m[2mAnalyzeArticleUseCase - L├│gica de Orquestaci├│n (ZONA CR├ìTICA)[2m > [22m[2m­ƒÆ¥ Persistencia y Actualizaci├│n[2m > [22m[2mGUARDADO: actualiza el art├¡culo en BD con el an├ílisis de Gemini
[22m[39m   Ô£à Gemini OK. Score: 3 | Summary: Generated summary...
   Ô¡É Auto-favorito activado.

[90mstdout[2m | backend/tests/application/analyze-article.usecase.spec.ts[2m > [22m[2mAnalyzeArticleUseCase - L├│gica de Orquestaci├│n (ZONA CR├ìTICA)[2m > [22m[2m­ƒÆ¥ Persistencia y Actualizaci├│n[2m > [22m[2mGUARDADO: actualiza el art├¡culo en BD con el an├ílisis de Gemini
[22m[39m   ­ƒöù Indexando en ChromaDB...

[90mstderr[2m | backend/tests/application/analyze-art
icle.usecase.spec.ts[2m > 
[22m[2mAnalyzeArticleUseCase - L├│gica de 
Orquestaci├│n (ZONA CR├ìTICA)[2m > [22m[2mƒÆ¥ 
Persistencia y Actualizaci├│n[2m > [22m[2mGUARDADO: 
actualiza el art├¡culo en BD con el an├ílisis de Gemini
[22m[39m   ÔÜá´©Å Indexaci├│n ChromaDB fall├│ 
(an├ílisis completado): this.chromaClient.upsertItem 
is not a function

[90mstdout[2m | backend/tests/application/analyze-article.usecase.spec.ts[2m > [22m[2mAnalyzeArticleUseCase - L├│gica de Orquestaci├│n (ZONA CR├ìTICA)[2m > [22m[2m­ƒÆ¥ Persistencia y Actualizaci├│n[2m > [22m[2mVECTOR DB: almacena embedding en ChromaDB despu├®s del an├ílisis
[22m[39m
­ƒöì [An├ílisis] Iniciando noticia: "Test Article Title"
   ­ƒôé Usando contenido existente en DB.
   ­ƒû╝´©Å  Art├¡culo ya tiene imagen.
   ­ƒºá Enviando a Gemini para an├ílisis de sesgo...

[90mstdout[2m | backend/tests/application/analyze-article.usecase.spec.ts[2m > [22m[2mAnalyzeArticleUseCase - L├│gica de Orquestaci├│n (ZONA CR├ìTICA)[2m > [22m[2m­ƒÆ¥ Persistencia y Actualizaci├│n[2m > [22m[2mVECTOR DB: almacena embedding en ChromaDB despu├®s del an├ílisis
[22m[39m   Ô£à Gemini OK. Score: 0 | Summary: Test summary of the article...
   Ô¡É Auto-favorito activado.

[90mstdout[2m | backend/tests/application/analyze-article.usecase.spec.ts[2m > [22m[2mAnalyzeArticleUseCase - L├│gica de Orquestaci├│n (ZONA CR├ìTICA)[2m > [22m[2m­ƒÆ¥ Persistencia y Actualizaci├│n[2m > [22m[2mVECTOR DB: almacena embedding en ChromaDB despu├®s del an├ílisis
[22m[39m   ­ƒöù Indexando en ChromaDB...

[90mstderr[2m | backend/tests/application/analyze-art
icle.usecase.spec.ts[2m > 
[22m[2mAnalyzeArticleUseCase - L├│gica de 
Orquestaci├│n (ZONA CR├ìTICA)[2m > [22m[2mƒÆ¥ 
Persistencia y Actualizaci├│n[2m > [22m[2mVECTOR 
DB: almacena embedding en ChromaDB despu├®s del 
an├ílisis
[22m[39m   ÔÜá´©Å Indexaci├│n ChromaDB fall├│ 
(an├ílisis completado): this.chromaClient.upsertItem 
is not a function

[90mstdout[2m | backend/tests/application/analyze-article.usecase.spec.ts[2m > [22m[2mAnalyzeArticleUseCase - L├│gica de Orquestaci├│n (ZONA CR├ìTICA)[2m > [22m[2m­ƒôè Metadata Extraction[2m > [22m[2mMETADATA: extrae y actualiza metadata del art├¡culo
[22m[39m
­ƒöì [An├ílisis] Iniciando noticia: "Test Article Title"
   ­ƒôé Usando contenido existente en DB.
   ­ƒû╝´©Å  Art├¡culo ya tiene imagen.
   ­ƒºá Enviando a Gemini para an├ílisis de sesgo...

[90mstdout[2m | backend/tests/application/analyze-article.usecase.spec.ts[2m > [22m[2mAnalyzeArticleUseCase - L├│gica de Orquestaci├│n (ZONA CR├ìTICA)[2m > [22m[2m­ƒôè Metadata Extraction[2m > [22m[2mMETADATA: extrae y actualiza metadata del art├¡culo
[22m[39m   Ô£à Gemini OK. Score: 0 | Summary: Test summary of the article...
   Ô¡É Auto-favorito activado.

[90mstdout[2m | backend/tests/application/analyze-article.usecase.spec.ts[2m > [22m[2mAnalyzeArticleUseCase - L├│gica de Orquestaci├│n (ZONA CR├ìTICA)[2m > [22m[2m­ƒôè Metadata Extraction[2m > [22m[2mMETADATA: extrae y actualiza metadata del art├¡culo
[22m[39m   ­ƒöù Indexando en ChromaDB...

[90mstderr[2m | backend/tests/application/analyze-art
icle.usecase.spec.ts[2m > 
[22m[2mAnalyzeArticleUseCase - L├│gica de 
Orquestaci├│n (ZONA CR├ìTICA)[2m > [22m[2mƒôè 
Metadata Extraction[2m > [22m[2mMETADATA: extrae y 
actualiza metadata del art├¡culo
[22m[39m   ÔÜá´©Å Indexaci├│n ChromaDB fall├│ 
(an├ílisis completado): this.chromaClient.upsertItem 
is not a function

 [32mÔ£ô[39m backend/tests/application/analyze-article.usecase.spec.ts[2m > [22mAnalyzeArticleUseCase - L├│gica de Orquestaci├│n (ZONA CR├ìTICA)[2m > [22m­ƒöÆ Validaci├│n de Inputs[2m > [22mVALIDACI├ôN: lanza ValidationError si articleId est├í vac├¡o[32m 4[2mms[22m[39m
 [32mÔ£ô[39m backend/tests/application/analyze-article.usecase.spec.ts[2m > [22mAnalyzeArticleUseCase - L├│gica de Orquestaci├│n (ZONA CR├ìTICA)[2m > [22m­ƒöÆ Validaci├│n de Inputs[2m > [22mENTIDAD NO ENCONTRADA: lanza EntityNotFoundError si el art├¡culo no existe[32m 1[2mms[22m[39m
 [32mÔ£ô[39m backend/tests/application/analyze-article.usecase.spec.ts[2m > [22mAnalyzeArticleUseCase - L├│gica de Orquestaci├│n (ZONA CR├ìTICA)[2m > [22m­ƒÆ░ Cost Optimization - Cache Hit[2m > [22mCACHE HIT: devuelve an├ílisis existente SIN llamar a Gemini si isAnalyzed=true[32m 2[2mms[22m[39m
 [32mÔ£ô[39m backend/tests/application/analyze-article.usecase.spec.ts[2m > [22mAnalyzeArticleUseCase - L├│gica de Orquestaci├│n (ZONA CR├ìTICA)[2m > [22m­ƒÆ░ Cost Optimization - Cache Hit[2m > [22mCACHE MISS: llama a Gemini si isAnalyzed=false aunque tenga contenido[32m 5[2mms[22m[39m
 [32mÔ£ô[39m backend/tests/application/analyze-article.usecase.spec.ts[2m > [22mAnalyzeArticleUseCase - L├│gica de Orquestaci├│n (ZONA CR├ìTICA)[2m > [22m­ƒîÉ Flujo de Scraping con Jina Reader[2m > [22mSCRAPING: llama a JinaReader si content es muy corto (<100 chars)[32m 4[2mms[22m[39m
 [32mÔ£ô[39m backend/tests/application/analyze-article.usecase.spec.ts[2m > [22mAnalyzeArticleUseCase - L├│gica de Orquestaci├│n (ZONA CR├ìTICA)[2m > [22m­ƒîÉ Flujo de Scraping con Jina Reader[2m > [22mSCRAPING FALLIDO: usa contenido original si Jina falla[32m 2[2mms[22m[39m
 [32mÔ£ô[39m backend/tests/application/analyze-article.usecase.spec.ts[2m > [22mAnalyzeArticleUseCase - L├│gica de Orquestaci├│n (ZONA CR├ìTICA)[2m > [22m­ƒÆ¥ Persistencia y Actualizaci├│n[2m > [22mGUARDADO: actualiza el art├¡culo en BD con el an├ílisis de Gemini[32m 1[2mms[22m[39m
 [32mÔ£ô[39m backend/tests/application/analyze-article.usecase.spec.ts[2m > [22mAnalyzeArticleUseCase - L├│gica de Orquestaci├│n (ZONA CR├ìTICA)[2m > [22m­ƒÆ¥ Persistencia y Actualizaci├│n[2m > [22mVECTOR DB: almacena embedding en ChromaDB despu├®s del an├ílisis[32m 1[2mms[22m[39m
 [32mÔ£ô[39m backend/tests/application/analyze-article.usecase.spec.ts[2m > [22mAnalyzeArticleUseCase - L├│gica de Orquestaci├│n (ZONA CR├ìTICA)[2m > [22m­ƒôè Metadata Extraction[2m > [22mMETADATA: extrae y actualiza metadata del art├¡culo[32m 3[2mms[22m[39m
[90mstdout[2m | backend/tests/integration/news.controller.spec.ts[2m > [22m[2mNewsController Integration Tests (API Layer)
[22m[39mÔ£à PrismaClient inicializado

[90mstdout[2m | backend/tests/integration/analyze.controller.spec.ts[2m > [22m[2mAnalyzeController Integration Tests (API Layer)
[22m[39mÔ£à PrismaClient inicializado

 [2m[90mÔåô[39m[22m backend/tests/integration/news.controller.spec.ts[2m > [22mNewsController Integration Tests (API Layer)[2m > [22m­ƒÅÑ Health Check - Verificaci├│n de Supertest[2m > [22mGET /health - debe devolver status 200 o 503 dependiendo del estado de servicios
 [2m[90mÔåô[39m[22m backend/tests/integration/news.controller.spec.ts[2m > [22mNewsController Integration Tests (API Layer)[2m > [22m­ƒÅÑ Health Check - Verificaci├│n de Supertest[2m > [22mGET /unknown-route - debe devolver 404 para rutas no existentes
 [2m[90mÔåô[39m[22m backend/tests/integration/news.controller.spec.ts[2m > [22mNewsController Integration Tests (API Layer)[2m > [22m­ƒÅÑ Health Check - Verificaci├│n de Supertest[2m > [22mOPTIONS /api/news - debe soportar CORS preflight
 [2m[90mÔåô[39m[22m backend/tests/integration/news.controller.spec.ts[2m > [22mNewsController Integration Tests (API Layer)[2m > [22m­ƒô░ GET /api/news - List News Articles[2m > [22mdebe responder a peticiones GET /api/news (sin validar datos de DB)
 [2m[90mÔåô[39m[22m backend/tests/integration/news.controller.spec.ts[2m > [22mNewsController Integration Tests (API Layer)[2m > [22m­ƒô░ GET /api/news - List News Articles[2m > [22mdebe aceptar par├ímetros de query string
 [2m[90mÔåô[39m[22m backend/tests/integration/news.controller.spec.ts[2m > [22mNewsController Integration Tests (API Layer)[2m > [22mÔÜá´©Å Error Handling[2m > [22mdebe devolver JSON v├ílido incluso en errores internos
 [2m[90mÔåô[39m[22m backend/tests/integration/news.controller.spec.ts[2m > [22mNewsController Integration Tests (API Layer)[2m > [22m­ƒöÆ Security Headers[2m > [22mdebe incluir headers de seguridad (Helmet)
 [2m[90mÔåô[39m[22m backend/tests/integration/news.controller.spec.ts[2m > [22mNewsController Integration Tests (API Layer)[2m > [22m­ƒöÆ Security Headers[2m > [22mdebe tener CORS configurado correctamente
 [2m[90mÔåô[39m[22m backend/tests/integration/analyze.controller.spec.ts[2m > [22mAnalyzeController Integration Tests (API Layer)[2m > [22mÔ£à POST /api/analyze/article - Flujo Exitoso[2m > [22m200 OK: debe devolver an├ílisis completo cuando el art├¡culo se analiza correctamente
 [2m[90mÔåô[39m[22m backend/tests/integration/analyze.controller.spec.ts[2m > [22mAnalyzeController Integration Tests (API Layer)[2m > [22mÔ£à POST /api/analyze/article - Flujo Exitoso[2m > [22m200 OK: debe aceptar UUID v├ílido como articleId
 [2m[90mÔåô[39m[22m backend/tests/integration/analyze.controller.spec.ts[2m > [22mAnalyzeController Integration Tests (API Layer)[2m > [22mÔ£à POST /api/analyze/article - Flujo Exitoso[2m > [22m200 OK: debe devolver metadata de uso de tokens si disponible
 [2m[90mÔåô[39m[22m backend/tests/integration/analyze.controller.spec.ts[2m > [22mAnalyzeController Integration Tests (API Layer)[2m > [22m­ƒöÆ Validaci├│n de Entrada (Zod Schema)[2m > [22m400 BAD REQUEST: debe rechazar body vac├¡o
 [2m[90mÔåô[39m[22m backend/tests/integration/analyze.controller.spec.ts[2m > [22mAnalyzeController Integration Tests (API Layer)[2m > [22m­ƒöÆ Validaci├│n de Entrada (Zod Schema)[2m > [22m400 BAD REQUEST: debe rechazar articleId vac├¡o (string vac├¡o)
 [2m[90mÔåô[39m[22m backend/tests/integration/analyze.controller.spec.ts[2m > [22mAnalyzeController Integration Tests (API Layer)[2m > [22m­ƒöÆ Validaci├│n de Entrada (Zod Schema)[2m > [22m400 BAD REQUEST: debe rechazar articleId inv├ílido (no UUID)
 [2m[90mÔåô[39m[22m backend/tests/integration/analyze.controller.spec.ts[2m > [22mAnalyzeController Integration Tests (API Layer)[2m > [22m­ƒöÆ Validaci├│n de Entrada (Zod Schema)[2m > [22m400 BAD REQUEST: debe rechazar campos extra no permitidos
 [2m[90mÔåô[39m[22m backend/tests/integration/analyze.controller.spec.ts[2m > [22mAnalyzeController Integration Tests (API Layer)[2m > [22m­ƒöÆ Validaci├│n de Entrada (Zod Schema)[2m > [22m400 BAD REQUEST: debe rechazar Content-Type incorrecto
 [2m[90mÔåô[39m[22m backend/tests/integration/analyze.controller.spec.ts[2m > [22mAnalyzeController Integration Tests (API Layer)[2m > [22mÔÜá´©Å Manejo de Errores de Negocio[2m > [22m404 NOT FOUND: debe devolver 404 si el art├¡culo no existe
 [2m[90mÔåô[39m[22m backend/tests/integration/analyze.controller.spec.ts[2m > [22mAnalyzeController Integration Tests (API Layer)[2m > [22mÔÜá´©Å Manejo de Errores de Negocio[2m > [22m500 INTERNAL SERVER ERROR: debe manejar errores de API externa (Gemini)
 [2m[90mÔåô[39m[22m backend/tests/integration/analyze.controller.spec.ts[2m > [22mAnalyzeController Integration Tests (API Layer)[2m > [22mÔÜá´©Å Manejo de Errores de Negocio[2m > [22m500 INTERNAL SERVER ERROR: debe capturar errores no controlados sin colgarse
 [2m[90mÔåô[39m[22m backend/tests/integration/analyze.controller.spec.ts[2m > [22mAnalyzeController Integration Tests (API Layer)[2m > [22mÔÜá´©Å Manejo de Errores de Negocio[2m > [22m503 SERVICE UNAVAILABLE: debe manejar timeout de servicios externos
 [2m[90mÔåô[39m[22m backend/tests/integration/analyze.controller.spec.ts[2m > [22mAnalyzeController Integration Tests (API Layer)[2m > [22m­ƒöÉ Autenticaci├│n (Firebase)[2m > [22m401 UNAUTHORIZED: debe rechazar peticiones sin token de autenticaci├│n
 [2m[90mÔåô[39m[22m backend/tests/integration/analyze.controller.spec.ts[2m > [22mAnalyzeController Integration Tests (API Layer)[2m > [22m­ƒöÉ Autenticaci├│n (Firebase)[2m > [22m401 UNAUTHORIZED: debe rechazar tokens inv├ílidos
 [2m[90mÔåô[39m[22m backend/tests/integration/analyze.controller.spec.ts[2m > [22mAnalyzeController Integration Tests (API Layer)[2m > [22m­ƒöÉ Autenticaci├│n (Firebase)[2m > [22m401 UNAUTHORIZED: debe rechazar formato incorrecto de Authorization header
 [2m[90mÔåô[39m[22m backend/tests/integration/analyze.controller.spec.ts[2m > [22mAnalyzeController Integration Tests (API Layer)[2m > [22m­ƒîÉ CORS y Headers HTTP[2m > [22mOPTIONS: debe soportar CORS preflight para peticiones cross-origin
 [2m[90mÔåô[39m[22m backend/tests/integration/analyze.controller.spec.ts[2m > [22mAnalyzeController Integration Tests (API Layer)[2m > [22m­ƒîÉ CORS y Headers HTTP[2m > [22mPOST: debe incluir headers CORS en la respuesta
 [2m[90mÔåô[39m[22m backend/tests/integration/analyze.controller.spec.ts[2m > [22mAnalyzeController Integration Tests (API Layer)[2m > [22m­ƒîÉ CORS y Headers HTTP[2m > [22mPOST: debe devolver Content-Type: application/json
 [2m[90mÔåô[39m[22m backend/tests/integration/analyze.controller.spec.ts[2m > [22mAnalyzeController Integration Tests (API Layer)[2m > [22m­ƒôª POST /api/analyze/batch - An├ílisis en Lote[2m > [22m200 OK: debe procesar batch de art├¡culos correctamente
 [2m[90mÔåô[39m[22m backend/tests/integration/analyze.controller.spec.ts[2m > [22mAnalyzeController Integration Tests (API Layer)[2m > [22m­ƒôª POST /api/analyze/batch - An├ílisis en Lote[2m > [22m400 BAD REQUEST: debe rechazar l├¡mite mayor a 100 (cost optimization)
 [2m[90mÔåô[39m[22m backend/tests/integration/analyze.controller.spec.ts[2m > [22mAnalyzeController Integration Tests (API Layer)[2m > [22m­ƒôª POST /api/analyze/batch - An├ílisis en Lote[2m > [22m400 BAD REQUEST: debe rechazar l├¡mite menor a 1
 [2m[90mÔåô[39m[22m backend/tests/integration/analyze.controller.spec.ts[2m > [22mAnalyzeController Integration Tests (API Layer)[2m > [22m­ƒôª POST /api/analyze/batch - An├ílisis en Lote[2m > [22m400 BAD REQUEST: debe rechazar l├¡mite no num├®rico
 [2m[90mÔåô[39m[22m backend/tests/integration/analyze.controller.spec.ts[2m > [22mAnalyzeController Integration Tests (API Layer)[2m > [22m­ƒôè GET /api/analyze/stats - Estad├¡sticas de An├ílisis[2m > [22m200 OK: debe devolver estad├¡sticas de an├ílisis
 [2m[90mÔåô[39m[22m backend/tests/integration/analyze.controller.spec.ts[2m > [22mAnalyzeController Integration Tests (API Layer)[2m > [22m­ƒôè GET /api/analyze/stats - Estad├¡sticas de An├ílisis[2m > [22m200 OK: debe incluir distribuci├│n de sesgo en estad├¡sticas
 [2m[90mÔåô[39m[22m backend/tests/integration/analyze.controller.spec.ts[2m > [22mAnalyzeController Integration Tests (API Layer)[2m > [22mÔÜí Performance y L├¡mites[2m > [22mREQUEST TIMEOUT: debe responder en menos de 30 segundos
 [2m[90mÔåô[39m[22m backend/tests/integration/analyze.controller.spec.ts[2m > [22mAnalyzeController Integration Tests (API Layer)[2m > [22mÔÜí Performance y L├¡mites[2m > [22mRATE LIMIT: debe manejar m├║ltiples peticiones concurrentes
[90mstdout[2m | backend/src/infrastructure/external/gemini.client.spec.ts[2m > [22m[2mGeminiClient - Token Taximeter & Cost Calculation (ZONA CR├ìTICA)[2m > [22m[2mÔÜá´©Å Manejo de Errores[2m > [22m[2mERROR EN API: NO suma tokens al acumulador si la llamada falla
[22m[39m      [GeminiClient] Analizando art├¡culo (intento 3/3)...

[90mstderr[2m | backend/src/infrastructure/external/g
emini.client.spec.ts[2m > [22m[2mGeminiClient - 
Token Taximeter & Cost Calculation (ZONA CR├ìTICA)[2m 
> [22m[2mÔÜá´©Å Manejo de Errores[2m > 
[22m[2mERROR EN API: NO suma tokens al acumulador si 
la llamada falla
[22m[39m      [GeminiClient] Intento 3 fall├│: 
Cannot read properties of undefined (reading 
'response')

[90mstdout[2m | backend/src/infrastructure/external/gemini.client.spec.ts[2m > [22m[2mGeminiClient - Token Taximeter & Cost Calculation (ZONA CR├ìTICA)[2m > [22m[2mÔÜá´©Å Manejo de Errores[2m > [22m[2mRATE LIMIT (429): reintenta con backoff y NO suma hasta ├®xito
[22m[39m      [GeminiClient] Analizando art├¡culo (intento 1/3)...

[90mstdout[2m | backend/src/infrastructure/external/gemini.client.spec.ts[2m > [22m[2mGeminiClient - Token Taximeter & Cost Calculation (ZONA CR├ìTICA)[2m > [22m[2mÔÜá´©Å Manejo de Errores[2m > [22m[2mRATE LIMIT (429): reintenta con backoff y NO suma hasta ├®xito
[22m[39m      [GeminiClient] Rate limit - esperando 2000ms antes de reintentar...

[90mstderr[2m | backend/src/infrastructure/external/g
emini.client.spec.ts[2m > [22m[2mGeminiClient - 
Token Taximeter & Cost Calculation (ZONA CR├ìTICA)[2m 
> [22m[2mÔÜá´©Å Manejo de Errores[2m > 
[22m[2mRATE LIMIT (429): reintenta con backoff y NO 
suma hasta ├®xito
[22m[39m      [GeminiClient] Intento 1 fall├│: 
RESOURCE_EXHAUSTED: quota exceeded

 [32mÔ£ô[39m backend/src/infrastructure/external/gemini.client.spec.ts[2m > [22mGeminiClient - Token Taximeter & Cost Calculation (ZONA CR├ìTICA)[2m > [22mÔÜá´©Å Manejo de Errores[2m > [22mERROR EN API: NO suma tokens al acumulador si la llamada falla[33m 3024[2mms[22m[39m
 [32mÔ£ô[39m backend/src/infrastructure/external/gemini.client.spec.ts[2m > [22mGeminiClient - Token Taximeter & Cost Calculation (ZONA CR├ìTICA)[2m > [22mÔÜá´©Å Manejo de Errores[2m > [22mAPI KEY INV├üLIDA: lanza ConfigurationError en constructor[32m 0[2mms[22m[39m
 [32mÔ£ô[39m backend/src/infrastructure/external/gemini.client.spec.ts[2m > [22mGeminiClient - Token Taximeter & Cost Calculation (ZONA CR├ìTICA)[2m > [22mÔÜá´©Å Manejo de Errores[2m > [22mCONTENIDO MUY CORTO: lanza ExternalAPIError 400[32m 0[2mms[22m[39m
[90mstdout[2m | backend/src/infrastructure/external/gemini.client.spec.ts[2m > [22m[2mGeminiClient - Token Taximeter & Cost Calculation (ZONA CR├ìTICA)[2m > [22m[2mÔÜá´©Å Manejo de Errores[2m > [22m[2mRATE LIMIT (429): reintenta con backoff y NO suma hasta ├®xito
[22m[39m      [GeminiClient] Analizando art├¡culo (intento 2/3)...

[90mstdout[2m | backend/src/infrastructure/external/gemini.client.spec.ts[2m > [22m[2mGeminiClient - Token Taximeter & Cost Calculation (ZONA CR├ìTICA)[2m > [22m[2mÔÜá´©Å Manejo de Errores[2m > [22m[2mRATE LIMIT (429): reintenta con backoff y NO suma hasta ├®xito
[22m[39m      [GeminiClient] Rate limit - esperando 4000ms antes de reintentar...

[90mstderr[2m | backend/src/infrastructure/external/g
emini.client.spec.ts[2m > [22m[2mGeminiClient - 
Token Taximeter & Cost Calculation (ZONA CR├ìTICA)[2m 
> [22m[2mÔÜá´©Å Manejo de Errores[2m > 
[22m[2mRATE LIMIT (429): reintenta con backoff y NO 
suma hasta ├®xito
[22m[39m      [GeminiClient] Intento 2 fall├│: 
RESOURCE_EXHAUSTED: quota exceeded

[90mstdout[2m | backend/src/infrastructure/external/gemini.client.spec.ts[2m > [22m[2mGeminiClient - Token Taximeter & Cost Calculation (ZONA CR├ìTICA)[2m > [22m[2mÔÜá´©Å Manejo de Errores[2m > [22m[2mRATE LIMIT (429): reintenta con backoff y NO suma hasta ├®xito
[22m[39m      [GeminiClient] Analizando art├¡culo (intento 3/3)...

[90mstdout[2m | backend/src/infrastructure/external/gemini.client.spec.ts[2m > [22m[2mGeminiClient - Token Taximeter & Cost Calculation (ZONA CR├ìTICA)[2m > [22m[2mÔÜá´©Å Manejo de Errores[2m > [22m[2mRATE LIMIT (429): reintenta con backoff y NO suma hasta ├®xito
[22m[39m
      ­ƒº¥ ÔòÉÔòÉÔòÉÔòÉÔòÉÔòÉÔòÉÔòÉÔòÉÔòÉÔòÉÔòÉÔòÉÔòÉÔòÉÔòÉÔòÉÔòÉÔòÉÔòÉÔòÉÔòÉÔòÉÔòÉÔòÉÔòÉÔòÉÔòÉÔòÉÔòÉÔòÉÔòÉÔòÉÔòÉÔòÉÔòÉÔòÉÔòÉÔòÉÔòÉÔòÉÔòÉÔòÉÔòÉÔòÉÔòÉÔòÉÔòÉÔòÉÔòÉÔòÉÔòÉÔòÉÔòÉÔòÉÔòÉÔòÉÔòÉÔòÉ
      ­ƒº¥ TOKEN TAXIMETER - AN├üLISIS
      ­ƒº¥ ÔòÉÔòÉÔòÉÔòÉÔòÉÔòÉÔòÉÔòÉÔòÉÔòÉÔòÉÔòÉÔòÉÔòÉÔòÉÔòÉÔòÉÔòÉÔòÉÔòÉÔòÉÔòÉÔòÉÔòÉÔòÉÔòÉÔòÉÔòÉÔòÉÔòÉÔòÉÔòÉÔòÉÔòÉÔòÉÔòÉÔòÉÔòÉÔòÉÔòÉÔòÉÔòÉÔòÉÔòÉÔòÉÔòÉÔòÉÔòÉÔòÉÔòÉÔòÉÔòÉÔòÉÔòÉÔòÉÔòÉÔòÉÔòÉÔòÉ
      ­ƒô░ T├¡tulo: "Rate Limit Test"
      ­ƒºá Tokens entrada:  100
      ­ƒºá Tokens salida:   50
      ­ƒºá Tokens TOTAL:    150
      ­ƒÆ░ Coste operaci├│n: Ôé¼0.000021
      ­ƒº¥ ÔöÇÔöÇÔöÇÔöÇÔöÇÔöÇÔöÇÔöÇÔöÇÔöÇÔöÇÔöÇÔöÇÔöÇÔöÇÔöÇÔöÇÔöÇÔöÇÔöÇÔöÇÔöÇÔöÇÔöÇÔöÇÔöÇÔöÇÔöÇÔöÇÔöÇÔöÇÔöÇÔöÇÔöÇÔöÇÔöÇÔöÇÔöÇÔöÇÔöÇÔöÇÔöÇÔöÇÔöÇÔöÇÔöÇÔöÇÔöÇÔöÇÔöÇÔöÇÔöÇÔöÇÔöÇÔöÇÔöÇÔöÇÔöÇÔöÇ
      ­ƒôè SESI├ôN ACUMULADA (desde 13:30:49):
      ­ƒôè An├ílisis: 1 ops | 150 tokens | Ôé¼0.000021
      ­ƒôè Chat RAG: 0 ops | 0 tokens | Ôé¼0.000000
      ­ƒôè Grounding: 0 ops | 0 tokens | Ôé¼0.000000
      ­ƒÆ░ TOTAL SESI├ôN: 1 ops | 150 tokens | Ôé¼0.000021
      ­ƒº¥ ÔòÉÔòÉÔòÉÔòÉÔòÉÔòÉÔòÉÔòÉÔòÉÔòÉÔòÉÔòÉÔòÉÔòÉÔòÉÔòÉÔòÉÔòÉÔòÉÔòÉÔòÉÔòÉÔòÉÔòÉÔòÉÔòÉÔòÉÔòÉÔòÉÔòÉÔòÉÔòÉÔòÉÔòÉÔòÉÔòÉÔòÉÔòÉÔòÉÔòÉÔòÉÔòÉÔòÉÔòÉÔòÉÔòÉÔòÉÔòÉÔòÉÔòÉÔòÉÔòÉÔòÉÔòÉÔòÉÔòÉÔòÉÔòÉÔòÉ


[90mstdout[2m | backend/src/infrastructure/external/gemini.client.spec.ts[2m > [22m[2mGeminiClient - Token Taximeter & Cost Calculation (ZONA CR├ìTICA)[2m > [22m[2mÔÜá´©Å Manejo de Errores[2m > [22m[2mRATE LIMIT PERMANENTE: despu├®s de 3 reintentos, lanza error 429
[22m[39m      [GeminiClient] Analizando art├¡culo (intento 1/3)...

[90mstdout[2m | backend/src/infrastructure/external/gemini.client.spec.ts[2m > [22m[2mGeminiClient - Token Taximeter & Cost Calculation (ZONA CR├ìTICA)[2m > [22m[2mÔÜá´©Å Manejo de Errores[2m > [22m[2mRATE LIMIT PERMANENTE: despu├®s de 3 reintentos, lanza error 429
[22m[39m      [GeminiClient] Rate limit - esperando 2000ms antes de reintentar...

[90mstderr[2m | backend/src/infrastructure/external/g
emini.client.spec.ts[2m > [22m[2mGeminiClient - 
Token Taximeter & Cost Calculation (ZONA CR├ìTICA)[2m 
> [22m[2mÔÜá´©Å Manejo de Errores[2m > 
[22m[2mRATE LIMIT PERMANENTE: despu├®s de 3 
reintentos, lanza error 429
[22m[39m      [GeminiClient] Intento 1 fall├│: 429 
Too Many Requests

 [32mÔ£ô[39m backend/src/infrastructure/external/gemini.client.spec.ts[2m > [22mGeminiClient - Token Taximeter & Cost Calculation (ZONA CR├ìTICA)[2m > [22mÔÜá´©Å Manejo de Errores[2m > [22mRATE LIMIT (429): reintenta con backoff y NO suma hasta ├®xito[33m 6016[2mms[22m[39m
[90mstdout[2m | backend/src/infrastructure/external/gemini.client.spec.ts[2m > [22m[2mGeminiClient - Token Taximeter & Cost Calculation (ZONA CR├ìTICA)[2m > [22m[2mÔÜá´©Å Manejo de Errores[2m > [22m[2mRATE LIMIT PERMANENTE: despu├®s de 3 reintentos, lanza error 429
[22m[39m      [GeminiClient] Analizando art├¡culo (intento 2/3)...

[90mstdout[2m | backend/src/infrastructure/external/gemini.client.spec.ts[2m > [22m[2mGeminiClient - Token Taximeter & Cost Calculation (ZONA CR├ìTICA)[2m > [22m[2mÔÜá´©Å Manejo de Errores[2m > [22m[2mRATE LIMIT PERMANENTE: despu├®s de 3 reintentos, lanza error 429
[22m[39m      [GeminiClient] Rate limit - esperando 4000ms antes de reintentar...

[90mstderr[2m | backend/src/infrastructure/external/g
emini.client.spec.ts[2m > [22m[2mGeminiClient - 
Token Taximeter & Cost Calculation (ZONA CR├ìTICA)[2m 
> [22m[2mÔÜá´©Å Manejo de Errores[2m > 
[22m[2mRATE LIMIT PERMANENTE: despu├®s de 3 
reintentos, lanza error 429
[22m[39m      [GeminiClient] Intento 2 fall├│: 429 
Too Many Requests

[90mstdout[2m | backend/src/infrastructure/external/gemini.client.spec.ts[2m > [22m[2mGeminiClient - Token Taximeter & Cost Calculation (ZONA CR├ìTICA)[2m > [22m[2mÔÜá´©Å Manejo de Errores[2m > [22m[2mRATE LIMIT PERMANENTE: despu├®s de 3 reintentos, lanza error 429
[22m[39m      [GeminiClient] Analizando art├¡culo (intento 3/3)...

[90mstderr[2m | backend/src/infrastructure/external/g
emini.client.spec.ts[2m > [22m[2mGeminiClient - 
Token Taximeter & Cost Calculation (ZONA CR├ìTICA)[2m 
> [22m[2mÔÜá´©Å Manejo de Errores[2m > 
[22m[2mRATE LIMIT PERMANENTE: despu├®s de 3 
reintentos, lanza error 429
[22m[39m      [GeminiClient] Intento 3 fall├│: 429 
Too Many Requests

 [32mÔ£ô[39m backend/src/infrastructure/external/gemini.client.spec.ts[2m > [22mGeminiClient - Token Taximeter & Cost Calculation (ZONA CR├ìTICA)[2m > [22mÔÜá´©Å Manejo de Errores[2m > [22mRATE LIMIT PERMANENTE: despu├®s de 3 reintentos, lanza error 429[33m 6023[2mms[22m[39m
 [32mÔ£ô[39m backend/src/infrastructure/external/gemini.client.spec.ts[2m > [22mGeminiClient - Token Taximeter & Cost Calculation (ZONA CR├ìTICA)[2m > [22m­ƒº« Validaci├│n de F├│rmula de C├ílculo[2m > [22mVERIFICACI├ôN: f├│rmula coincide con documentaci├│n oficial de precios[32m 0[2mms[22m[39m
 [32mÔ£ô[39m backend/src/infrastructure/external/gemini.client.spec.ts[2m > [22mGeminiClient - Token Taximeter & Cost Calculation (ZONA CR├ìTICA)[2m > [22m­ƒº« Validaci├│n de F├│rmula de C├ílculo[2m > [22mEDGE CASE: 1 token entrada = coste m├¡nimo calculable[32m 0[2mms[22m[39m
 [32mÔ£ô[39m backend/src/infrastructure/external/gemini.client.spec.ts[2m > [22mGeminiClient - Token Taximeter & Cost Calculation (ZONA CR├ìTICA)[2m > [22m­ƒº« Validaci├│n de F├│rmula de C├ílculo[2m > [22mCOMPARACI├ôN: entrada vs salida - salida es 4x m├ís cara[32m 0[2mms[22m[39m
 [32mÔ£ô[39m backend/src/infrastructure/external/gemini.client.spec.ts[2m > [22mGeminiClient - Token Taximeter & Cost Calculation (ZONA CR├ìTICA)[2m > [22m­ƒôï Reporte de Sesi├│n Completo[2m > [22mESTRUCTURA: getSessionCostReport() devuelve todos los campos requeridos[32m 1[2mms[22m[39m
 [32mÔ£ô[39m backend/src/infrastructure/external/gemini.client.spec.ts[2m > [22mGeminiClient - Token Taximeter & Cost Calculation (ZONA CR├ìTICA)[2m > [22m­ƒôï Reporte de Sesi├│n Completo[2m > [22mUPTIME: se actualiza correctamente[32m 59[2mms[22m[39m

[31mÔÄ»ÔÄ»ÔÄ»ÔÄ»ÔÄ»ÔÄ»[39m[1m[41m Failed Suites 5 
[49m[22m[31mÔÄ»ÔÄ»ÔÄ»ÔÄ»ÔÄ»ÔÄ»ÔÄ»[39m

[41m[1m FAIL [22m[49m backend/tests/integration/ana
lyze.controller.spec.ts[2m > [22mAnalyzeController 
Integration Tests (API Layer)
[31m[1mConfigurationError[22m: GEMINI_API_KEY is 
required[39m
[36m [2mÔØ»[22m new GeminiClient backend/src/infrast
ructure/external/gemini.client.ts:[2m211:13[22m[39m
    [90m209| [39m  
[34mconstructor[39m(apiKey[33m:[39m string) {
    [90m210| [39m    [35mif[39m ([33m![39mapiKey 
[33m||[39m apiKey[33m.[39m[34mtrim[39m() 
[33m===[39m [32m''[39m) {
    [90m211| [39m      [35mthrow[39m [35mnew[39m 
[33mConfigurationError[39m([32m'GEMINI_API_KEY is 
required'[39m)[33m;[39m
    [90m   | [39m            [31m^[39m
    [90m212| [39m    }
    [90m213| [39m
[90m [2mÔØ»[22m new DependencyContainer backend/src/
infrastructure/config/dependencies.ts:[2m58:25[22m[3
9m
[90m [2mÔØ»[22m DependencyContainer.getInstance back
end/src/infrastructure/config/dependencies.ts:[2m108:3
8[22m[39m
[90m [2mÔØ»[22m createServer backend/src/infrastruct
ure/http/server.ts:[2m18:41[22m[39m
[90m [2mÔØ»[22m backend/tests/integration/analyze.co
ntroller.spec.ts:[2m65:11[22m[39m

[31m[2mÔÄ»ÔÄ»ÔÄ»ÔÄ»ÔÄ»ÔÄ»ÔÄ»ÔÄ»ÔÄ»ÔÄ»ÔÄ»ÔÄ»ÔÄ»ÔÄ»ÔÄ»Ô
Ä»ÔÄ»ÔÄ»ÔÄ»ÔÄ»ÔÄ»ÔÄ»ÔÄ»[1/26]ÔÄ»[22m[39m

[41m[1m FAIL [22m[49m 
backend/tests/integration/news.controller.spec.ts[2m 
> [22mNewsController Integration Tests (API Layer)
[31m[1mConfigurationError[22m: GEMINI_API_KEY is 
required[39m
[36m [2mÔØ»[22m new GeminiClient backend/src/infrast
ructure/external/gemini.client.ts:[2m211:13[22m[39m
    [90m209| [39m  
[34mconstructor[39m(apiKey[33m:[39m string) {
    [90m210| [39m    [35mif[39m ([33m![39mapiKey 
[33m||[39m apiKey[33m.[39m[34mtrim[39m() 
[33m===[39m [32m''[39m) {
    [90m211| [39m      [35mthrow[39m [35mnew[39m 
[33mConfigurationError[39m([32m'GEMINI_API_KEY is 
required'[39m)[33m;[39m
    [90m   | [39m            [31m^[39m
    [90m212| [39m    }
    [90m213| [39m
[90m [2mÔØ»[22m new DependencyContainer backend/src/
infrastructure/config/dependencies.ts:[2m58:25[22m[3
9m
[90m [2mÔØ»[22m DependencyContainer.getInstance back
end/src/infrastructure/config/dependencies.ts:[2m108:3
8[22m[39m
[90m [2mÔØ»[22m createServer backend/src/infrastruct
ure/http/server.ts:[2m18:41[22m[39m
[90m [2mÔØ»[22m backend/tests/integration/news.contr
oller.spec.ts:[2m31:11[22m[39m

[31m[2mÔÄ»ÔÄ»ÔÄ»ÔÄ»ÔÄ»ÔÄ»ÔÄ»ÔÄ»ÔÄ»ÔÄ»ÔÄ»ÔÄ»ÔÄ»ÔÄ»ÔÄ»Ô
Ä»ÔÄ»ÔÄ»ÔÄ»ÔÄ»ÔÄ»ÔÄ»ÔÄ»[2/26]ÔÄ»[22m[39m

[41m[1m FAIL [22m[49m frontend/tests/components/tok
en-usage-card.spec.tsx[2m [ 
frontend/tests/components/token-usage-card.spec.tsx 
][22m
[31m[1mError[22m: Cannot find package 
'@/components/token-usage-card' imported from 
'C:/Users/David/OneDrive/Desktop/PROYECTO MASTER IA/Ver
ity-News/frontend/tests/components/token-usage-card.spe
c.tsx'[39m
[36m [2mÔØ»[22m frontend/tests/components/token-usag
e-card.spec.tsx:[2m13:1[22m[39m
    [90m 11| [39m[35mimport[39m { 
describe[33m,[39m it[33m,[39m expect[33m,[39m 
vi[33m,[39m beforeEach } [35mfrom[39m 
[32m'vitest'[39m[33m;[39m
    [90m 12| [39m[35mimport[39m { 
render[33m,[39m screen[33m,[39m waitFor } 
[35mfrom[39m 
[32m'@testing-library/react'[39m[33m;[39m
    [90m 13| [39m[35mimport[39m { 
[33mTokenUsageCard[39m } [35mfrom[39m 
[32m'@/components/token-usage-card'[39m[33m;[39m
    [90m   | [39m[31m^[39m
    [90m 14| [39m[35mimport[39m { 
getTokenUsage[33m,[39m type 
[33mTokenUsageStats[39m } [35mfrom[39m 
[32m'@/lib/api'[39m[33m;[39m
    [90m 15| [39m

[31m[2mÔÄ»ÔÄ»ÔÄ»ÔÄ»ÔÄ»ÔÄ»ÔÄ»ÔÄ»ÔÄ»ÔÄ»ÔÄ»ÔÄ»ÔÄ»ÔÄ»ÔÄ»Ô
Ä»ÔÄ»ÔÄ»ÔÄ»ÔÄ»ÔÄ»ÔÄ»ÔÄ»ÔÄ»ÔÄ»ÔÄ»ÔÄ»ÔÄ»ÔÄ»ÔÄ»[22m[39m
[31m[1mSerialized Error:[22m[39m [90m{ code: 
'ERR_MODULE_NOT_FOUND' }[39m
[31m[2mÔÄ»ÔÄ»ÔÄ»ÔÄ»ÔÄ»ÔÄ»ÔÄ»ÔÄ»ÔÄ»ÔÄ»ÔÄ»ÔÄ»ÔÄ»ÔÄ»ÔÄ»Ô
Ä»ÔÄ»ÔÄ»ÔÄ»ÔÄ»ÔÄ»ÔÄ»ÔÄ»[3/26]ÔÄ»[22m[39m

[41m[1m FAIL [22m[49m 
frontend/tests/hooks/useArticleAnalysis.spec.ts[2m [ 
frontend/tests/hooks/useArticleAnalysis.spec.ts ][22m
[31m[1mError[22m: Cannot find package 
'@/hooks/useArticleAnalysis' imported from 
'C:/Users/David/OneDrive/Desktop/PROYECTO MASTER IA/Ver
ity-News/frontend/tests/hooks/useArticleAnalysis.spec.t
s'[39m
[36m [2mÔØ»[22m frontend/tests/hooks/useArticleAnaly
sis.spec.ts:[2m13:1[22m[39m
    [90m 11| [39mimport { describe, it, expect, vi, 
beforeEach, afterEach } from 'vitesÔÇª
    [90m 12| [39m[35mimport[39m { 
renderHook[33m,[39m waitFor[33m,[39m act } 
[35mfrom[39m 
[32m'@testing-library/react'[39m[33m;[39m
    [90m 13| [39m[35mimport[39m { 
useArticleAnalysis } [35mfrom[39m 
[32m'@/hooks/useArticleAnalysis'[39m[33m;[39m
    [90m   | [39m[31m^[39m
    [90m 14| [39m[35mimport[39m { toast } 
[35mfrom[39m [32m'sonner'[39m[33m;[39m
    [90m 15| [39m[35mimport[39m type { 
[33mAnalyzeResponse[39m } [35mfrom[39m 
[32m'@/lib/api'[39m[33m;[39m

[31m[2mÔÄ»ÔÄ»ÔÄ»ÔÄ»ÔÄ»ÔÄ»ÔÄ»ÔÄ»ÔÄ»ÔÄ»ÔÄ»ÔÄ»ÔÄ»ÔÄ»ÔÄ»Ô
Ä»ÔÄ»ÔÄ»ÔÄ»ÔÄ»ÔÄ»ÔÄ»ÔÄ»ÔÄ»ÔÄ»ÔÄ»ÔÄ»ÔÄ»ÔÄ»ÔÄ»[22m[39m
[31m[1mSerialized Error:[22m[39m [90m{ code: 
'ERR_MODULE_NOT_FOUND' }[39m
[31m[2mÔÄ»ÔÄ»ÔÄ»ÔÄ»ÔÄ»ÔÄ»ÔÄ»ÔÄ»ÔÄ»ÔÄ»ÔÄ»ÔÄ»ÔÄ»ÔÄ»ÔÄ»Ô
Ä»ÔÄ»ÔÄ»ÔÄ»ÔÄ»ÔÄ»ÔÄ»ÔÄ»[4/26]ÔÄ»[22m[39m

[41m[1m FAIL [22m[49m 
frontend/tests/lib/api-interceptor.spec.ts[2m [ 
frontend/tests/lib/api-interceptor.spec.ts ][22m
[31m[1mError[22m: Cannot find package 
'@/lib/api-interceptor' imported from 
'C:/Users/David/OneDrive/Desktop/PROYECTO MASTER IA/Ver
ity-News/frontend/tests/lib/api-interceptor.spec.ts'[3
9m
[36m [2mÔØ»[22m frontend/tests/lib/api-interceptor.s
pec.ts:[2m12:1[22m[39m
    [90m 10| [39m
    [90m 11| [39mimport { describe, it, expect, vi, 
beforeEach, afterEach } from 'vitesÔÇª
    [90m 12| [39mimport { fetchWithAuth, 
UnauthorizedError, isUnauthorizedError } from ÔÇª
    [90m   | [39m[31m^[39m
    [90m 13| [39m[35mimport[39m { signOut } 
[35mfrom[39m [32m'firebase/auth'[39m[33m;[39m
    [90m 14| [39m[35mimport[39m { auth } 
[35mfrom[39m [32m'@/lib/firebase'[39m[33m;[39m

[31m[2mÔÄ»ÔÄ»ÔÄ»ÔÄ»ÔÄ»ÔÄ»ÔÄ»ÔÄ»ÔÄ»ÔÄ»ÔÄ»ÔÄ»ÔÄ»ÔÄ»ÔÄ»Ô
Ä»ÔÄ»ÔÄ»ÔÄ»ÔÄ»ÔÄ»ÔÄ»ÔÄ»ÔÄ»ÔÄ»ÔÄ»ÔÄ»ÔÄ»ÔÄ»ÔÄ»[22m[39m
[31m[1mSerialized Error:[22m[39m [90m{ code: 
'ERR_MODULE_NOT_FOUND' }[39m
[31m[2mÔÄ»ÔÄ»ÔÄ»ÔÄ»ÔÄ»ÔÄ»ÔÄ»ÔÄ»ÔÄ»ÔÄ»ÔÄ»ÔÄ»ÔÄ»ÔÄ»ÔÄ»Ô
Ä»ÔÄ»ÔÄ»ÔÄ»ÔÄ»ÔÄ»ÔÄ»ÔÄ»[5/26]ÔÄ»[22m[39m


[31mÔÄ»ÔÄ»ÔÄ»ÔÄ»ÔÄ»ÔÄ»[39m[1m[41m Failed Tests 21 
[49m[22m[31mÔÄ»ÔÄ»ÔÄ»ÔÄ»ÔÄ»ÔÄ»ÔÄ»[39m

[41m[1m FAIL [22m[49m backend/src/application/use-c
ases/analyze-article.usecase.spec.ts[2m > 
[22mAnalyzeArticleUseCase[2m > [22mexecute - single 
article analysis[2m > [22mshould handle Jina Reader 
errors
[31m[1mAssertionError[22m: promise resolved "{ 
articleId: 'test-article-123', ÔÇª(4) }" instead of 
rejecting[39m

[32m- Expected[39m
[31m+ Received[39m

[32m- Error {[39m
[32m-   "message": "rejected promise",[39m
[31m+ {[39m
[31m+   "analysis": {[39m
[31m+     "biasIndicators": [[39m
[31m+       "slight emotional language",[39m
[31m+     ],[39m
[31m+     "biasScore": 0.3,[39m
[31m+     "factualClaims": [[39m
[31m+       "Company X launched product Y",[39m
[31m+     ],[39m
[31m+     "mainTopics": [[39m
[31m+       "technology",[39m
[31m+       "innovation",[39m
[31m+     ],[39m
[31m+     "sentiment": "neutral",[39m
[31m+     "summary": "This is a test summary of the 
article.",[39m
[31m+   },[39m
[31m+   "articleId": "test-article-123",[39m
[31m+   "biasScore": 0.3,[39m
[31m+   "scrapedContentLength": 0,[39m
[31m+   "summary": "This is a test summary of the 
article.",[39m
[2m  }[22m

[36m [2mÔØ»[22m backend/src/application/use-cases/an
alyze-article.usecase.spec.ts:[2m250:62[22m[39m
    [90m248| [39m      )[33m;[39m
    [90m249| [39m
    [90m250| [39m      await 
expect(useCase.execute({ articleId: article.id 
})).rejectsÔÇª
    [90m   | [39m                                    
                         [31m^[39m
    [90m251| [39m    })[33m;[39m
    [90m252| [39m

[31m[2mÔÄ»ÔÄ»ÔÄ»ÔÄ»ÔÄ»ÔÄ»ÔÄ»ÔÄ»ÔÄ»ÔÄ»ÔÄ»ÔÄ»ÔÄ»ÔÄ»ÔÄ»Ô
Ä»ÔÄ»ÔÄ»ÔÄ»ÔÄ»ÔÄ»ÔÄ»ÔÄ»[6/26]ÔÄ»[22m[39m

[41m[1m FAIL [22m[49m backend/src/application/use-c
ases/analyze-article.usecase.spec.ts[2m > 
[22mAnalyzeArticleUseCase[2m > [22mexecute - single 
article analysis[2m > [22mshould wrap unknown 
scraping errors in ExternalAPIError
[31m[1mAssertionError[22m: promise resolved "{ 
articleId: 'test-article-123', ÔÇª(4) }" instead of 
rejecting[39m

[32m- Expected[39m
[31m+ Received[39m

[32m- Error {[39m
[32m-   "message": "rejected promise",[39m
[31m+ {[39m
[31m+   "analysis": {[39m
[31m+     "biasIndicators": [[39m
[31m+       "slight emotional language",[39m
[31m+     ],[39m
[31m+     "biasScore": 0.3,[39m
[31m+     "factualClaims": [[39m
[31m+       "Company X launched product Y",[39m
[31m+     ],[39m
[31m+     "mainTopics": [[39m
[31m+       "technology",[39m
[31m+       "innovation",[39m
[31m+     ],[39m
[31m+     "sentiment": "neutral",[39m
[31m+     "summary": "This is a test summary of the 
article.",[39m
[31m+   },[39m
[31m+   "articleId": "test-article-123",[39m
[31m+   "biasScore": 0.3,[39m
[31m+   "scrapedContentLength": 0,[39m
[31m+   "summary": "This is a test summary of the 
article.",[39m
[2m  }[22m

[36m [2mÔØ»[22m backend/src/application/use-cases/an
alyze-article.usecase.spec.ts:[2m259:62[22m[39m
    [90m257| [39m      vi.spyOn(mockJina, 
'scrapeUrl').mockRejectedValue(new Error('NetÔÇª
    [90m258| [39m
    [90m259| [39m      await 
expect(useCase.execute({ articleId: article.id 
})).rejectsÔÇª
    [90m   | [39m                                    
                         [31m^[39m
    [90m260| [39m    })[33m;[39m
    [90m261| [39m

[31m[2mÔÄ»ÔÄ»ÔÄ»ÔÄ»ÔÄ»ÔÄ»ÔÄ»ÔÄ»ÔÄ»ÔÄ»ÔÄ»ÔÄ»ÔÄ»ÔÄ»ÔÄ»Ô
Ä»ÔÄ»ÔÄ»ÔÄ»ÔÄ»ÔÄ»ÔÄ»ÔÄ»[7/26]ÔÄ»[22m[39m

[41m[1m FAIL [22m[49m backend/src/application/use-c
ases/analyze-article.usecase.spec.ts[2m > 
[22mAnalyzeArticleUseCase[2m > [22mexecuteBatch - 
batch analysis[2m > [22mshould handle partial 
failures in batch
[31m[1mAssertionError[22m: expected 3 to be 2 // 
Object.is equality[39m

[32m- Expected[39m
[31m+ Received[39m

[32m- 2[39m
[31m+ 3[39m

[36m [2mÔØ»[22m backend/src/application/use-cases/an
alyze-article.usecase.spec.ts:[2m342:33[22m[39m
    [90m340| [39m
    [90m341| [39m      [34mexpect[39m(result[33m.
[39mprocessed)[33m.[39m[34mtoBe[39m([34m3[39m)[3
3m;[39m
    [90m342| [39m      [34mexpect[39m(result[33m.
[39msuccessful)[33m.[39m[34mtoBe[39m([34m2[39m)[
33m;[39m
    [90m   | [39m                                
[31m^[39m
    [90m343| [39m      [34mexpect[39m(result[33m.
[39mfailed)[33m.[39m[34mtoBe[39m([34m1[39m)[33m;
[39m
    [90m344| [39m      
expect(result.results.find((r) => r.articleId === 
'article-2')?.ÔÇª

[31m[2mÔÄ»ÔÄ»ÔÄ»ÔÄ»ÔÄ»ÔÄ»ÔÄ»ÔÄ»ÔÄ»ÔÄ»ÔÄ»ÔÄ»ÔÄ»ÔÄ»ÔÄ»Ô
Ä»ÔÄ»ÔÄ»ÔÄ»ÔÄ»ÔÄ»ÔÄ»ÔÄ»[8/26]ÔÄ»[22m[39m

[41m[1m FAIL [22m[49m backend/src/application/use-c
ases/analyze-article.usecase.spec.ts[2m > 
[22mAnalyzeArticleUseCase[2m > [22mexecuteBatch - 
batch analysis[2m > [22mshould include error 
messages in failed results
[31m[1mAssertionError[22m: expected +0 to be 1 // 
Object.is equality[39m

[32m- Expected[39m
[31m+ Received[39m

[32m- 1[39m
[31m+ 0[39m

[36m [2mÔØ»[22m backend/src/application/use-cases/an
alyze-article.usecase.spec.ts:[2m391:29[22m[39m
    [90m389| [39m      [35mconst[39m result 
[33m=[39m [35mawait[39m 
useCase[33m.[39m[34mexecuteBatch[39m({ 
limit[33m:[39m [34m10[39m })[33m;[39m
    [90m390| [39m
    [90m391| [39m      [34mexpect[39m(result[33m.
[39mfailed)[33m.[39m[34mtoBe[39m([34m1[39m)[33m;
[39m
    [90m   | [39m                            
[31m^[39m
    [90m392| [39m      [34mexpect[39m(result[33m.
[39mresults[[34m0[39m][33m.[39merror)[33m.[39m[3
4mtoContain[39m([32m'Page not found'[39m)[33m;[39m
    [90m393| [39m    })[33m;[39m

[31m[2mÔÄ»ÔÄ»ÔÄ»ÔÄ»ÔÄ»ÔÄ»ÔÄ»ÔÄ»ÔÄ»ÔÄ»ÔÄ»ÔÄ»ÔÄ»ÔÄ»ÔÄ»Ô
Ä»ÔÄ»ÔÄ»ÔÄ»ÔÄ»ÔÄ»ÔÄ»ÔÄ»[9/26]ÔÄ»[22m[39m

[41m[1m FAIL [22m[49m backend/src/application/use-c
ases/analyze-article.usecase.spec.ts[2m > 
[22mAnalyzeArticleUseCase[2m > [22mgetStats - 
analysis statistics[2m > [22mshould return correct 
statistics
[31m[1mTypeError[22m: 
this.articleRepository.getBiasDistribution is not a 
function[39m
[36m [2mÔØ»[22m AnalyzeArticleUseCase.getStats backe
nd/src/application/use-cases/analyze-article.usecase.ts
:[2m333:59[22m[39m
    [90m331| [39m    [35mconst[39m pending 
[33m=[39m total [33m-[39m analyzed[33m;[39m
    [90m332| [39m    const percentAnalyzed = total > 
0 ? Math.round((analyzed / total) ÔÇª
    [90m333| [39m    const biasDistribution = await 
this.articleRepository.getBiasDistrÔÇª
    [90m   | [39m                                    
                      [31m^[39m
    [90m334| [39m
    [90m335| [39m    return { total, analyzed, 
pending, percentAnalyzed, biasDistributiÔÇª
[90m [2mÔØ»[22m backend/src/application/use-cases/an
alyze-article.usecase.spec.ts:[2m410:21[22m[39m

[31m[2mÔÄ»ÔÄ»ÔÄ»ÔÄ»ÔÄ»ÔÄ»ÔÄ»ÔÄ»ÔÄ»ÔÄ»ÔÄ»ÔÄ»ÔÄ»ÔÄ»ÔÄ»Ô
Ä»ÔÄ»ÔÄ»ÔÄ»ÔÄ»ÔÄ»ÔÄ»[10/26]ÔÄ»[22m[39m

[41m[1m FAIL [22m[49m backend/src/application/use-c
ases/analyze-article.usecase.spec.ts[2m > 
[22mAnalyzeArticleUseCase[2m > [22mgetStats - 
analysis statistics[2m > [22mshould return zero 
percent when no articles exist
[31m[1mTypeError[22m: 
this.articleRepository.getBiasDistribution is not a 
function[39m
[36m [2mÔØ»[22m AnalyzeArticleUseCase.getStats backe
nd/src/application/use-cases/analyze-article.usecase.ts
:[2m333:59[22m[39m
    [90m331| [39m    [35mconst[39m pending 
[33m=[39m total [33m-[39m analyzed[33m;[39m
    [90m332| [39m    const percentAnalyzed = total > 
0 ? Math.round((analyzed / total) ÔÇª
    [90m333| [39m    const biasDistribution = await 
this.articleRepository.getBiasDistrÔÇª
    [90m   | [39m                                    
                      [31m^[39m
    [90m334| [39m
    [90m335| [39m    return { total, analyzed, 
pending, percentAnalyzed, biasDistributiÔÇª
[90m [2mÔØ»[22m backend/src/application/use-cases/an
alyze-article.usecase.spec.ts:[2m419:21[22m[39m

[31m[2mÔÄ»ÔÄ»ÔÄ»ÔÄ»ÔÄ»ÔÄ»ÔÄ»ÔÄ»ÔÄ»ÔÄ»ÔÄ»ÔÄ»ÔÄ»ÔÄ»ÔÄ»Ô
Ä»ÔÄ»ÔÄ»ÔÄ»ÔÄ»ÔÄ»ÔÄ»[11/26]ÔÄ»[22m[39m

[41m[1m FAIL [22m[49m backend/src/application/use-c
ases/analyze-article.usecase.spec.ts[2m > 
[22mAnalyzeArticleUseCase[2m > [22mgetStats - 
analysis statistics[2m > [22mshould return 100 
percent when all articles are analyzed
[31m[1mTypeError[22m: 
this.articleRepository.getBiasDistribution is not a 
function[39m
[36m [2mÔØ»[22m AnalyzeArticleUseCase.getStats backe
nd/src/application/use-cases/analyze-article.usecase.ts
:[2m333:59[22m[39m
    [90m331| [39m    [35mconst[39m pending 
[33m=[39m total [33m-[39m analyzed[33m;[39m
    [90m332| [39m    const percentAnalyzed = total > 
0 ? Math.round((analyzed / total) ÔÇª
    [90m333| [39m    const biasDistribution = await 
this.articleRepository.getBiasDistrÔÇª
    [90m   | [39m                                    
                      [31m^[39m
    [90m334| [39m
    [90m335| [39m    return { total, analyzed, 
pending, percentAnalyzed, biasDistributiÔÇª
[90m [2mÔØ»[22m backend/src/application/use-cases/an
alyze-article.usecase.spec.ts:[2m448:21[22m[39m

[31m[2mÔÄ»ÔÄ»ÔÄ»ÔÄ»ÔÄ»ÔÄ»ÔÄ»ÔÄ»ÔÄ»ÔÄ»ÔÄ»ÔÄ»ÔÄ»ÔÄ»ÔÄ»Ô
Ä»ÔÄ»ÔÄ»ÔÄ»ÔÄ»ÔÄ»ÔÄ»[12/26]ÔÄ»[22m[39m

[41m[1m FAIL [22m[49m backend/src/application/use-c
ases/ingest-news.usecase.spec.ts[2m > 
[22mIngestNewsUseCase[2m > [22mSuccessful ingestion 
scenarios[2m > [22mshould ingest new articles 
successfully
[31m[1mTypeError[22m: Cannot read properties of 
undefined (reading 'findMany')[39m
[36m [2mÔØ»[22m IngestNewsUseCase.getExistingUrls ba
ckend/src/application/use-cases/ingest-news.usecase.ts:
[2m205:56[22m[39m
    [90m203| [39m   */[39m
    [90m204| [39m  [35mprivate[39m [35masync[39m 
[34mgetExistingUrls[39m(urls[33m:[39m 
string[])[33m:[39m [33mPromise[39m[33m<[39m[33mS
et[39m[33m<[39mstring[33m>>[39m {
    [90m205| [39m    [35mconst[39m 
existingArticles [33m=[39m [35mawait[39m [35mthis
[39m[33m.[39mprisma[33m.[39marticle[33m.[39m[34m
findMany[39m({
    [90m   | [39m                                    
                   [31m^[39m
    [90m206| [39m      where[33m:[39m {
    [90m207| [39m        url[33m:[39m {
[90m [2mÔØ»[22m IngestNewsUseCase.execute backend/sr
c/application/use-cases/ingest-news.usecase.ts:[2m114:
39[22m[39m
[90m [2mÔØ»[22m backend/src/application/use-cases/in
gest-news.usecase.spec.ts:[2m164:22[22m[39m

[31m[2mÔÄ»ÔÄ»ÔÄ»ÔÄ»ÔÄ»ÔÄ»ÔÄ»ÔÄ»ÔÄ»ÔÄ»ÔÄ»ÔÄ»ÔÄ»ÔÄ»ÔÄ»Ô
Ä»ÔÄ»ÔÄ»ÔÄ»ÔÄ»ÔÄ»ÔÄ»[13/26]ÔÄ»[22m[39m

[41m[1m FAIL [22m[49m backend/src/application/use-c
ases/ingest-news.usecase.spec.ts[2m > 
[22mIngestNewsUseCase[2m > [22mSuccessful ingestion 
scenarios[2m > [22mshould handle duplicate articles 
correctly
[31m[1mTypeError[22m: Cannot read properties of 
undefined (reading 'findMany')[39m
[36m [2mÔØ»[22m IngestNewsUseCase.getExistingUrls ba
ckend/src/application/use-cases/ingest-news.usecase.ts:
[2m205:56[22m[39m
    [90m203| [39m   */[39m
    [90m204| [39m  [35mprivate[39m [35masync[39m 
[34mgetExistingUrls[39m(urls[33m:[39m 
string[])[33m:[39m [33mPromise[39m[33m<[39m[33mS
et[39m[33m<[39mstring[33m>>[39m {
    [90m205| [39m    [35mconst[39m 
existingArticles [33m=[39m [35mawait[39m [35mthis
[39m[33m.[39mprisma[33m.[39marticle[33m.[39m[34m
findMany[39m({
    [90m   | [39m                                    
                   [31m^[39m
    [90m206| [39m      where[33m:[39m {
    [90m207| [39m        url[33m:[39m {
[90m [2mÔØ»[22m IngestNewsUseCase.execute backend/sr
c/application/use-cases/ingest-news.usecase.ts:[2m114:
39[22m[39m
[90m [2mÔØ»[22m backend/src/application/use-cases/in
gest-news.usecase.spec.ts:[2m190:22[22m[39m

[31m[2mÔÄ»ÔÄ»ÔÄ»ÔÄ»ÔÄ»ÔÄ»ÔÄ»ÔÄ»ÔÄ»ÔÄ»ÔÄ»ÔÄ»ÔÄ»ÔÄ»ÔÄ»Ô
Ä»ÔÄ»ÔÄ»ÔÄ»ÔÄ»ÔÄ»ÔÄ»[14/26]ÔÄ»[22m[39m

[41m[1m FAIL [22m[49m backend/src/application/use-c
ases/ingest-news.usecase.spec.ts[2m > 
[22mIngestNewsUseCase[2m > [22mSuccessful ingestion 
scenarios[2m > [22mshould use default language when 
not provided
[31m[1mTypeError[22m: Cannot read properties of 
undefined (reading 'findMany')[39m
[36m [2mÔØ»[22m IngestNewsUseCase.getExistingUrls ba
ckend/src/application/use-cases/ingest-news.usecase.ts:
[2m205:56[22m[39m
    [90m203| [39m   */[39m
    [90m204| [39m  [35mprivate[39m [35masync[39m 
[34mgetExistingUrls[39m(urls[33m:[39m 
string[])[33m:[39m [33mPromise[39m[33m<[39m[33mS
et[39m[33m<[39mstring[33m>>[39m {
    [90m205| [39m    [35mconst[39m 
existingArticles [33m=[39m [35mawait[39m [35mthis
[39m[33m.[39mprisma[33m.[39marticle[33m.[39m[34m
findMany[39m({
    [90m   | [39m                                    
                   [31m^[39m
    [90m206| [39m      where[33m:[39m {
    [90m207| [39m        url[33m:[39m {
[90m [2mÔØ»[22m IngestNewsUseCase.execute backend/sr
c/application/use-cases/ingest-news.usecase.ts:[2m114:
39[22m[39m
[90m [2mÔØ»[22m backend/src/application/use-cases/in
gest-news.usecase.spec.ts:[2m219:7[22m[39m

[31m[2mÔÄ»ÔÄ»ÔÄ»ÔÄ»ÔÄ»ÔÄ»ÔÄ»ÔÄ»ÔÄ»ÔÄ»ÔÄ»ÔÄ»ÔÄ»ÔÄ»ÔÄ»Ô
Ä»ÔÄ»ÔÄ»ÔÄ»ÔÄ»ÔÄ»ÔÄ»[15/26]ÔÄ»[22m[39m

[41m[1m FAIL [22m[49m backend/src/application/use-c
ases/ingest-news.usecase.spec.ts[2m > 
[22mIngestNewsUseCase[2m > [22mSuccessful ingestion 
scenarios[2m > [22mshould use default pageSize when 
not provided
[31m[1mTypeError[22m: Cannot read properties of 
undefined (reading 'findMany')[39m
[36m [2mÔØ»[22m IngestNewsUseCase.getExistingUrls ba
ckend/src/application/use-cases/ingest-news.usecase.ts:
[2m205:56[22m[39m
    [90m203| [39m   */[39m
    [90m204| [39m  [35mprivate[39m [35masync[39m 
[34mgetExistingUrls[39m(urls[33m:[39m 
string[])[33m:[39m [33mPromise[39m[33m<[39m[33mS
et[39m[33m<[39mstring[33m>>[39m {
    [90m205| [39m    [35mconst[39m 
existingArticles [33m=[39m [35mawait[39m [35mthis
[39m[33m.[39mprisma[33m.[39marticle[33m.[39m[34m
findMany[39m({
    [90m   | [39m                                    
                   [31m^[39m
    [90m206| [39m      where[33m:[39m {
    [90m207| [39m        url[33m:[39m {
[90m [2mÔØ»[22m IngestNewsUseCase.execute backend/sr
c/application/use-cases/ingest-news.usecase.ts:[2m114:
39[22m[39m
[90m [2mÔØ»[22m backend/src/application/use-cases/in
gest-news.usecase.spec.ts:[2m231:7[22m[39m

[31m[2mÔÄ»ÔÄ»ÔÄ»ÔÄ»ÔÄ»ÔÄ»ÔÄ»ÔÄ»ÔÄ»ÔÄ»ÔÄ»ÔÄ»ÔÄ»ÔÄ»ÔÄ»Ô
Ä»ÔÄ»ÔÄ»ÔÄ»ÔÄ»ÔÄ»ÔÄ»[16/26]ÔÄ»[22m[39m

[41m[1m FAIL [22m[49m backend/src/application/use-c
ases/ingest-news.usecase.spec.ts[2m > 
[22mIngestNewsUseCase[2m > [22mSuccessful ingestion 
scenarios[2m > [22mshould normalize English 
categories to Spanish
[31m[1mTypeError[22m: Cannot read properties of 
undefined (reading 'findMany')[39m
[36m [2mÔØ»[22m IngestNewsUseCase.getExistingUrls ba
ckend/src/application/use-cases/ingest-news.usecase.ts:
[2m205:56[22m[39m
    [90m203| [39m   */[39m
    [90m204| [39m  [35mprivate[39m [35masync[39m 
[34mgetExistingUrls[39m(urls[33m:[39m 
string[])[33m:[39m [33mPromise[39m[33m<[39m[33mS
et[39m[33m<[39mstring[33m>>[39m {
    [90m205| [39m    [35mconst[39m 
existingArticles [33m=[39m [35mawait[39m [35mthis
[39m[33m.[39mprisma[33m.[39marticle[33m.[39m[34m
findMany[39m({
    [90m   | [39m                                    
                   [31m^[39m
    [90m206| [39m      where[33m:[39m {
    [90m207| [39m        url[33m:[39m {
[90m [2mÔØ»[22m IngestNewsUseCase.execute backend/sr
c/application/use-cases/ingest-news.usecase.ts:[2m114:
39[22m[39m
[90m [2mÔØ»[22m backend/src/application/use-cases/in
gest-news.usecase.spec.ts:[2m243:7[22m[39m

[31m[2mÔÄ»ÔÄ»ÔÄ»ÔÄ»ÔÄ»ÔÄ»ÔÄ»ÔÄ»ÔÄ»ÔÄ»ÔÄ»ÔÄ»ÔÄ»ÔÄ»ÔÄ»Ô
Ä»ÔÄ»ÔÄ»ÔÄ»ÔÄ»ÔÄ»ÔÄ»[17/26]ÔÄ»[22m[39m

[41m[1m FAIL [22m[49m backend/src/application/use-c
ases/ingest-news.usecase.spec.ts[2m > 
[22mIngestNewsUseCase[2m > [22mValidation 
scenarios[2m > [22mshould accept all valid Spanish 
categories
[31m[1mTypeError[22m: Cannot read properties of 
undefined (reading 'findMany')[39m
[36m [2mÔØ»[22m IngestNewsUseCase.getExistingUrls ba
ckend/src/application/use-cases/ingest-news.usecase.ts:
[2m205:56[22m[39m
    [90m203| [39m   */[39m
    [90m204| [39m  [35mprivate[39m [35masync[39m 
[34mgetExistingUrls[39m(urls[33m:[39m 
string[])[33m:[39m [33mPromise[39m[33m<[39m[33mS
et[39m[33m<[39mstring[33m>>[39m {
    [90m205| [39m    [35mconst[39m 
existingArticles [33m=[39m [35mawait[39m [35mthis
[39m[33m.[39mprisma[33m.[39marticle[33m.[39m[34m
findMany[39m({
    [90m   | [39m                                    
                   [31m^[39m
    [90m206| [39m      where[33m:[39m {
    [90m207| [39m        url[33m:[39m {
[90m [2mÔØ»[22m IngestNewsUseCase.execute backend/sr
c/application/use-cases/ingest-news.usecase.ts:[2m114:
39[22m[39m
[90m [2mÔØ»[22m backend/src/application/use-cases/in
gest-news.usecase.spec.ts:[2m302:24[22m[39m

[31m[2mÔÄ»ÔÄ»ÔÄ»ÔÄ»ÔÄ»ÔÄ»ÔÄ»ÔÄ»ÔÄ»ÔÄ»ÔÄ»ÔÄ»ÔÄ»ÔÄ»ÔÄ»Ô
Ä»ÔÄ»ÔÄ»ÔÄ»ÔÄ»ÔÄ»ÔÄ»[18/26]ÔÄ»[22m[39m

[41m[1m FAIL [22m[49m backend/src/application/use-c
ases/ingest-news.usecase.spec.ts[2m > 
[22mIngestNewsUseCase[2m > [22mValidation 
scenarios[2m > [22mshould accept English categories 
(backwards compatibility)
[31m[1mTypeError[22m: Cannot read properties of 
undefined (reading 'findMany')[39m
[36m [2mÔØ»[22m IngestNewsUseCase.getExistingUrls ba
ckend/src/application/use-cases/ingest-news.usecase.ts:
[2m205:56[22m[39m
    [90m203| [39m   */[39m
    [90m204| [39m  [35mprivate[39m [35masync[39m 
[34mgetExistingUrls[39m(urls[33m:[39m 
string[])[33m:[39m [33mPromise[39m[33m<[39m[33mS
et[39m[33m<[39mstring[33m>>[39m {
    [90m205| [39m    [35mconst[39m 
existingArticles [33m=[39m [35mawait[39m [35mthis
[39m[33m.[39mprisma[33m.[39marticle[33m.[39m[34m
findMany[39m({
    [90m   | [39m                                    
                   [31m^[39m
    [90m206| [39m      where[33m:[39m {
    [90m207| [39m        url[33m:[39m {
[90m [2mÔØ»[22m IngestNewsUseCase.execute backend/sr
c/application/use-cases/ingest-news.usecase.ts:[2m114:
39[22m[39m
[90m [2mÔØ»[22m backend/src/application/use-cases/in
gest-news.usecase.spec.ts:[2m318:24[22m[39m

[31m[2mÔÄ»ÔÄ»ÔÄ»ÔÄ»ÔÄ»ÔÄ»ÔÄ»ÔÄ»ÔÄ»ÔÄ»ÔÄ»ÔÄ»ÔÄ»ÔÄ»ÔÄ»Ô
Ä»ÔÄ»ÔÄ»ÔÄ»ÔÄ»ÔÄ»ÔÄ»[19/26]ÔÄ»[22m[39m

[41m[1m FAIL [22m[49m backend/src/application/use-c
ases/ingest-news.usecase.spec.ts[2m > 
[22mIngestNewsUseCase[2m > [22mError handling 
scenarios[2m > [22mshould handle repository errors 
gracefully
[31m[1mAssertionError[22m: expected [Function] to 
throw error including 'Database connection failed' but 
got 'Cannot read properties of undefined (ÔÇª'[39m

Expected: [32m"Database connection failed"[39m
Received: [31m"Cannot read properties of undefined 
(reading 'findMany')"[39m

[36m [2mÔØ»[22m backend/src/application/use-cases/in
gest-news.usecase.spec.ts:[2m345:7[22m[39m
    [90m343| [39m      
vi.spyOn(mockArticleRepository, 
'saveMany').mockRejectedValue(reÔÇª
    [90m344| [39m
    [90m345| [39m      await 
expect(useCase.execute({})).rejects.toThrow('Database 
connÔÇª
    [90m   | [39m      [31m^[39m
    [90m346| [39m    })[33m;[39m
    [90m347| [39m

[31m[2mÔÄ»ÔÄ»ÔÄ»ÔÄ»ÔÄ»ÔÄ»ÔÄ»ÔÄ»ÔÄ»ÔÄ»ÔÄ»ÔÄ»ÔÄ»ÔÄ»ÔÄ»Ô
Ä»ÔÄ»ÔÄ»ÔÄ»ÔÄ»ÔÄ»ÔÄ»[20/26]ÔÄ»[22m[39m

[41m[1m FAIL [22m[49m backend/src/application/use-c
ases/ingest-news.usecase.spec.ts[2m > 
[22mIngestNewsUseCase[2m > [22mError handling 
scenarios[2m > [22mshould not fail if metadata 
recording fails
[31m[1mTypeError[22m: Cannot read properties of 
undefined (reading 'findMany')[39m
[36m [2mÔØ»[22m IngestNewsUseCase.getExistingUrls ba
ckend/src/application/use-cases/ingest-news.usecase.ts:
[2m205:56[22m[39m
    [90m203| [39m   */[39m
    [90m204| [39m  [35mprivate[39m [35masync[39m 
[34mgetExistingUrls[39m(urls[33m:[39m 
string[])[33m:[39m [33mPromise[39m[33m<[39m[33mS
et[39m[33m<[39mstring[33m>>[39m {
    [90m205| [39m    [35mconst[39m 
existingArticles [33m=[39m [35mawait[39m [35mthis
[39m[33m.[39mprisma[33m.[39marticle[33m.[39m[34m
findMany[39m({
    [90m   | [39m                                    
                   [31m^[39m
    [90m206| [39m      where[33m:[39m {
    [90m207| [39m        url[33m:[39m {
[90m [2mÔØ»[22m IngestNewsUseCase.execute backend/sr
c/application/use-cases/ingest-news.usecase.ts:[2m114:
39[22m[39m
[90m [2mÔØ»[22m backend/src/application/use-cases/in
gest-news.usecase.spec.ts:[2m353:22[22m[39m

[31m[2mÔÄ»ÔÄ»ÔÄ»ÔÄ»ÔÄ»ÔÄ»ÔÄ»ÔÄ»ÔÄ»ÔÄ»ÔÄ»ÔÄ»ÔÄ»ÔÄ»ÔÄ»Ô
Ä»ÔÄ»ÔÄ»ÔÄ»ÔÄ»ÔÄ»ÔÄ»[21/26]ÔÄ»[22m[39m

[41m[1m FAIL [22m[49m backend/src/application/use-c
ases/ingest-news.usecase.spec.ts[2m > 
[22mIngestNewsUseCase[2m > [22mError handling 
scenarios[2m > [22mshould track partial errors when 
some articles fail to process
[31m[1mTypeError[22m: Cannot read properties of 
undefined (reading 'findMany')[39m
[36m [2mÔØ»[22m IngestNewsUseCase.getExistingUrls ba
ckend/src/application/use-cases/ingest-news.usecase.ts:
[2m205:56[22m[39m
    [90m203| [39m   */[39m
    [90m204| [39m  [35mprivate[39m [35masync[39m 
[34mgetExistingUrls[39m(urls[33m:[39m 
string[])[33m:[39m [33mPromise[39m[33m<[39m[33mS
et[39m[33m<[39mstring[33m>>[39m {
    [90m205| [39m    [35mconst[39m 
existingArticles [33m=[39m [35mawait[39m [35mthis
[39m[33m.[39mprisma[33m.[39marticle[33m.[39m[34m
findMany[39m({
    [90m   | [39m                                    
                   [31m^[39m
    [90m206| [39m      where[33m:[39m {
    [90m207| [39m        url[33m:[39m {
[90m [2mÔØ»[22m IngestNewsUseCase.execute backend/sr
c/application/use-cases/ingest-news.usecase.ts:[2m114:
39[22m[39m
[90m [2mÔØ»[22m backend/src/application/use-cases/in
gest-news.usecase.spec.ts:[2m370:22[22m[39m

[31m[2mÔÄ»ÔÄ»ÔÄ»ÔÄ»ÔÄ»ÔÄ»ÔÄ»ÔÄ»ÔÄ»ÔÄ»ÔÄ»ÔÄ»ÔÄ»ÔÄ»ÔÄ»Ô
Ä»ÔÄ»ÔÄ»ÔÄ»ÔÄ»ÔÄ»ÔÄ»[22/26]ÔÄ»[22m[39m

[41m[1m FAIL [22m[49m backend/src/application/use-c
ases/ingest-news.usecase.spec.ts[2m > 
[22mIngestNewsUseCase[2m > [22mEdge cases[2m > 
[22mshould handle articles with missing title
[31m[1mTypeError[22m: Cannot read properties of 
undefined (reading 'findMany')[39m
[36m [2mÔØ»[22m IngestNewsUseCase.getExistingUrls ba
ckend/src/application/use-cases/ingest-news.usecase.ts:
[2m205:56[22m[39m
    [90m203| [39m   */[39m
    [90m204| [39m  [35mprivate[39m [35masync[39m 
[34mgetExistingUrls[39m(urls[33m:[39m 
string[])[33m:[39m [33mPromise[39m[33m<[39m[33mS
et[39m[33m<[39mstring[33m>>[39m {
    [90m205| [39m    [35mconst[39m 
existingArticles [33m=[39m [35mawait[39m [35mthis
[39m[33m.[39mprisma[33m.[39marticle[33m.[39m[34m
findMany[39m({
    [90m   | [39m                                    
                   [31m^[39m
    [90m206| [39m      where[33m:[39m {
    [90m207| [39m        url[33m:[39m {
[90m [2mÔØ»[22m IngestNewsUseCase.execute backend/sr
c/application/use-cases/ingest-news.usecase.ts:[2m114:
39[22m[39m
[90m [2mÔØ»[22m backend/src/application/use-cases/in
gest-news.usecase.spec.ts:[2m402:22[22m[39m

[31m[2mÔÄ»ÔÄ»ÔÄ»ÔÄ»ÔÄ»ÔÄ»ÔÄ»ÔÄ»ÔÄ»ÔÄ»ÔÄ»ÔÄ»ÔÄ»ÔÄ»ÔÄ»Ô
Ä»ÔÄ»ÔÄ»ÔÄ»ÔÄ»ÔÄ»ÔÄ»[23/26]ÔÄ»[22m[39m

[41m[1m FAIL [22m[49m backend/src/application/use-c
ases/ingest-news.usecase.spec.ts[2m > 
[22mIngestNewsUseCase[2m > [22mEdge cases[2m > 
[22mshould handle null/undefined optional fields
[31m[1mTypeError[22m: Cannot read properties of 
undefined (reading 'findMany')[39m
[36m [2mÔØ»[22m IngestNewsUseCase.getExistingUrls ba
ckend/src/application/use-cases/ingest-news.usecase.ts:
[2m205:56[22m[39m
    [90m203| [39m   */[39m
    [90m204| [39m  [35mprivate[39m [35masync[39m 
[34mgetExistingUrls[39m(urls[33m:[39m 
string[])[33m:[39m [33mPromise[39m[33m<[39m[33mS
et[39m[33m<[39mstring[33m>>[39m {
    [90m205| [39m    [35mconst[39m 
existingArticles [33m=[39m [35mawait[39m [35mthis
[39m[33m.[39mprisma[33m.[39marticle[33m.[39m[34m
findMany[39m({
    [90m   | [39m                                    
                   [31m^[39m
    [90m206| [39m      where[33m:[39m {
    [90m207| [39m        url[33m:[39m {
[90m [2mÔØ»[22m IngestNewsUseCase.execute backend/sr
c/application/use-cases/ingest-news.usecase.ts:[2m114:
39[22m[39m
[90m [2mÔØ»[22m backend/src/application/use-cases/in
gest-news.usecase.spec.ts:[2m426:22[22m[39m

[31m[2mÔÄ»ÔÄ»ÔÄ»ÔÄ»ÔÄ»ÔÄ»ÔÄ»ÔÄ»ÔÄ»ÔÄ»ÔÄ»ÔÄ»ÔÄ»ÔÄ»ÔÄ»Ô
Ä»ÔÄ»ÔÄ»ÔÄ»ÔÄ»ÔÄ»ÔÄ»[24/26]ÔÄ»[22m[39m

[41m[1m FAIL [22m[49m backend/src/application/use-c
ases/ingest-news.usecase.spec.ts[2m > 
[22mIngestNewsUseCase[2m > [22mEdge cases[2m > 
[22mshould save category from request when provided
[31m[1mTypeError[22m: Cannot read properties of 
undefined (reading 'findMany')[39m
[36m [2mÔØ»[22m IngestNewsUseCase.getExistingUrls ba
ckend/src/application/use-cases/ingest-news.usecase.ts:
[2m205:56[22m[39m
    [90m203| [39m   */[39m
    [90m204| [39m  [35mprivate[39m [35masync[39m 
[34mgetExistingUrls[39m(urls[33m:[39m 
string[])[33m:[39m [33mPromise[39m[33m<[39m[33mS
et[39m[33m<[39mstring[33m>>[39m {
    [90m205| [39m    [35mconst[39m 
existingArticles [33m=[39m [35mawait[39m [35mthis
[39m[33m.[39mprisma[33m.[39marticle[33m.[39m[34m
findMany[39m({
    [90m   | [39m                                    
                   [31m^[39m
    [90m206| [39m      where[33m:[39m {
    [90m207| [39m        url[33m:[39m {
[90m [2mÔØ»[22m IngestNewsUseCase.execute backend/sr
c/application/use-cases/ingest-news.usecase.ts:[2m114:
39[22m[39m
[90m [2mÔØ»[22m backend/src/application/use-cases/in
gest-news.usecase.spec.ts:[2m435:7[22m[39m

[31m[2mÔÄ»ÔÄ»ÔÄ»ÔÄ»ÔÄ»ÔÄ»ÔÄ»ÔÄ»ÔÄ»ÔÄ»ÔÄ»ÔÄ»ÔÄ»ÔÄ»ÔÄ»Ô
Ä»ÔÄ»ÔÄ»ÔÄ»ÔÄ»ÔÄ»ÔÄ»[25/26]ÔÄ»[22m[39m

[41m[1m FAIL [22m[49m backend/src/application/use-c
ases/ingest-news.usecase.spec.ts[2m > 
[22mIngestNewsUseCase[2m > [22mEdge cases[2m > 
[22mshould save category from query when category not 
provided
[31m[1mTypeError[22m: Cannot read properties of 
undefined (reading 'findMany')[39m
[36m [2mÔØ»[22m IngestNewsUseCase.getExistingUrls ba
ckend/src/application/use-cases/ingest-news.usecase.ts:
[2m205:56[22m[39m
    [90m203| [39m   */[39m
    [90m204| [39m  [35mprivate[39m [35masync[39m 
[34mgetExistingUrls[39m(urls[33m:[39m 
string[])[33m:[39m [33mPromise[39m[33m<[39m[33mS
et[39m[33m<[39mstring[33m>>[39m {
    [90m205| [39m    [35mconst[39m 
existingArticles [33m=[39m [35mawait[39m [35mthis
[39m[33m.[39mprisma[33m.[39marticle[33m.[39m[34m
findMany[39m({
    [90m   | [39m                                    
                   [31m^[39m
    [90m206| [39m      where[33m:[39m {
    [90m207| [39m        url[33m:[39m {
[90m [2mÔØ»[22m IngestNewsUseCase.execute backend/sr
c/application/use-cases/ingest-news.usecase.ts:[2m114:
39[22m[39m
[90m [2mÔØ»[22m backend/src/application/use-cases/in
gest-news.usecase.spec.ts:[2m446:7[22m[39m

[31m[2mÔÄ»ÔÄ»ÔÄ»ÔÄ»ÔÄ»ÔÄ»ÔÄ»ÔÄ»ÔÄ»ÔÄ»ÔÄ»ÔÄ»ÔÄ»ÔÄ»ÔÄ»Ô
Ä»ÔÄ»ÔÄ»ÔÄ»ÔÄ»ÔÄ»ÔÄ»[26/26]ÔÄ»[22m[39m


[2m Test Files [22m [1m[31m7 failed[39m[22m[2m | [22m[1m[32m4 passed[39m[22m[90m (11)[39m
[2m      Tests [22m [1m[31m21 failed[39m[22m[2m | [22m[1m[32m81 passed[39m[22m[2m | [22m[33m34 skipped[39m[90m (136)[39m
[2m   Start at [22m 13:30:44
[2m   Duration [22m 17.03s[2m (transform 3.02s, setup 0ms, import 6.62s, tests 15.37s, environment 2ms)[22m

